  姝ｅ湪纭畾瑕佽繕鍘熺殑椤圭洰鈥?
  鎵€鏈夐」鐩潎鏄渶鏂扮殑锛屾棤娉曡繕鍘熴€?
G:\IoTPlatform\DTOs\Requests\CreateArchiveRequest.cs(19,19): warning CS8618: 鍦ㄩ€€鍑烘瀯閫犲嚱鏁版椂锛屼笉鍙负 null 鐨?灞炴€?"Type" 蹇呴』鍖呭惈闈?null 鍊笺€傝鑰冭檻娣诲姞 "required" 淇グ绗︽垨灏嗚 灞炴€?澹版槑涓哄彲涓?null銆?[G:\IoTPlatform\IoTPlatform.csproj]
G:\IoTPlatform\Infrastructure\JWT\JwtHelper.cs(58,48): warning CS8604: 鈥淐laim.Claim(string type, string value)鈥濅腑鐨勫舰鍙傗€渧alue鈥濆彲鑳戒紶鍏?null 寮曠敤瀹炲弬銆?[G:\IoTPlatform\IoTPlatform.csproj]
G:\IoTPlatform\Services\AlertService.cs(116,17): warning CS0219: 鍙橀噺鈥渙peratorName鈥濆凡琚祴鍊硷紝浣嗕粠鏈娇鐢ㄨ繃瀹冪殑鍊?[G:\IoTPlatform\IoTPlatform.csproj]
G:\IoTPlatform\Services\WorkOrderService.cs(37,42): error CS1061: 鈥淚WorkOrderRepository鈥濇湭鍖呭惈鈥淨uery鈥濈殑瀹氫箟锛屽苟涓旀壘涓嶅埌鍙帴鍙楃涓€涓€淚WorkOrderRepository鈥濈被鍨嬪弬鏁扮殑鍙闂墿灞曟柟娉曗€淨uery鈥?鏄惁缂哄皯 using 鎸囦护鎴栫▼搴忛泦寮曠敤?) [G:\IoTPlatform\IoTPlatform.csproj]
G:\IoTPlatform\DTOs\Profiles\MappingProfile.cs(48,23): error CS0854: 琛ㄨ揪寮忔爲鍙兘涓嶅寘鍚娇鐢ㄥ彲閫夊弬鏁扮殑璋冪敤 [G:\IoTPlatform\IoTPlatform.csproj]
G:\IoTPlatform\DTOs\Profiles\MappingProfile.cs(60,23): error CS0854: 琛ㄨ揪寮忔爲鍙兘涓嶅寘鍚娇鐢ㄥ彲閫夊弬鏁扮殑璋冪敤 [G:\IoTPlatform\IoTPlatform.csproj]
G:\IoTPlatform\Data\AppDbContext.cs(205,36): error CS1061: 鈥淎lertProcessLog鈥濇湭鍖呭惈鈥淎lertRecordId鈥濈殑瀹氫箟锛屽苟涓旀壘涓嶅埌鍙帴鍙楃涓€涓€淎lertProcessLog鈥濈被鍨嬪弬鏁扮殑鍙闂墿灞曟柟娉曗€淎lertRecordId鈥?鏄惁缂哄皯 using 鎸囦护鎴栫▼搴忛泦寮曠敤?) [G:\IoTPlatform\IoTPlatform.csproj]
G:\IoTPlatform\Data\AppDbContext.cs(206,36): error CS1061: 鈥淎lertProcessLog鈥濇湭鍖呭惈鈥淧rocessedBy鈥濈殑瀹氫箟锛屽苟涓旀壘涓嶅埌鍙帴鍙楃涓€涓€淎lertProcessLog鈥濈被鍨嬪弬鏁扮殑鍙闂墿灞曟柟娉曗€淧rocessedBy鈥?鏄惁缂哄皯 using 鎸囦护鎴栫▼搴忛泦寮曠敤?) [G:\IoTPlatform\IoTPlatform.csproj]
G:\IoTPlatform\Data\AppDbContext.cs(208,34): error CS1061: 鈥淎lertProcessLog鈥濇湭鍖呭惈鈥淎lertRecord鈥濈殑瀹氫箟锛屽苟涓旀壘涓嶅埌鍙帴鍙楃涓€涓€淎lertProcessLog鈥濈被鍨嬪弬鏁扮殑鍙闂墿灞曟柟娉曗€淎lertRecord鈥?鏄惁缂哄皯 using 鎸囦护鎴栫▼搴忛泦寮曠敤?) [G:\IoTPlatform\IoTPlatform.csproj]
G:\IoTPlatform\Data\Repositories\Implementations\AlertRecordRepository.cs(23,31): warning CS8602: 瑙ｅ紩鐢ㄥ彲鑳藉嚭鐜扮┖寮曠敤銆?[G:\IoTPlatform\IoTPlatform.csproj]
G:\IoTPlatform\Services\WorkOrderService.cs(113,42): error CS1061: 鈥淚WorkOrderRepository鈥濇湭鍖呭惈鈥淨uery鈥濈殑瀹氫箟锛屽苟涓旀壘涓嶅埌鍙帴鍙楃涓€涓€淚WorkOrderRepository鈥濈被鍨嬪弬鏁扮殑鍙闂墿灞曟柟娉曗€淨uery鈥?鏄惁缂哄皯 using 鎸囦护鎴栫▼搴忛泦寮曠敤?) [G:\IoTPlatform\IoTPlatform.csproj]
G:\IoTPlatform\Data\AppDbContext.cs(265,36): error CS1061: 鈥淎rchive鈥濇湭鍖呭惈鈥淧rojectId鈥濈殑瀹氫箟锛屽苟涓旀壘涓嶅埌鍙帴鍙楃涓€涓€淎rchive鈥濈被鍨嬪弬鏁扮殑鍙闂墿灞曟柟娉曗€淧rojectId鈥?鏄惁缂哄皯 using 鎸囦护鎴栫▼搴忛泦寮曠敤?) [G:\IoTPlatform\IoTPlatform.csproj]
G:\IoTPlatform\Services\WorkOrderService.cs(175,25): error CS1061: 鈥淐reateWorkOrderRequest鈥濇湭鍖呭惈鈥淒eviceName鈥濈殑瀹氫箟锛屽苟涓旀壘涓嶅埌鍙帴鍙楃涓€涓€淐reateWorkOrderRequest鈥濈被鍨嬪弬鏁扮殑鍙闂墿灞曟柟娉曗€淒eviceName鈥?鏄惁缂哄皯 using 鎸囦护鎴栫▼搴忛泦寮曠敤?) [G:\IoTPlatform\IoTPlatform.csproj]
G:\IoTPlatform\Services\WorkOrderService.cs(176,25): error CS1061: 鈥淐reateWorkOrderRequest鈥濇湭鍖呭惈鈥淒eviceCode鈥濈殑瀹氫箟锛屽苟涓旀壘涓嶅埌鍙帴鍙楃涓€涓€淐reateWorkOrderRequest鈥濈被鍨嬪弬鏁扮殑鍙闂墿灞曟柟娉曗€淒eviceCode鈥?鏄惁缂哄皯 using 鎸囦护鎴栫▼搴忛泦寮曠敤?) [G:\IoTPlatform\IoTPlatform.csproj]
G:\IoTPlatform\Services\WorkOrderService.cs(188,25): error CS1061: 鈥淐reateWorkOrderRequest鈥濇湭鍖呭惈鈥淎reaName鈥濈殑瀹氫箟锛屽苟涓旀壘涓嶅埌鍙帴鍙楃涓€涓€淐reateWorkOrderRequest鈥濈被鍨嬪弬鏁扮殑鍙闂墿灞曟柟娉曗€淎reaName鈥?鏄惁缂哄皯 using 鎸囦护鎴栫▼搴忛泦寮曠敤?) [G:\IoTPlatform\IoTPlatform.csproj]
G:\IoTPlatform\Services\WorkOrderService.cs(202,34): error CS1061: 鈥淐reateWorkOrderRequest鈥濇湭鍖呭惈鈥淒eviceName鈥濈殑瀹氫箟锛屽苟涓旀壘涓嶅埌鍙帴鍙楃涓€涓€淐reateWorkOrderRequest鈥濈被鍨嬪弬鏁扮殑鍙闂墿灞曟柟娉曗€淒eviceName鈥?鏄惁缂哄皯 using 鎸囦护鎴栫▼搴忛泦寮曠敤?) [G:\IoTPlatform\IoTPlatform.csproj]
G:\IoTPlatform\Services\WorkOrderService.cs(203,34): error CS1061: 鈥淐reateWorkOrderRequest鈥濇湭鍖呭惈鈥淒eviceCode鈥濈殑瀹氫箟锛屽苟涓旀壘涓嶅埌鍙帴鍙楃涓€涓€淐reateWorkOrderRequest鈥濈被鍨嬪弬鏁扮殑鍙闂墿灞曟柟娉曗€淒eviceCode鈥?鏄惁缂哄皯 using 鎸囦护鎴栫▼搴忛泦寮曠敤?) [G:\IoTPlatform\IoTPlatform.csproj]
G:\IoTPlatform\Services\WorkOrderService.cs(204,32): error CS1061: 鈥淐reateWorkOrderRequest鈥濇湭鍖呭惈鈥淎reaName鈥濈殑瀹氫箟锛屽苟涓旀壘涓嶅埌鍙帴鍙楃涓€涓€淐reateWorkOrderRequest鈥濈被鍨嬪弬鏁扮殑鍙闂墿灞曟柟娉曗€淎reaName鈥?鏄惁缂哄皯 using 鎸囦护鎴栫▼搴忛泦寮曠敤?) [G:\IoTPlatform\IoTPlatform.csproj]
G:\IoTPlatform\Services\WorkOrderService.cs(226,30): error CS7036: 鏈彁渚涗笌鈥淚WorkOrderRepository.AddLogAsync(long, string, string, string?)鈥濈殑鎵€闇€鍙傛暟鈥渙peratorName鈥濆搴旂殑鍙傛暟 [G:\IoTPlatform\IoTPlatform.csproj]
G:\IoTPlatform\Data\Repositories\Implementations\AreaRepository.cs(49,26): error CS1061: 鈥渓ong鈥濇湭鍖呭惈鈥淗asValue鈥濈殑瀹氫箟锛屽苟涓旀壘涓嶅埌鍙帴鍙楃涓€涓€渓ong鈥濈被鍨嬪弬鏁扮殑鍙闂墿灞曟柟娉曗€淗asValue鈥?鏄惁缂哄皯 using 鎸囦护鎴栫▼搴忛泦寮曠敤?) [G:\IoTPlatform\IoTPlatform.csproj]
G:\IoTPlatform\Data\Repositories\Implementations\AreaRepository.cs(52,79): error CS1061: 鈥渓ong鈥濇湭鍖呭惈鈥淰alue鈥濈殑瀹氫箟锛屽苟涓旀壘涓嶅埌鍙帴鍙楃涓€涓€渓ong鈥濈被鍨嬪弬鏁扮殑鍙闂墿灞曟柟娉曗€淰alue鈥?鏄惁缂哄皯 using 鎸囦护鎴栫▼搴忛泦寮曠敤?) [G:\IoTPlatform\IoTPlatform.csproj]
G:\IoTPlatform\Services\WorkOrderService.cs(333,30): error CS7036: 鏈彁渚涗笌鈥淚WorkOrderRepository.AddLogAsync(long, string, string, string?)鈥濈殑鎵€闇€鍙傛暟鈥渙peratorName鈥濆搴旂殑鍙傛暟 [G:\IoTPlatform\IoTPlatform.csproj]
G:\IoTPlatform\Controllers\SettingsController.cs(155,20): error CS0266: 鏃犳硶灏嗙被鍨嬧€淚oTPlatform.Helpers.ApiResponse<object>鈥濋殣寮忚浆鎹负鈥淢icrosoft.AspNetCore.Mvc.ActionResult<IoTPlatform.Helpers.ApiResponse>鈥濄€傚瓨鍦ㄤ竴涓樉寮忚浆鎹?鏄惁缂哄皯寮哄埗杞崲?) [G:\IoTPlatform\IoTPlatform.csproj]
G:\IoTPlatform\Controllers\SettingsController.cs(159,20): error CS0266: 鏃犳硶灏嗙被鍨嬧€淚oTPlatform.Helpers.ApiResponse<object>鈥濋殣寮忚浆鎹负鈥淢icrosoft.AspNetCore.Mvc.ActionResult<IoTPlatform.Helpers.ApiResponse>鈥濄€傚瓨鍦ㄤ竴涓樉寮忚浆鎹?鏄惁缂哄皯寮哄埗杞崲?) [G:\IoTPlatform\IoTPlatform.csproj]
G:\IoTPlatform\Controllers\SettingsController.cs(163,20): error CS0266: 鏃犳硶灏嗙被鍨嬧€淚oTPlatform.Helpers.ApiResponse<object>鈥濋殣寮忚浆鎹负鈥淢icrosoft.AspNetCore.Mvc.ActionResult<IoTPlatform.Helpers.ApiResponse>鈥濄€傚瓨鍦ㄤ竴涓樉寮忚浆鎹?鏄惁缂哄皯寮哄埗杞崲?) [G:\IoTPlatform\IoTPlatform.csproj]
G:\IoTPlatform\Services\WorkOrderService.cs(364,30): error CS7036: 鏈彁渚涗笌鈥淚WorkOrderRepository.AddLogAsync(long, string, string, string?)鈥濈殑鎵€闇€鍙傛暟鈥渙peratorName鈥濆搴旂殑鍙傛暟 [G:\IoTPlatform\IoTPlatform.csproj]
G:\IoTPlatform\Services\WorkOrderService.cs(397,30): error CS7036: 鏈彁渚涗笌鈥淚WorkOrderRepository.AddLogAsync(long, string, string, string?)鈥濈殑鎵€闇€鍙傛暟鈥渙peratorName鈥濆搴旂殑鍙傛暟 [G:\IoTPlatform\IoTPlatform.csproj]
G:\IoTPlatform\Services\WorkOrderService.cs(434,30): error CS7036: 鏈彁渚涗笌鈥淚WorkOrderRepository.AddLogAsync(long, string, string, string?)鈥濈殑鎵€闇€鍙傛暟鈥渙peratorName鈥濆搴旂殑鍙傛暟 [G:\IoTPlatform\IoTPlatform.csproj]
G:\IoTPlatform\Data\AppDbContext.cs(302,36): error CS1061: 鈥淧rotocolConfig鈥濇湭鍖呭惈鈥淧rotocolType鈥濈殑瀹氫箟锛屽苟涓旀壘涓嶅埌鍙帴鍙楃涓€涓€淧rotocolConfig鈥濈被鍨嬪弬鏁扮殑鍙闂墿灞曟柟娉曗€淧rotocolType鈥?鏄惁缂哄皯 using 鎸囦护鎴栫▼搴忛泦寮曠敤?) [G:\IoTPlatform\IoTPlatform.csproj]
G:\IoTPlatform\Data\AppDbContext.cs(303,36): error CS1061: 鈥淧rotocolConfig鈥濇湭鍖呭惈鈥淚sActive鈥濈殑瀹氫箟锛屽苟涓旀壘涓嶅埌鍙帴鍙楃涓€涓€淧rotocolConfig鈥濈被鍨嬪弬鏁扮殑鍙闂墿灞曟柟娉曗€淚sActive鈥?鏄惁缂哄皯 using 鎸囦护鎴栫▼搴忛泦寮曠敤?) [G:\IoTPlatform\IoTPlatform.csproj]
G:\IoTPlatform\Services\AreaService.cs(47,38): error CS1061: 鈥淚Queryable<Area>鈥濇湭鍖呭惈鈥淐ountAsync鈥濈殑瀹氫箟锛屽苟涓旀壘涓嶅埌鍙帴鍙楃涓€涓€淚Queryable<Area>鈥濈被鍨嬪弬鏁扮殑鍙闂墿灞曟柟娉曗€淐ountAsync鈥?鏄惁缂哄皯 using 鎸囦护鎴栫▼搴忛泦寮曠敤?) [G:\IoTPlatform\IoTPlatform.csproj]
G:\IoTPlatform\Services\AreaService.cs(53,14): error CS1061: 鈥淚Queryable<Area>鈥濇湭鍖呭惈鈥淭oListAsync鈥濈殑瀹氫箟锛屽苟涓旀壘涓嶅埌鍙帴鍙楃涓€涓€淚Queryable<Area>鈥濈被鍨嬪弬鏁扮殑鍙闂墿灞曟柟娉曗€淭oListAsync鈥?鏄惁缂哄皯 using 鎸囦护鎴栫▼搴忛泦寮曠敤?) [G:\IoTPlatform\IoTPlatform.csproj]
G:\IoTPlatform\Services\WorkOrderService.cs(465,30): error CS7036: 鏈彁渚涗笌鈥淚WorkOrderRepository.AddLogAsync(long, string, string, string?)鈥濈殑鎵€闇€鍙傛暟鈥渙peratorName鈥濆搴旂殑鍙傛暟 [G:\IoTPlatform\IoTPlatform.csproj]
G:\IoTPlatform\Services\WorkOrderService.cs(478,16): error CS0266: 鏃犳硶灏嗙被鍨嬧€淪ystem.Collections.Generic.IEnumerable<IoTPlatform.Models.WorkOrderLog>鈥濋殣寮忚浆鎹负鈥淪ystem.Collections.Generic.List<IoTPlatform.DTOs.Responses.WorkOrderLogDto>鈥濄€傚瓨鍦ㄤ竴涓樉寮忚浆鎹?鏄惁缂哄皯寮哄埗杞崲?) [G:\IoTPlatform\IoTPlatform.csproj]
G:\IoTPlatform\Services\WorkOrderService.cs(486,16): error CS0266: 鏃犳硶灏嗙被鍨嬧€淪ystem.Collections.Generic.IEnumerable<IoTPlatform.Models.WorkOrderAttachment>鈥濋殣寮忚浆鎹负鈥淪ystem.Collections.Generic.List<IoTPlatform.DTOs.Responses.WorkOrderAttachmentDto>鈥濄€傚瓨鍦ㄤ竴涓樉寮忚浆鎹?鏄惁缂哄皯寮哄埗杞崲?) [G:\IoTPlatform\IoTPlatform.csproj]
G:\IoTPlatform\Services\WorkOrderService.cs(494,16): error CS0029: 鏃犳硶灏嗙被鍨嬧€渧oid鈥濋殣寮忚浆鎹负鈥淚oTPlatform.DTOs.Responses.WorkOrderAttachmentDto鈥?[G:\IoTPlatform\IoTPlatform.csproj]
G:\IoTPlatform\Services\WorkOrderService.cs(502,36): error CS1061: 鈥淚WorkOrderRepository鈥濇湭鍖呭惈鈥淒eleteAttachmentAsync鈥濈殑瀹氫箟锛屽苟涓旀壘涓嶅埌鍙帴鍙楃涓€涓€淚WorkOrderRepository鈥濈被鍨嬪弬鏁扮殑鍙闂墿灞曟柟娉曗€淒eleteAttachmentAsync鈥?鏄惁缂哄皯 using 鎸囦护鎴栫▼搴忛泦寮曠敤?) [G:\IoTPlatform\IoTPlatform.csproj]
G:\IoTPlatform\Data\Repositories\Implementations\AreaRepository.cs(119,16): error CS0019: 杩愮畻绗︹€??鈥濇棤娉曞簲鐢ㄤ簬鈥淚Collection<AreaDevice>鈥濆拰鈥淚Enumerable<Device>鈥濈被鍨嬬殑鎿嶄綔鏁?[G:\IoTPlatform\IoTPlatform.csproj]
G:\IoTPlatform\Data\AppDbContext.cs(325,36): error CS1061: 鈥淥perationLog鈥濇湭鍖呭惈鈥淥peration鈥濈殑瀹氫箟锛屽苟涓旀壘涓嶅埌鍙帴鍙楃涓€涓€淥perationLog鈥濈被鍨嬪弬鏁扮殑鍙闂墿灞曟柟娉曗€淥peration鈥?鏄惁缂哄皯 using 鎸囦护鎴栫▼搴忛泦寮曠敤?) [G:\IoTPlatform\IoTPlatform.csproj]
G:\IoTPlatform\Data\AppDbContext.cs(326,36): error CS1061: 鈥淥perationLog鈥濇湭鍖呭惈鈥淥perationTime鈥濈殑瀹氫箟锛屽苟涓旀壘涓嶅埌鍙帴鍙楃涓€涓€淥perationLog鈥濈被鍨嬪弬鏁扮殑鍙闂墿灞曟柟娉曗€淥perationTime鈥?鏄惁缂哄皯 using 鎸囦护鎴栫▼搴忛泦寮曠敤?) [G:\IoTPlatform\IoTPlatform.csproj]
G:\IoTPlatform\Data\AppDbContext.cs(335,36): error CS1061: 鈥淒ictionaryItem鈥濇湭鍖呭惈鈥淭ypeCode鈥濈殑瀹氫箟锛屽苟涓旀壘涓嶅埌鍙帴鍙楃涓€涓€淒ictionaryItem鈥濈被鍨嬪弬鏁扮殑鍙闂墿灞曟柟娉曗€淭ypeCode鈥?鏄惁缂哄皯 using 鎸囦护鎴栫▼搴忛泦寮曠敤?) [G:\IoTPlatform\IoTPlatform.csproj]
G:\IoTPlatform\Services\ArchiveService.cs(34,40): error CS1061: 鈥淚ArchiveRepository鈥濇湭鍖呭惈鈥淨uery鈥濈殑瀹氫箟锛屽苟涓旀壘涓嶅埌鍙帴鍙楃涓€涓€淚ArchiveRepository鈥濈被鍨嬪弬鏁扮殑鍙闂墿灞曟柟娉曗€淨uery鈥?鏄惁缂哄皯 using 鎸囦护鎴栫▼搴忛泦寮曠敤?) [G:\IoTPlatform\IoTPlatform.csproj]
G:\IoTPlatform\Services\UserService.cs(57,38): error CS1061: 鈥淚Queryable<User>鈥濇湭鍖呭惈鈥淐ountAsync鈥濈殑瀹氫箟锛屽苟涓旀壘涓嶅埌鍙帴鍙楃涓€涓€淚Queryable<User>鈥濈被鍨嬪弬鏁扮殑鍙闂墿灞曟柟娉曗€淐ountAsync鈥?鏄惁缂哄皯 using 鎸囦护鎴栫▼搴忛泦寮曠敤?) [G:\IoTPlatform\IoTPlatform.csproj]
G:\IoTPlatform\Services\UserService.cs(62,14): error CS1061: 鈥淚Queryable<User>鈥濇湭鍖呭惈鈥淭oListAsync鈥濈殑瀹氫箟锛屽苟涓旀壘涓嶅埌鍙帴鍙楃涓€涓€淚Queryable<User>鈥濈被鍨嬪弬鏁扮殑鍙闂墿灞曟柟娉曗€淭oListAsync鈥?鏄惁缂哄皯 using 鎸囦护鎴栫▼搴忛泦寮曠敤?) [G:\IoTPlatform\IoTPlatform.csproj]
G:\IoTPlatform\Services\UserService.cs(68,13): error CS0118: 鈥渃ustomer鈥濇槸 鍙橀噺锛屼絾姝ゅ琚綋鍋?绫诲瀷 鏉ヤ娇鐢?[G:\IoTPlatform\IoTPlatform.csproj]
G:\IoTPlatform\Data\AppDbContext.cs(346,36): error CS1061: 鈥淎irQualityData鈥濇湭鍖呭惈鈥淒eviceId鈥濈殑瀹氫箟锛屽苟涓旀壘涓嶅埌鍙帴鍙楃涓€涓€淎irQualityData鈥濈被鍨嬪弬鏁扮殑鍙闂墿灞曟柟娉曗€淒eviceId鈥?鏄惁缂哄皯 using 鎸囦护鎴栫▼搴忛泦寮曠敤?) [G:\IoTPlatform\IoTPlatform.csproj]
G:\IoTPlatform\Data\AppDbContext.cs(349,36): error CS1061: 鈥淎irQualityData鈥濇湭鍖呭惈鈥淩ecordTime鈥濈殑瀹氫箟锛屽苟涓旀壘涓嶅埌鍙帴鍙楃涓€涓€淎irQualityData鈥濈被鍨嬪弬鏁扮殑鍙闂墿灞曟柟娉曗€淩ecordTime鈥?鏄惁缂哄皯 using 鎸囦护鎴栫▼搴忛泦寮曠敤?) [G:\IoTPlatform\IoTPlatform.csproj]
G:\IoTPlatform\Services\AreaService.cs(306,14): error CS1061: 鈥淚Queryable<AreaTreeNodeDto>鈥濇湭鍖呭惈鈥淭oListAsync鈥濈殑瀹氫箟锛屽苟涓旀壘涓嶅埌鍙帴鍙楃涓€涓€淚Queryable<AreaTreeNodeDto>鈥濈被鍨嬪弬鏁扮殑鍙闂墿灞曟柟娉曗€淭oListAsync鈥?鏄惁缂哄皯 using 鎸囦护鎴栫▼搴忛泦寮曠敤?) [G:\IoTPlatform\IoTPlatform.csproj]
G:\IoTPlatform\Data\AppDbContext.cs(361,36): error CS1061: 鈥淓nvironmentData鈥濇湭鍖呭惈鈥淩ecordTime鈥濈殑瀹氫箟锛屽苟涓旀壘涓嶅埌鍙帴鍙楃涓€涓€淓nvironmentData鈥濈被鍨嬪弬鏁扮殑鍙闂墿灞曟柟娉曗€淩ecordTime鈥?鏄惁缂哄皯 using 鎸囦护鎴栫▼搴忛泦寮曠敤?) [G:\IoTPlatform\IoTPlatform.csproj]
G:\IoTPlatform\Services\ArchiveService.cs(96,40): error CS1061: 鈥淚ArchiveRepository鈥濇湭鍖呭惈鈥淨uery鈥濈殑瀹氫箟锛屽苟涓旀壘涓嶅埌鍙帴鍙楃涓€涓€淚ArchiveRepository鈥濈被鍨嬪弬鏁扮殑鍙闂墿灞曟柟娉曗€淨uery鈥?鏄惁缂哄皯 using 鎸囦护鎴栫▼搴忛泦寮曠敤?) [G:\IoTPlatform\IoTPlatform.csproj]
G:\IoTPlatform\Services\UserService.cs(181,25): error CS1061: 鈥淯ser鈥濇湭鍖呭惈鈥淣ame鈥濈殑瀹氫箟锛屽苟涓旀壘涓嶅埌鍙帴鍙楃涓€涓€淯ser鈥濈被鍨嬪弬鏁扮殑鍙闂墿灞曟柟娉曗€淣ame鈥?鏄惁缂哄皯 using 鎸囦护鎴栫▼搴忛泦寮曠敤?) [G:\IoTPlatform\IoTPlatform.csproj]
G:\IoTPlatform\Services\ArchiveService.cs(154,44): error CS1061: 鈥淚ArchiveRepository鈥濇湭鍖呭惈鈥淨uery鈥濈殑瀹氫箟锛屽苟涓旀壘涓嶅埌鍙帴鍙楃涓€涓€淚ArchiveRepository鈥濈被鍨嬪弬鏁扮殑鍙闂墿灞曟柟娉曗€淨uery鈥?鏄惁缂哄皯 using 鎸囦护鎴栫▼搴忛泦寮曠敤?) [G:\IoTPlatform\IoTPlatform.csproj]
G:\IoTPlatform\Data\Repositories\Implementations\AlertRecordRepository.cs(159,13): error CS0117: 鈥淎lertProcessLog鈥濇湭鍖呭惈鈥淥peratorName鈥濈殑瀹氫箟 [G:\IoTPlatform\IoTPlatform.csproj]
G:\IoTPlatform\Data\AppDbContext.cs(416,36): error CS1061: 鈥淒eviceDataRecord鈥濇湭鍖呭惈鈥淩ecordTime鈥濈殑瀹氫箟锛屽苟涓旀壘涓嶅埌鍙帴鍙楃涓€涓€淒eviceDataRecord鈥濈被鍨嬪弬鏁扮殑鍙闂墿灞曟柟娉曗€淩ecordTime鈥?鏄惁缂哄皯 using 鎸囦护鎴栫▼搴忛泦寮曠敤?) [G:\IoTPlatform\IoTPlatform.csproj]
G:\IoTPlatform\Data\Repositories\Implementations\DeviceRepository.cs(127,40): error CS1061: 鈥淒eviceDataRecord鈥濇湭鍖呭惈鈥淩ecordTime鈥濈殑瀹氫箟锛屽苟涓旀壘涓嶅埌鍙帴鍙楃涓€涓€淒eviceDataRecord鈥濈被鍨嬪弬鏁扮殑鍙闂墿灞曟柟娉曗€淩ecordTime鈥?鏄惁缂哄皯 using 鎸囦护鎴栫▼搴忛泦寮曠敤?) [G:\IoTPlatform\IoTPlatform.csproj]
G:\IoTPlatform\Data\Repositories\Implementations\DeviceRepository.cs(132,40): error CS1061: 鈥淒eviceDataRecord鈥濇湭鍖呭惈鈥淩ecordTime鈥濈殑瀹氫箟锛屽苟涓旀壘涓嶅埌鍙帴鍙楃涓€涓€淒eviceDataRecord鈥濈被鍨嬪弬鏁扮殑鍙闂墿灞曟柟娉曗€淩ecordTime鈥?鏄惁缂哄皯 using 鎸囦护鎴栫▼搴忛泦寮曠敤?) [G:\IoTPlatform\IoTPlatform.csproj]
G:\IoTPlatform\Data\Repositories\Implementations\DeviceRepository.cs(135,48): error CS1061: 鈥淒eviceDataRecord鈥濇湭鍖呭惈鈥淩ecordTime鈥濈殑瀹氫箟锛屽苟涓旀壘涓嶅埌鍙帴鍙楃涓€涓€淒eviceDataRecord鈥濈被鍨嬪弬鏁扮殑鍙闂墿灞曟柟娉曗€淩ecordTime鈥?鏄惁缂哄皯 using 鎸囦护鎴栫▼搴忛泦寮曠敤?) [G:\IoTPlatform\IoTPlatform.csproj]
G:\IoTPlatform\Services\ArchiveService.cs(183,48): error CS1061: 鈥淚ArchiveRepository鈥濇湭鍖呭惈鈥淨uery鈥濈殑瀹氫箟锛屽苟涓旀壘涓嶅埌鍙帴鍙楃涓€涓€淚ArchiveRepository鈥濈被鍨嬪弬鏁扮殑鍙闂墿灞曟柟娉曗€淨uery鈥?鏄惁缂哄皯 using 鎸囦护鎴栫▼搴忛泦寮曠敤?) [G:\IoTPlatform\IoTPlatform.csproj]
G:\IoTPlatform\Services\UserService.cs(285,75): error CS1061: 鈥淲orkOrder鈥濇湭鍖呭惈鈥淐reatedBy鈥濈殑瀹氫箟锛屽苟涓旀壘涓嶅埌鍙帴鍙楃涓€涓€淲orkOrder鈥濈被鍨嬪弬鏁扮殑鍙闂墿灞曟柟娉曗€淐reatedBy鈥?鏄惁缂哄皯 using 鎸囦护鎴栫▼搴忛泦寮曠敤?) [G:\IoTPlatform\IoTPlatform.csproj]
G:\IoTPlatform\Services\ArchiveService.cs(250,51): error CS1061: 鈥淚ArchiveRepository鈥濇湭鍖呭惈鈥淨uery鈥濈殑瀹氫箟锛屽苟涓旀壘涓嶅埌鍙帴鍙楃涓€涓€淚ArchiveRepository鈥濈被鍨嬪弬鏁扮殑鍙闂墿灞曟柟娉曗€淨uery鈥?鏄惁缂哄皯 using 鎸囦护鎴栫▼搴忛泦寮曠敤?) [G:\IoTPlatform\IoTPlatform.csproj]
G:\IoTPlatform\Services\ArchiveService.cs(277,41): error CS1061: 鈥淚ArchiveRepository鈥濇湭鍖呭惈鈥淕etMarkersAsync鈥濈殑瀹氫箟锛屽苟涓旀壘涓嶅埌鍙帴鍙楃涓€涓€淚ArchiveRepository鈥濈被鍨嬪弬鏁扮殑鍙闂墿灞曟柟娉曗€淕etMarkersAsync鈥?鏄惁缂哄皯 using 鎸囦护鎴栫▼搴忛泦寮曠敤?) [G:\IoTPlatform\IoTPlatform.csproj]
G:\IoTPlatform\Data\Repositories\Implementations\DeviceRepository.cs(151,31): warning CS8604: 鈥渋nt Enumerable.Count<DeviceSensor>(IEnumerable<DeviceSensor> source)鈥濅腑鐨勫舰鍙傗€渟ource鈥濆彲鑳戒紶鍏?null 寮曠敤瀹炲弬銆?[G:\IoTPlatform\IoTPlatform.csproj]
G:\IoTPlatform\Data\Repositories\Implementations\DeviceRepository.cs(152,35): warning CS8604: 鈥渋nt Enumerable.Count<DeviceDataRecord>(IEnumerable<DeviceDataRecord> source)鈥濅腑鐨勫舰鍙傗€渟ource鈥濆彲鑳戒紶鍏?null 寮曠敤瀹炲弬銆?[G:\IoTPlatform\IoTPlatform.csproj]
G:\IoTPlatform\Data\Repositories\Implementations\DeviceRepository.cs(153,30): warning CS8604: 鈥渋nt Enumerable.Count<AlertRecord>(IEnumerable<AlertRecord> source)鈥濅腑鐨勫舰鍙傗€渟ource鈥濆彲鑳戒紶鍏?null 寮曠敤瀹炲弬銆?[G:\IoTPlatform\IoTPlatform.csproj]
G:\IoTPlatform\Data\Repositories\Implementations\DataRuleRepository.cs(146,29): error CS1061: 鈥淒ataRule鈥濇湭鍖呭惈鈥淧riority鈥濈殑瀹氫箟锛屽苟涓旀壘涓嶅埌鍙帴鍙楃涓€涓€淒ataRule鈥濈被鍨嬪弬鏁扮殑鍙闂墿灞曟柟娉曗€淧riority鈥?鏄惁缂哄皯 using 鎸囦护鎴栫▼搴忛泦寮曠敤?) [G:\IoTPlatform\IoTPlatform.csproj]
G:\IoTPlatform\Services\SettingsService.cs(31,41): error CS1061: 鈥淚SystemSettingRepository鈥濇湭鍖呭惈鈥淨uery鈥濈殑瀹氫箟锛屽苟涓旀壘涓嶅埌鍙帴鍙楃涓€涓€淚SystemSettingRepository鈥濈被鍨嬪弬鏁扮殑鍙闂墿灞曟柟娉曗€淨uery鈥?鏄惁缂哄皯 using 鎸囦护鎴栫▼搴忛泦寮曠敤?) [G:\IoTPlatform\IoTPlatform.csproj]
G:\IoTPlatform\Data\Repositories\Implementations\AlertRecordRepository.cs(233,35): warning CS8602: 瑙ｅ紩鐢ㄥ彲鑳藉嚭鐜扮┖寮曠敤銆?[G:\IoTPlatform\IoTPlatform.csproj]
G:\IoTPlatform\Controllers\RolesController.cs(143,20): error CS0266: 鏃犳硶灏嗙被鍨嬧€淚oTPlatform.Helpers.ApiResponse<object>鈥濋殣寮忚浆鎹负鈥淢icrosoft.AspNetCore.Mvc.ActionResult<IoTPlatform.Helpers.ApiResponse>鈥濄€傚瓨鍦ㄤ竴涓樉寮忚浆鎹?鏄惁缂哄皯寮哄埗杞崲?) [G:\IoTPlatform\IoTPlatform.csproj]
G:\IoTPlatform\Controllers\RolesController.cs(147,20): error CS0266: 鏃犳硶灏嗙被鍨嬧€淚oTPlatform.Helpers.ApiResponse<object>鈥濋殣寮忚浆鎹负鈥淢icrosoft.AspNetCore.Mvc.ActionResult<IoTPlatform.Helpers.ApiResponse>鈥濄€傚瓨鍦ㄤ竴涓樉寮忚浆鎹?鏄惁缂哄皯寮哄埗杞崲?) [G:\IoTPlatform\IoTPlatform.csproj]
G:\IoTPlatform\Controllers\RolesController.cs(151,20): error CS0266: 鏃犳硶灏嗙被鍨嬧€淚oTPlatform.Helpers.ApiResponse<object>鈥濋殣寮忚浆鎹负鈥淢icrosoft.AspNetCore.Mvc.ActionResult<IoTPlatform.Helpers.ApiResponse>鈥濄€傚瓨鍦ㄤ竴涓樉寮忚浆鎹?鏄惁缂哄皯寮哄埗杞崲?) [G:\IoTPlatform\IoTPlatform.csproj]
G:\IoTPlatform\Controllers\ProtocolConfigsController.cs(137,20): error CS0266: 鏃犳硶灏嗙被鍨嬧€淚oTPlatform.Helpers.ApiResponse<object>鈥濋殣寮忚浆鎹负鈥淢icrosoft.AspNetCore.Mvc.ActionResult<IoTPlatform.Helpers.ApiResponse>鈥濄€傚瓨鍦ㄤ竴涓樉寮忚浆鎹?鏄惁缂哄皯寮哄埗杞崲?) [G:\IoTPlatform\IoTPlatform.csproj]
G:\IoTPlatform\Controllers\ProtocolConfigsController.cs(141,20): error CS0266: 鏃犳硶灏嗙被鍨嬧€淚oTPlatform.Helpers.ApiResponse<object>鈥濋殣寮忚浆鎹负鈥淢icrosoft.AspNetCore.Mvc.ActionResult<IoTPlatform.Helpers.ApiResponse>鈥濄€傚瓨鍦ㄤ竴涓樉寮忚浆鎹?鏄惁缂哄皯寮哄埗杞崲?) [G:\IoTPlatform\IoTPlatform.csproj]
G:\IoTPlatform\Controllers\ProtocolConfigsController.cs(145,20): error CS0266: 鏃犳硶灏嗙被鍨嬧€淚oTPlatform.Helpers.ApiResponse<object>鈥濋殣寮忚浆鎹负鈥淢icrosoft.AspNetCore.Mvc.ActionResult<IoTPlatform.Helpers.ApiResponse>鈥濄€傚瓨鍦ㄤ竴涓樉寮忚浆鎹?鏄惁缂哄皯寮哄埗杞崲?) [G:\IoTPlatform\IoTPlatform.csproj]
G:\IoTPlatform\Controllers\ProtocolConfigsController.cs(164,20): error CS0266: 鏃犳硶灏嗙被鍨嬧€淚oTPlatform.Helpers.ApiResponse<object>鈥濋殣寮忚浆鎹负鈥淢icrosoft.AspNetCore.Mvc.ActionResult<IoTPlatform.Helpers.ApiResponse>鈥濄€傚瓨鍦ㄤ竴涓樉寮忚浆鎹?鏄惁缂哄皯寮哄埗杞崲?) [G:\IoTPlatform\IoTPlatform.csproj]
G:\IoTPlatform\Controllers\ProtocolConfigsController.cs(168,20): error CS0266: 鏃犳硶灏嗙被鍨嬧€淚oTPlatform.Helpers.ApiResponse<object>鈥濋殣寮忚浆鎹负鈥淢icrosoft.AspNetCore.Mvc.ActionResult<IoTPlatform.Helpers.ApiResponse>鈥濄€傚瓨鍦ㄤ竴涓樉寮忚浆鎹?鏄惁缂哄皯寮哄埗杞崲?) [G:\IoTPlatform\IoTPlatform.csproj]
G:\IoTPlatform\Controllers\ProtocolConfigsController.cs(172,20): error CS0266: 鏃犳硶灏嗙被鍨嬧€淚oTPlatform.Helpers.ApiResponse<object>鈥濋殣寮忚浆鎹负鈥淢icrosoft.AspNetCore.Mvc.ActionResult<IoTPlatform.Helpers.ApiResponse>鈥濄€傚瓨鍦ㄤ竴涓樉寮忚浆鎹?鏄惁缂哄皯寮哄埗杞崲?) [G:\IoTPlatform\IoTPlatform.csproj]
G:\IoTPlatform\Controllers\ProtocolConfigsController.cs(191,20): error CS0266: 鏃犳硶灏嗙被鍨嬧€淚oTPlatform.Helpers.ApiResponse<object>鈥濋殣寮忚浆鎹负鈥淢icrosoft.AspNetCore.Mvc.ActionResult<IoTPlatform.Helpers.ApiResponse>鈥濄€傚瓨鍦ㄤ竴涓樉寮忚浆鎹?鏄惁缂哄皯寮哄埗杞崲?) [G:\IoTPlatform\IoTPlatform.csproj]
G:\IoTPlatform\Controllers\ProtocolConfigsController.cs(195,20): error CS0266: 鏃犳硶灏嗙被鍨嬧€淚oTPlatform.Helpers.ApiResponse<object>鈥濋殣寮忚浆鎹负鈥淢icrosoft.AspNetCore.Mvc.ActionResult<IoTPlatform.Helpers.ApiResponse>鈥濄€傚瓨鍦ㄤ竴涓樉寮忚浆鎹?鏄惁缂哄皯寮哄埗杞崲?) [G:\IoTPlatform\IoTPlatform.csproj]
G:\IoTPlatform\Controllers\ProtocolConfigsController.cs(199,20): error CS0266: 鏃犳硶灏嗙被鍨嬧€淚oTPlatform.Helpers.ApiResponse<object>鈥濋殣寮忚浆鎹负鈥淢icrosoft.AspNetCore.Mvc.ActionResult<IoTPlatform.Helpers.ApiResponse>鈥濄€傚瓨鍦ㄤ竴涓樉寮忚浆鎹?鏄惁缂哄皯寮哄埗杞崲?) [G:\IoTPlatform\IoTPlatform.csproj]
G:\IoTPlatform\DTOs\Profiles\MappingProfile.cs(196,37): error CS1061: 鈥淲orkOrderDto鈥濇湭鍖呭惈鈥淐ustomerName鈥濈殑瀹氫箟锛屽苟涓旀壘涓嶅埌鍙帴鍙楃涓€涓€淲orkOrderDto鈥濈被鍨嬪弬鏁扮殑鍙闂墿灞曟柟娉曗€淐ustomerName鈥?鏄惁缂哄皯 using 鎸囦护鎴栫▼搴忛泦寮曠敤?) [G:\IoTPlatform\IoTPlatform.csproj]
G:\IoTPlatform\Controllers\DictionariesController.cs(138,20): error CS0266: 鏃犳硶灏嗙被鍨嬧€淚oTPlatform.Helpers.ApiResponse<object>鈥濋殣寮忚浆鎹负鈥淢icrosoft.AspNetCore.Mvc.ActionResult<IoTPlatform.Helpers.ApiResponse>鈥濄€傚瓨鍦ㄤ竴涓樉寮忚浆鎹?鏄惁缂哄皯寮哄埗杞崲?) [G:\IoTPlatform\IoTPlatform.csproj]
G:\IoTPlatform\Controllers\DictionariesController.cs(142,20): error CS0266: 鏃犳硶灏嗙被鍨嬧€淚oTPlatform.Helpers.ApiResponse<object>鈥濋殣寮忚浆鎹负鈥淢icrosoft.AspNetCore.Mvc.ActionResult<IoTPlatform.Helpers.ApiResponse>鈥濄€傚瓨鍦ㄤ竴涓樉寮忚浆鎹?鏄惁缂哄皯寮哄埗杞崲?) [G:\IoTPlatform\IoTPlatform.csproj]
G:\IoTPlatform\Controllers\DictionariesController.cs(146,20): error CS0266: 鏃犳硶灏嗙被鍨嬧€淚oTPlatform.Helpers.ApiResponse<object>鈥濋殣寮忚浆鎹负鈥淢icrosoft.AspNetCore.Mvc.ActionResult<IoTPlatform.Helpers.ApiResponse>鈥濄€傚瓨鍦ㄤ竴涓樉寮忚浆鎹?鏄惁缂哄皯寮哄埗杞崲?) [G:\IoTPlatform\IoTPlatform.csproj]
G:\IoTPlatform\Services\Rules\RuleEngine.cs(37,32): warning CS8604: 鈥渙bject Dictionary<string, object>.this[string key]鈥濅腑鐨勫舰鍙傗€渒ey鈥濆彲鑳戒紶鍏?null 寮曠敤瀹炲弬銆?[G:\IoTPlatform\IoTPlatform.csproj]
G:\IoTPlatform\Controllers\DataRulesController.cs(137,20): error CS0266: 鏃犳硶灏嗙被鍨嬧€淚oTPlatform.Helpers.ApiResponse<object>鈥濋殣寮忚浆鎹负鈥淢icrosoft.AspNetCore.Mvc.ActionResult<IoTPlatform.Helpers.ApiResponse>鈥濄€傚瓨鍦ㄤ竴涓樉寮忚浆鎹?鏄惁缂哄皯寮哄埗杞崲?) [G:\IoTPlatform\IoTPlatform.csproj]
G:\IoTPlatform\Controllers\DataRulesController.cs(141,20): error CS0266: 鏃犳硶灏嗙被鍨嬧€淚oTPlatform.Helpers.ApiResponse<object>鈥濋殣寮忚浆鎹负鈥淢icrosoft.AspNetCore.Mvc.ActionResult<IoTPlatform.Helpers.ApiResponse>鈥濄€傚瓨鍦ㄤ竴涓樉寮忚浆鎹?鏄惁缂哄皯寮哄埗杞崲?) [G:\IoTPlatform\IoTPlatform.csproj]
G:\IoTPlatform\Controllers\DataRulesController.cs(145,20): error CS0266: 鏃犳硶灏嗙被鍨嬧€淚oTPlatform.Helpers.ApiResponse<object>鈥濋殣寮忚浆鎹负鈥淢icrosoft.AspNetCore.Mvc.ActionResult<IoTPlatform.Helpers.ApiResponse>鈥濄€傚瓨鍦ㄤ竴涓樉寮忚浆鎹?鏄惁缂哄皯寮哄埗杞崲?) [G:\IoTPlatform\IoTPlatform.csproj]
G:\IoTPlatform\Data\Repositories\Implementations\AlertRecordRepository.cs(247,29): error CS1061: 鈥淎lertRecord鈥濇湭鍖呭惈鈥淲orkOrders鈥濈殑瀹氫箟锛屽苟涓旀壘涓嶅埌鍙帴鍙楃涓€涓€淎lertRecord鈥濈被鍨嬪弬鏁扮殑鍙闂墿灞曟柟娉曗€淲orkOrders鈥?鏄惁缂哄皯 using 鎸囦护鎴栫▼搴忛泦寮曠敤?) [G:\IoTPlatform\IoTPlatform.csproj]
G:\IoTPlatform\Data\Repositories\Implementations\AlertRecordRepository.cs(245,35): warning CS8602: 瑙ｅ紩鐢ㄥ彲鑳藉嚭鐜扮┖寮曠敤銆?[G:\IoTPlatform\IoTPlatform.csproj]
G:\IoTPlatform\Controllers\ETLTasksController.cs(137,20): error CS0266: 鏃犳硶灏嗙被鍨嬧€淚oTPlatform.Helpers.ApiResponse<object>鈥濋殣寮忚浆鎹负鈥淢icrosoft.AspNetCore.Mvc.ActionResult<IoTPlatform.Helpers.ApiResponse>鈥濄€傚瓨鍦ㄤ竴涓樉寮忚浆鎹?鏄惁缂哄皯寮哄埗杞崲?) [G:\IoTPlatform\IoTPlatform.csproj]
G:\IoTPlatform\Controllers\ETLTasksController.cs(141,20): error CS0266: 鏃犳硶灏嗙被鍨嬧€淚oTPlatform.Helpers.ApiResponse<object>鈥濋殣寮忚浆鎹负鈥淢icrosoft.AspNetCore.Mvc.ActionResult<IoTPlatform.Helpers.ApiResponse>鈥濄€傚瓨鍦ㄤ竴涓樉寮忚浆鎹?鏄惁缂哄皯寮哄埗杞崲?) [G:\IoTPlatform\IoTPlatform.csproj]
G:\IoTPlatform\Controllers\ETLTasksController.cs(145,20): error CS0266: 鏃犳硶灏嗙被鍨嬧€淚oTPlatform.Helpers.ApiResponse<object>鈥濋殣寮忚浆鎹负鈥淢icrosoft.AspNetCore.Mvc.ActionResult<IoTPlatform.Helpers.ApiResponse>鈥濄€傚瓨鍦ㄤ竴涓樉寮忚浆鎹?鏄惁缂哄皯寮哄埗杞崲?) [G:\IoTPlatform\IoTPlatform.csproj]
G:\IoTPlatform\Controllers\ArchivesController.cs(138,20): error CS0266: 鏃犳硶灏嗙被鍨嬧€淚oTPlatform.Helpers.ApiResponse<object>鈥濋殣寮忚浆鎹负鈥淢icrosoft.AspNetCore.Mvc.ActionResult<IoTPlatform.Helpers.ApiResponse>鈥濄€傚瓨鍦ㄤ竴涓樉寮忚浆鎹?鏄惁缂哄皯寮哄埗杞崲?) [G:\IoTPlatform\IoTPlatform.csproj]
G:\IoTPlatform\Controllers\ArchivesController.cs(142,20): error CS0266: 鏃犳硶灏嗙被鍨嬧€淚oTPlatform.Helpers.ApiResponse<object>鈥濋殣寮忚浆鎹负鈥淢icrosoft.AspNetCore.Mvc.ActionResult<IoTPlatform.Helpers.ApiResponse>鈥濄€傚瓨鍦ㄤ竴涓樉寮忚浆鎹?鏄惁缂哄皯寮哄埗杞崲?) [G:\IoTPlatform\IoTPlatform.csproj]
G:\IoTPlatform\Controllers\ArchivesController.cs(146,20): error CS0266: 鏃犳硶灏嗙被鍨嬧€淚oTPlatform.Helpers.ApiResponse<object>鈥濋殣寮忚浆鎹负鈥淢icrosoft.AspNetCore.Mvc.ActionResult<IoTPlatform.Helpers.ApiResponse>鈥濄€傚瓨鍦ㄤ竴涓樉寮忚浆鎹?鏄惁缂哄皯寮哄埗杞崲?) [G:\IoTPlatform\IoTPlatform.csproj]
G:\IoTPlatform\Controllers\ETLTasksController.cs(164,20): error CS0266: 鏃犳硶灏嗙被鍨嬧€淚oTPlatform.Helpers.ApiResponse<object>鈥濋殣寮忚浆鎹负鈥淢icrosoft.AspNetCore.Mvc.ActionResult<IoTPlatform.Helpers.ApiResponse>鈥濄€傚瓨鍦ㄤ竴涓樉寮忚浆鎹?鏄惁缂哄皯寮哄埗杞崲?) [G:\IoTPlatform\IoTPlatform.csproj]
G:\IoTPlatform\Controllers\ETLTasksController.cs(168,20): error CS0266: 鏃犳硶灏嗙被鍨嬧€淚oTPlatform.Helpers.ApiResponse<object>鈥濋殣寮忚浆鎹负鈥淢icrosoft.AspNetCore.Mvc.ActionResult<IoTPlatform.Helpers.ApiResponse>鈥濄€傚瓨鍦ㄤ竴涓樉寮忚浆鎹?鏄惁缂哄皯寮哄埗杞崲?) [G:\IoTPlatform\IoTPlatform.csproj]
G:\IoTPlatform\Controllers\ETLTasksController.cs(172,20): error CS0266: 鏃犳硶灏嗙被鍨嬧€淚oTPlatform.Helpers.ApiResponse<object>鈥濋殣寮忚浆鎹负鈥淢icrosoft.AspNetCore.Mvc.ActionResult<IoTPlatform.Helpers.ApiResponse>鈥濄€傚瓨鍦ㄤ竴涓樉寮忚浆鎹?鏄惁缂哄皯寮哄埗杞崲?) [G:\IoTPlatform\IoTPlatform.csproj]
G:\IoTPlatform\Controllers\DictionariesController.cs(259,20): error CS0266: 鏃犳硶灏嗙被鍨嬧€淚oTPlatform.Helpers.ApiResponse<object>鈥濋殣寮忚浆鎹负鈥淢icrosoft.AspNetCore.Mvc.ActionResult<IoTPlatform.Helpers.ApiResponse>鈥濄€傚瓨鍦ㄤ竴涓樉寮忚浆鎹?鏄惁缂哄皯寮哄埗杞崲?) [G:\IoTPlatform\IoTPlatform.csproj]
G:\IoTPlatform\Controllers\DictionariesController.cs(263,20): error CS0266: 鏃犳硶灏嗙被鍨嬧€淚oTPlatform.Helpers.ApiResponse<object>鈥濋殣寮忚浆鎹负鈥淢icrosoft.AspNetCore.Mvc.ActionResult<IoTPlatform.Helpers.ApiResponse>鈥濄€傚瓨鍦ㄤ竴涓樉寮忚浆鎹?鏄惁缂哄皯寮哄埗杞崲?) [G:\IoTPlatform\IoTPlatform.csproj]
G:\IoTPlatform\Controllers\DictionariesController.cs(267,20): error CS0266: 鏃犳硶灏嗙被鍨嬧€淚oTPlatform.Helpers.ApiResponse<object>鈥濋殣寮忚浆鎹负鈥淢icrosoft.AspNetCore.Mvc.ActionResult<IoTPlatform.Helpers.ApiResponse>鈥濄€傚瓨鍦ㄤ竴涓樉寮忚浆鎹?鏄惁缂哄皯寮哄埗杞崲?) [G:\IoTPlatform\IoTPlatform.csproj]
G:\IoTPlatform\Controllers\ETLTasksController.cs(191,20): error CS0266: 鏃犳硶灏嗙被鍨嬧€淚oTPlatform.Helpers.ApiResponse<object>鈥濋殣寮忚浆鎹负鈥淢icrosoft.AspNetCore.Mvc.ActionResult<IoTPlatform.Helpers.ApiResponse>鈥濄€傚瓨鍦ㄤ竴涓樉寮忚浆鎹?鏄惁缂哄皯寮哄埗杞崲?) [G:\IoTPlatform\IoTPlatform.csproj]
G:\IoTPlatform\Controllers\ETLTasksController.cs(195,20): error CS0266: 鏃犳硶灏嗙被鍨嬧€淚oTPlatform.Helpers.ApiResponse<object>鈥濋殣寮忚浆鎹负鈥淢icrosoft.AspNetCore.Mvc.ActionResult<IoTPlatform.Helpers.ApiResponse>鈥濄€傚瓨鍦ㄤ竴涓樉寮忚浆鎹?鏄惁缂哄皯寮哄埗杞崲?) [G:\IoTPlatform\IoTPlatform.csproj]
G:\IoTPlatform\Controllers\ETLTasksController.cs(199,20): error CS0266: 鏃犳硶灏嗙被鍨嬧€淚oTPlatform.Helpers.ApiResponse<object>鈥濋殣寮忚浆鎹负鈥淢icrosoft.AspNetCore.Mvc.ActionResult<IoTPlatform.Helpers.ApiResponse>鈥濄€傚瓨鍦ㄤ竴涓樉寮忚浆鎹?鏄惁缂哄皯寮哄埗杞崲?) [G:\IoTPlatform\IoTPlatform.csproj]
G:\IoTPlatform\Controllers\AreasController.cs(183,20): error CS0266: 鏃犳硶灏嗙被鍨嬧€淚oTPlatform.Helpers.ApiResponse<object>鈥濋殣寮忚浆鎹负鈥淢icrosoft.AspNetCore.Mvc.ActionResult<IoTPlatform.Helpers.ApiResponse>鈥濄€傚瓨鍦ㄤ竴涓樉寮忚浆鎹?鏄惁缂哄皯寮哄埗杞崲?) [G:\IoTPlatform\IoTPlatform.csproj]
G:\IoTPlatform\Controllers\AreasController.cs(187,20): error CS0266: 鏃犳硶灏嗙被鍨嬧€淚oTPlatform.Helpers.ApiResponse<object>鈥濋殣寮忚浆鎹负鈥淢icrosoft.AspNetCore.Mvc.ActionResult<IoTPlatform.Helpers.ApiResponse>鈥濄€傚瓨鍦ㄤ竴涓樉寮忚浆鎹?鏄惁缂哄皯寮哄埗杞崲?) [G:\IoTPlatform\IoTPlatform.csproj]
G:\IoTPlatform\Controllers\AreasController.cs(191,20): error CS0266: 鏃犳硶灏嗙被鍨嬧€淚oTPlatform.Helpers.ApiResponse<object>鈥濋殣寮忚浆鎹负鈥淢icrosoft.AspNetCore.Mvc.ActionResult<IoTPlatform.Helpers.ApiResponse>鈥濄€傚瓨鍦ㄤ竴涓樉寮忚浆鎹?鏄惁缂哄皯寮哄埗杞崲?) [G:\IoTPlatform\IoTPlatform.csproj]
G:\IoTPlatform\Controllers\DevicesController.cs(179,20): error CS0266: 鏃犳硶灏嗙被鍨嬧€淚oTPlatform.Helpers.ApiResponse<object>鈥濋殣寮忚浆鎹负鈥淢icrosoft.AspNetCore.Mvc.ActionResult<IoTPlatform.Helpers.ApiResponse>鈥濄€傚瓨鍦ㄤ竴涓樉寮忚浆鎹?鏄惁缂哄皯寮哄埗杞崲?) [G:\IoTPlatform\IoTPlatform.csproj]
G:\IoTPlatform\Controllers\DevicesController.cs(183,20): error CS0266: 鏃犳硶灏嗙被鍨嬧€淚oTPlatform.Helpers.ApiResponse<object>鈥濋殣寮忚浆鎹负鈥淢icrosoft.AspNetCore.Mvc.ActionResult<IoTPlatform.Helpers.ApiResponse>鈥濄€傚瓨鍦ㄤ竴涓樉寮忚浆鎹?鏄惁缂哄皯寮哄埗杞崲?) [G:\IoTPlatform\IoTPlatform.csproj]
G:\IoTPlatform\Services\RoleService.cs(47,38): error CS1061: 鈥淚Queryable<Role>鈥濇湭鍖呭惈鈥淐ountAsync鈥濈殑瀹氫箟锛屽苟涓旀壘涓嶅埌鍙帴鍙楃涓€涓€淚Queryable<Role>鈥濈被鍨嬪弬鏁扮殑鍙闂墿灞曟柟娉曗€淐ountAsync鈥?鏄惁缂哄皯 using 鎸囦护鎴栫▼搴忛泦寮曠敤?) [G:\IoTPlatform\IoTPlatform.csproj]
G:\IoTPlatform\Services\RoleService.cs(52,14): error CS1061: 鈥淚Queryable<Role>鈥濇湭鍖呭惈鈥淭oListAsync鈥濈殑瀹氫箟锛屽苟涓旀壘涓嶅埌鍙帴鍙楃涓€涓€淚Queryable<Role>鈥濈被鍨嬪弬鏁扮殑鍙闂墿灞曟柟娉曗€淭oListAsync鈥?鏄惁缂哄皯 using 鎸囦护鎴栫▼搴忛泦寮曠敤?) [G:\IoTPlatform\IoTPlatform.csproj]
G:\IoTPlatform\Data\Repositories\Implementations\UserRepository.cs(26,37): error CS1061: 鈥淯ser鈥濇湭鍖呭惈鈥淧asswordHash鈥濈殑瀹氫箟锛屽苟涓旀壘涓嶅埌鍙帴鍙楃涓€涓€淯ser鈥濈被鍨嬪弬鏁扮殑鍙闂墿灞曟柟娉曗€淧asswordHash鈥?鏄惁缂哄皯 using 鎸囦护鎴栫▼搴忛泦寮曠敤?) [G:\IoTPlatform\IoTPlatform.csproj]
G:\IoTPlatform\Controllers\CustomersController.cs(57,23): error CS1061: 鈥淐ustomer鈥濇湭鍖呭惈鈥淐ontact鈥濈殑瀹氫箟锛屽苟涓旀壘涓嶅埌鍙帴鍙楃涓€涓€淐ustomer鈥濈被鍨嬪弬鏁扮殑鍙闂墿灞曟柟娉曗€淐ontact鈥?鏄惁缂哄皯 using 鎸囦护鎴栫▼搴忛泦寮曠敤?) [G:\IoTPlatform\IoTPlatform.csproj]
G:\IoTPlatform\Controllers\CustomersController.cs(57,44): error CS1061: 鈥淐ustomer鈥濇湭鍖呭惈鈥淐ontact鈥濈殑瀹氫箟锛屽苟涓旀壘涓嶅埌鍙帴鍙楃涓€涓€淐ustomer鈥濈被鍨嬪弬鏁扮殑鍙闂墿灞曟柟娉曗€淐ontact鈥?鏄惁缂哄皯 using 鎸囦护鎴栫▼搴忛泦寮曠敤?) [G:\IoTPlatform\IoTPlatform.csproj]
G:\IoTPlatform\Controllers\CustomersController.cs(71,33): error CS1061: 鈥淐ustomer鈥濇湭鍖呭惈鈥淐ontact鈥濈殑瀹氫箟锛屽苟涓旀壘涓嶅埌鍙帴鍙楃涓€涓€淐ustomer鈥濈被鍨嬪弬鏁扮殑鍙闂墿灞曟柟娉曗€淐ontact鈥?鏄惁缂哄皯 using 鎸囦护鎴栫▼搴忛泦寮曠敤?) [G:\IoTPlatform\IoTPlatform.csproj]
G:\IoTPlatform\Controllers\CustomersController.cs(123,36): error CS1061: 鈥淐ustomer鈥濇湭鍖呭惈鈥淐ontact鈥濈殑瀹氫箟锛屽苟涓旀壘涓嶅埌鍙帴鍙楃涓€涓€淐ustomer鈥濈被鍨嬪弬鏁扮殑鍙闂墿灞曟柟娉曗€淐ontact鈥?鏄惁缂哄皯 using 鎸囦护鎴栫▼搴忛泦寮曠敤?) [G:\IoTPlatform\IoTPlatform.csproj]
G:\IoTPlatform\Controllers\CustomersController.cs(163,17): error CS0117: 鈥淐ustomer鈥濇湭鍖呭惈鈥淐ontact鈥濈殑瀹氫箟 [G:\IoTPlatform\IoTPlatform.csproj]
G:\IoTPlatform\Controllers\CustomersController.cs(178,36): error CS1061: 鈥淐ustomer鈥濇湭鍖呭惈鈥淐ontact鈥濈殑瀹氫箟锛屽苟涓旀壘涓嶅埌鍙帴鍙楃涓€涓€淐ustomer鈥濈被鍨嬪弬鏁扮殑鍙闂墿灞曟柟娉曗€淐ontact鈥?鏄惁缂哄皯 using 鎸囦护鎴栫▼搴忛泦寮曠敤?) [G:\IoTPlatform\IoTPlatform.csproj]
G:\IoTPlatform\Controllers\CustomersController.cs(218,22): error CS1061: 鈥淐ustomer鈥濇湭鍖呭惈鈥淐ontact鈥濈殑瀹氫箟锛屽苟涓旀壘涓嶅埌鍙帴鍙楃涓€涓€淐ustomer鈥濈被鍨嬪弬鏁扮殑鍙闂墿灞曟柟娉曗€淐ontact鈥?鏄惁缂哄皯 using 鎸囦护鎴栫▼搴忛泦寮曠敤?) [G:\IoTPlatform\IoTPlatform.csproj]
G:\IoTPlatform\Controllers\CustomersController.cs(234,36): error CS1061: 鈥淐ustomer鈥濇湭鍖呭惈鈥淐ontact鈥濈殑瀹氫箟锛屽苟涓旀壘涓嶅埌鍙帴鍙楃涓€涓€淐ustomer鈥濈被鍨嬪弬鏁扮殑鍙闂墿灞曟柟娉曗€淐ontact鈥?鏄惁缂哄皯 using 鎸囦护鎴栫▼搴忛泦寮曠敤?) [G:\IoTPlatform\IoTPlatform.csproj]
G:\IoTPlatform\Data\Repositories\Implementations\UserRepository.cs(58,18): error CS1061: 鈥淯ser鈥濇湭鍖呭惈鈥淧asswordHash鈥濈殑瀹氫箟锛屽苟涓旀壘涓嶅埌鍙帴鍙楃涓€涓€淯ser鈥濈被鍨嬪弬鏁扮殑鍙闂墿灞曟柟娉曗€淧asswordHash鈥?鏄惁缂哄皯 using 鎸囦护鎴栫▼搴忛泦寮曠敤?) [G:\IoTPlatform\IoTPlatform.csproj]
G:\IoTPlatform\Services\ProtocolConfigService.cs(32,47): error CS1061: 鈥淚ProtocolConfigRepository鈥濇湭鍖呭惈鈥淨uery鈥濈殑瀹氫箟锛屽苟涓旀壘涓嶅埌鍙帴鍙楃涓€涓€淚ProtocolConfigRepository鈥濈被鍨嬪弬鏁扮殑鍙闂墿灞曟柟娉曗€淨uery鈥?鏄惁缂哄皯 using 鎸囦护鎴栫▼搴忛泦寮曠敤?) [G:\IoTPlatform\IoTPlatform.csproj]
G:\IoTPlatform\Data\Repositories\Implementations\ProjectRepository.cs(46,31): warning CS8604: 鈥渋nt Enumerable.Count<Device>(IEnumerable<Device> source)鈥濅腑鐨勫舰鍙傗€渟ource鈥濆彲鑳戒紶鍏?null 寮曠敤瀹炲弬銆?[G:\IoTPlatform\IoTPlatform.csproj]
G:\IoTPlatform\Data\Repositories\Implementations\ProjectRepository.cs(47,33): warning CS8604: 鈥渋nt Enumerable.Count<Contract>(IEnumerable<Contract> source)鈥濅腑鐨勫舰鍙傗€渟ource鈥濆彲鑳戒紶鍏?null 寮曠敤瀹炲弬銆?[G:\IoTPlatform\IoTPlatform.csproj]
G:\IoTPlatform\Data\Repositories\Implementations\ProjectRepository.cs(48,36): warning CS8604: 鈥渋nt Enumerable.Count<WorkSummary>(IEnumerable<WorkSummary> source)鈥濅腑鐨勫舰鍙傗€渟ource鈥濆彲鑳戒紶鍏?null 寮曠敤瀹炲弬銆?[G:\IoTPlatform\IoTPlatform.csproj]
G:\IoTPlatform\Data\Repositories\Implementations\ETLTaskRepository.cs(58,33): error CS1061: 鈥淓TLTask鈥濇湭鍖呭惈鈥淧riority鈥濈殑瀹氫箟锛屽苟涓旀壘涓嶅埌鍙帴鍙楃涓€涓€淓TLTask鈥濈被鍨嬪弬鏁扮殑鍙闂墿灞曟柟娉曗€淧riority鈥?鏄惁缂哄皯 using 鎸囦护鎴栫▼搴忛泦寮曠敤?) [G:\IoTPlatform\IoTPlatform.csproj]
G:\IoTPlatform\Data\Repositories\Implementations\ETLTaskRepository.cs(71,38): error CS0029: 鏃犳硶灏嗙被鍨嬧€淪ystem.DateTime鈥濋殣寮忚浆鎹负鈥渟tring鈥?[G:\IoTPlatform\IoTPlatform.csproj]
G:\IoTPlatform\Data\Repositories\Implementations\ETLTaskRepository.cs(75,38): error CS0029: 鏃犳硶灏嗙被鍨嬧€淪ystem.DateTime鈥濋殣寮忚浆鎹负鈥渟tring鈥?[G:\IoTPlatform\IoTPlatform.csproj]
G:\IoTPlatform\Controllers\CustomersController.cs(262,24): error CS0266: 鏃犳硶灏嗙被鍨嬧€淚oTPlatform.Helpers.ApiResponse<object>鈥濋殣寮忚浆鎹负鈥淢icrosoft.AspNetCore.Mvc.ActionResult<IoTPlatform.Helpers.ApiResponse>鈥濄€傚瓨鍦ㄤ竴涓樉寮忚浆鎹?鏄惁缂哄皯寮哄埗杞崲?) [G:\IoTPlatform\IoTPlatform.csproj]
G:\IoTPlatform\Controllers\CustomersController.cs(272,24): error CS0266: 鏃犳硶灏嗙被鍨嬧€淚oTPlatform.Helpers.ApiResponse<object>鈥濋殣寮忚浆鎹负鈥淢icrosoft.AspNetCore.Mvc.ActionResult<IoTPlatform.Helpers.ApiResponse>鈥濄€傚瓨鍦ㄤ竴涓樉寮忚浆鎹?鏄惁缂哄皯寮哄埗杞崲?) [G:\IoTPlatform\IoTPlatform.csproj]
G:\IoTPlatform\Controllers\CustomersController.cs(282,20): error CS0266: 鏃犳硶灏嗙被鍨嬧€淚oTPlatform.Helpers.ApiResponse<object>鈥濋殣寮忚浆鎹负鈥淢icrosoft.AspNetCore.Mvc.ActionResult<IoTPlatform.Helpers.ApiResponse>鈥濄€傚瓨鍦ㄤ竴涓樉寮忚浆鎹?鏄惁缂哄皯寮哄埗杞崲?) [G:\IoTPlatform\IoTPlatform.csproj]
G:\IoTPlatform\Services\ProtocolConfigService.cs(87,47): error CS1061: 鈥淚ProtocolConfigRepository鈥濇湭鍖呭惈鈥淨uery鈥濈殑瀹氫箟锛屽苟涓旀壘涓嶅埌鍙帴鍙楃涓€涓€淚ProtocolConfigRepository鈥濈被鍨嬪弬鏁扮殑鍙闂墿灞曟柟娉曗€淨uery鈥?鏄惁缂哄皯 using 鎸囦护鎴栫▼搴忛泦寮曠敤?) [G:\IoTPlatform\IoTPlatform.csproj]
G:\IoTPlatform\Data\Repositories\Implementations\AlertRecordRepository.cs(322,29): error CS1061: 鈥淎lertRecord鈥濇湭鍖呭惈鈥淲orkOrders鈥濈殑瀹氫箟锛屽苟涓旀壘涓嶅埌鍙帴鍙楃涓€涓€淎lertRecord鈥濈被鍨嬪弬鏁扮殑鍙闂墿灞曟柟娉曗€淲orkOrders鈥?鏄惁缂哄皯 using 鎸囦护鎴栫▼搴忛泦寮曠敤?) [G:\IoTPlatform\IoTPlatform.csproj]
G:\IoTPlatform\Data\Repositories\Implementations\AlertRecordRepository.cs(320,35): warning CS8602: 瑙ｅ紩鐢ㄥ彲鑳藉嚭鐜扮┖寮曠敤銆?[G:\IoTPlatform\IoTPlatform.csproj]
G:\IoTPlatform\Data\Repositories\Implementations\Repository.cs(209,25): warning CS8604: 鈥淢ethodCallExpression Expression.Call(MethodInfo method, Expression arg0, Expression arg1)鈥濅腑鐨勫舰鍙傗€渕ethod鈥濆彲鑳戒紶鍏?null 寮曠敤瀹炲弬銆?[G:\IoTPlatform\IoTPlatform.csproj]
G:\IoTPlatform\Data\Repositories\Implementations\AlertRecordRepository.cs(342,29): error CS1061: 鈥淎lertRecord鈥濇湭鍖呭惈鈥淲orkOrders鈥濈殑瀹氫箟锛屽苟涓旀壘涓嶅埌鍙帴鍙楃涓€涓€淎lertRecord鈥濈被鍨嬪弬鏁扮殑鍙闂墿灞曟柟娉曗€淲orkOrders鈥?鏄惁缂哄皯 using 鎸囦护鎴栫▼搴忛泦寮曠敤?) [G:\IoTPlatform\IoTPlatform.csproj]
G:\IoTPlatform\Data\Repositories\Implementations\AlertRecordRepository.cs(340,35): warning CS8602: 瑙ｅ紩鐢ㄥ彲鑳藉嚭鐜扮┖寮曠敤銆?[G:\IoTPlatform\IoTPlatform.csproj]
G:\IoTPlatform\Data\Repositories\Implementations\UserRepository.cs(87,17): error CS0854: 琛ㄨ揪寮忔爲鍙兘涓嶅寘鍚娇鐢ㄥ彲閫夊弬鏁扮殑璋冪敤 [G:\IoTPlatform\IoTPlatform.csproj]
G:\IoTPlatform\Services\MqttHostedService.cs(32,46): error CS0407: 鈥淭ask MqttHostedService.OnDeviceDataReceived(object?, DeviceDataEventArgs)鈥濈殑杩斿洖绫诲瀷閿欒 [G:\IoTPlatform\IoTPlatform.csproj]
G:\IoTPlatform\Services\MqttClientService.cs(40,14): error CS1061: 鈥淢qttClientOptionsBuilder鈥濇湭鍖呭惈鈥淲ithAutomaticReconnectDelay鈥濈殑瀹氫箟锛屽苟涓旀壘涓嶅埌鍙帴鍙楃涓€涓€淢qttClientOptionsBuilder鈥濈被鍨嬪弬鏁扮殑鍙闂墿灞曟柟娉曗€淲ithAutomaticReconnectDelay鈥?鏄惁缂哄皯 using 鎸囦护鎴栫▼搴忛泦寮曠敤?) [G:\IoTPlatform\IoTPlatform.csproj]
G:\IoTPlatform\Data\Repositories\Implementations\SystemSettingRepository.cs(17,45): error CS1061: 鈥淪ystemSetting鈥濇湭鍖呭惈鈥淪ettingKey鈥濈殑瀹氫箟锛屽苟涓旀壘涓嶅埌鍙帴鍙楃涓€涓€淪ystemSetting鈥濈被鍨嬪弬鏁扮殑鍙闂墿灞曟柟娉曗€淪ettingKey鈥?鏄惁缂哄皯 using 鎸囦护鎴栫▼搴忛泦寮曠敤?) [G:\IoTPlatform\IoTPlatform.csproj]
G:\IoTPlatform\Services\AuthService.cs(124,17): error CS0117: 鈥淐ustomerDto鈥濇湭鍖呭惈鈥淐ontact鈥濈殑瀹氫箟 [G:\IoTPlatform\IoTPlatform.csproj]
G:\IoTPlatform\Services\AuthService.cs(125,17): error CS0117: 鈥淐ustomerDto鈥濇湭鍖呭惈鈥淧hone鈥濈殑瀹氫箟 [G:\IoTPlatform\IoTPlatform.csproj]
G:\IoTPlatform\Data\Repositories\Implementations\SystemSettingRepository.cs(37,33): error CS1061: 鈥淪ystemSetting鈥濇湭鍖呭惈鈥淪ortOrder鈥濈殑瀹氫箟锛屽苟涓旀壘涓嶅埌鍙帴鍙楃涓€涓€淪ystemSetting鈥濈被鍨嬪弬鏁扮殑鍙闂墿灞曟柟娉曗€淪ortOrder鈥?鏄惁缂哄皯 using 鎸囦护鎴栫▼搴忛泦寮曠敤?) [G:\IoTPlatform\IoTPlatform.csproj]
G:\IoTPlatform\Services\DataCollectionService.cs(58,45): error CS1061: 鈥淚DataRuleRepository鈥濇湭鍖呭惈鈥淨uery鈥濈殑瀹氫箟锛屽苟涓旀壘涓嶅埌鍙帴鍙楃涓€涓€淚DataRuleRepository鈥濈被鍨嬪弬鏁扮殑鍙闂墿灞曟柟娉曗€淨uery鈥?鏄惁缂哄皯 using 鎸囦护鎴栫▼搴忛泦寮曠敤?) [G:\IoTPlatform\IoTPlatform.csproj]
G:\IoTPlatform\Services\AuthService.cs(165,25): error CS1061: 鈥淯ser鈥濇湭鍖呭惈鈥淣ame鈥濈殑瀹氫箟锛屽苟涓旀壘涓嶅埌鍙帴鍙楃涓€涓€淯ser鈥濈被鍨嬪弬鏁扮殑鍙闂墿灞曟柟娉曗€淣ame鈥?鏄惁缂哄皯 using 鎸囦护鎴栫▼搴忛泦寮曠敤?) [G:\IoTPlatform\IoTPlatform.csproj]
G:\IoTPlatform\Data\Repositories\Implementations\SystemSettingRepository.cs(44,45): error CS1061: 鈥淪ystemSetting鈥濇湭鍖呭惈鈥淪ettingKey鈥濈殑瀹氫箟锛屽苟涓旀壘涓嶅埌鍙帴鍙楃涓€涓€淪ystemSetting鈥濈被鍨嬪弬鏁扮殑鍙闂墿灞曟柟娉曗€淪ettingKey鈥?鏄惁缂哄皯 using 鎸囦护鎴栫▼搴忛泦寮曠敤?) [G:\IoTPlatform\IoTPlatform.csproj]
G:\IoTPlatform\Services\DataCollectionService.cs(104,13): error CS0117: 鈥淎lertRecord鈥濇湭鍖呭惈鈥淭ype鈥濈殑瀹氫箟 [G:\IoTPlatform\IoTPlatform.csproj]
G:\IoTPlatform\Services\DataCollectionService.cs(106,13): error CS0117: 鈥淎lertRecord鈥濇湭鍖呭惈鈥淢essage鈥濈殑瀹氫箟 [G:\IoTPlatform\IoTPlatform.csproj]
G:\IoTPlatform\Services\DataCollectionService.cs(107,13): error CS0117: 鈥淎lertRecord鈥濇湭鍖呭惈鈥淒etail鈥濈殑瀹氫箟 [G:\IoTPlatform\IoTPlatform.csproj]
G:\IoTPlatform\Services\DataCollectionService.cs(109,13): error CS0117: 鈥淎lertRecord鈥濇湭鍖呭惈鈥淪everity鈥濈殑瀹氫箟 [G:\IoTPlatform\IoTPlatform.csproj]
G:\IoTPlatform\Services\DataCollectionService.cs(110,21): error CS0029: 鏃犳硶灏嗙被鍨嬧€渟tring鈥濋殣寮忚浆鎹负鈥渄ouble?鈥?[G:\IoTPlatform\IoTPlatform.csproj]
G:\IoTPlatform\Services\DataCollectionService.cs(113,13): error CS0117: 鈥淎lertRecord鈥濇湭鍖呭惈鈥淯nit鈥濈殑瀹氫箟 [G:\IoTPlatform\IoTPlatform.csproj]
G:\IoTPlatform\Data\Repositories\Implementations\SystemSettingRepository.cs(68,21): error CS0117: 鈥淪ystemSetting鈥濇湭鍖呭惈鈥淪ettingKey鈥濈殑瀹氫箟 [G:\IoTPlatform\IoTPlatform.csproj]
G:\IoTPlatform\Data\Repositories\Implementations\SystemSettingRepository.cs(69,21): error CS0117: 鈥淪ystemSetting鈥濇湭鍖呭惈鈥淪ettingValue鈥濈殑瀹氫箟 [G:\IoTPlatform\IoTPlatform.csproj]
G:\IoTPlatform\Data\Repositories\Implementations\SystemSettingRepository.cs(74,21): error CS0117: 鈥淪ystemSetting鈥濇湭鍖呭惈鈥淚sActive鈥濈殑瀹氫箟 [G:\IoTPlatform\IoTPlatform.csproj]
G:\IoTPlatform\Data\Repositories\Implementations\ETLTaskRepository.cs(154,53): error CS1061: 鈥淓TLTask鈥濇湭鍖呭惈鈥淭riggerType鈥濈殑瀹氫箟锛屽苟涓旀壘涓嶅埌鍙帴鍙楃涓€涓€淓TLTask鈥濈被鍨嬪弬鏁扮殑鍙闂墿灞曟柟娉曗€淭riggerType鈥?鏄惁缂哄皯 using 鎸囦护鎴栫▼搴忛泦寮曠敤?) [G:\IoTPlatform\IoTPlatform.csproj]
G:\IoTPlatform\Data\Repositories\Implementations\ETLTaskRepository.cs(155,50): error CS1061: 鈥淓TLTask鈥濇湭鍖呭惈鈥淭riggerType鈥濈殑瀹氫箟锛屽苟涓旀壘涓嶅埌鍙帴鍙楃涓€涓€淓TLTask鈥濈被鍨嬪弬鏁扮殑鍙闂墿灞曟柟娉曗€淭riggerType鈥?鏄惁缂哄皯 using 鎸囦护鎴栫▼搴忛泦寮曠敤?) [G:\IoTPlatform\IoTPlatform.csproj]
G:\IoTPlatform\Services\DataRuleService.cs(40,41): error CS1061: 鈥淚DataRuleRepository鈥濇湭鍖呭惈鈥淨uery鈥濈殑瀹氫箟锛屽苟涓旀壘涓嶅埌鍙帴鍙楃涓€涓€淚DataRuleRepository鈥濈被鍨嬪弬鏁扮殑鍙闂墿灞曟柟娉曗€淨uery鈥?鏄惁缂哄皯 using 鎸囦护鎴栫▼搴忛泦寮曠敤?) [G:\IoTPlatform\IoTPlatform.csproj]
G:\IoTPlatform\Data\Repositories\Implementations\SystemSettingRepository.cs(90,65): error CS1061: 鈥淪ystemSetting鈥濇湭鍖呭惈鈥淪ettingValue鈥濈殑瀹氫箟锛屽苟涓旀壘涓嶅埌鍙帴鍙楃涓€涓€淪ystemSetting鈥濈被鍨嬪弬鏁扮殑鍙闂墿灞曟柟娉曗€淪ettingValue鈥?鏄惁缂哄皯 using 鎸囦护鎴栫▼搴忛泦寮曠敤?) [G:\IoTPlatform\IoTPlatform.csproj]
G:\IoTPlatform\Data\Repositories\Implementations\SystemSettingRepository.cs(99,47): error CS1061: 鈥淪ystemSetting鈥濇湭鍖呭惈鈥淪ettingValue鈥濈殑瀹氫箟锛屽苟涓旀壘涓嶅埌鍙帴鍙楃涓€涓€淪ystemSetting鈥濈被鍨嬪弬鏁扮殑鍙闂墿灞曟柟娉曗€淪ettingValue鈥?鏄惁缂哄皯 using 鎸囦护鎴栫▼搴忛泦寮曠敤?) [G:\IoTPlatform\IoTPlatform.csproj]
G:\IoTPlatform\Data\Repositories\Implementations\SystemSettingRepository.cs(103,46): error CS1061: 鈥淪ystemSetting鈥濇湭鍖呭惈鈥淪ettingValue鈥濈殑瀹氫箟锛屽苟涓旀壘涓嶅埌鍙帴鍙楃涓€涓€淪ystemSetting鈥濈被鍨嬪弬鏁扮殑鍙闂墿灞曟柟娉曗€淪ettingValue鈥?鏄惁缂哄皯 using 鎸囦护鎴栫▼搴忛泦寮曠敤?) [G:\IoTPlatform\IoTPlatform.csproj]
G:\IoTPlatform\Data\Repositories\Implementations\SystemSettingRepository.cs(110,47): error CS1061: 鈥淪ystemSetting鈥濇湭鍖呭惈鈥淪ettingValue鈥濈殑瀹氫箟锛屽苟涓旀壘涓嶅埌鍙帴鍙楃涓€涓€淪ystemSetting鈥濈被鍨嬪弬鏁扮殑鍙闂墿灞曟柟娉曗€淪ettingValue鈥?鏄惁缂哄皯 using 鎸囦护鎴栫▼搴忛泦寮曠敤?) [G:\IoTPlatform\IoTPlatform.csproj]
G:\IoTPlatform\Data\Repositories\Implementations\SystemSettingRepository.cs(117,49): error CS1061: 鈥淪ystemSetting鈥濇湭鍖呭惈鈥淪ettingValue鈥濈殑瀹氫箟锛屽苟涓旀壘涓嶅埌鍙帴鍙楃涓€涓€淪ystemSetting鈥濈被鍨嬪弬鏁扮殑鍙闂墿灞曟柟娉曗€淪ettingValue鈥?鏄惁缂哄皯 using 鎸囦护鎴栫▼搴忛泦寮曠敤?) [G:\IoTPlatform\IoTPlatform.csproj]
G:\IoTPlatform\Data\Repositories\Implementations\SystemSettingRepository.cs(124,51): error CS1061: 鈥淪ystemSetting鈥濇湭鍖呭惈鈥淪ettingValue鈥濈殑瀹氫箟锛屽苟涓旀壘涓嶅埌鍙帴鍙楃涓€涓€淪ystemSetting鈥濈被鍨嬪弬鏁扮殑鍙闂墿灞曟柟娉曗€淪ettingValue鈥?鏄惁缂哄皯 using 鎸囦护鎴栫▼搴忛泦寮曠敤?) [G:\IoTPlatform\IoTPlatform.csproj]
G:\IoTPlatform\Data\Repositories\Implementations\SystemSettingRepository.cs(132,66): error CS1061: 鈥淪ystemSetting鈥濇湭鍖呭惈鈥淪ettingValue鈥濈殑瀹氫箟锛屽苟涓旀壘涓嶅埌鍙帴鍙楃涓€涓€淪ystemSetting鈥濈被鍨嬪弬鏁扮殑鍙闂墿灞曟柟娉曗€淪ettingValue鈥?鏄惁缂哄皯 using 鎸囦护鎴栫▼搴忛泦寮曠敤?) [G:\IoTPlatform\IoTPlatform.csproj]
G:\IoTPlatform\Data\Repositories\Implementations\ETLTaskRepository.cs(163,31): error CS1061: 鈥淓TLTask鈥濇湭鍖呭惈鈥淒ataRuleId鈥濈殑瀹氫箟锛屽苟涓旀壘涓嶅埌鍙帴鍙楃涓€涓€淓TLTask鈥濈被鍨嬪弬鏁扮殑鍙闂墿灞曟柟娉曗€淒ataRuleId鈥?鏄惁缂哄皯 using 鎸囦护鎴栫▼搴忛泦寮曠敤?) [G:\IoTPlatform\IoTPlatform.csproj]
G:\IoTPlatform\Services\DictionaryService.cs(31,43): error CS1061: 鈥淚DictionaryRepository鈥濇湭鍖呭惈鈥淕etTypesQuery鈥濈殑瀹氫箟锛屽苟涓旀壘涓嶅埌鍙帴鍙楃涓€涓€淚DictionaryRepository鈥濈被鍨嬪弬鏁扮殑鍙闂墿灞曟柟娉曗€淕etTypesQuery鈥?鏄惁缂哄皯 using 鎸囦护鎴栫▼搴忛泦寮曠敤?) [G:\IoTPlatform\IoTPlatform.csproj]
G:\IoTPlatform\Data\Repositories\Implementations\SystemSettingRepository.cs(165,21): error CS0117: 鈥淪ystemSetting鈥濇湭鍖呭惈鈥淪ettingKey鈥濈殑瀹氫箟 [G:\IoTPlatform\IoTPlatform.csproj]
G:\IoTPlatform\Data\Repositories\Implementations\SystemSettingRepository.cs(166,21): error CS0117: 鈥淪ystemSetting鈥濇湭鍖呭惈鈥淪ettingValue鈥濈殑瀹氫箟 [G:\IoTPlatform\IoTPlatform.csproj]
G:\IoTPlatform\Data\Repositories\Implementations\SystemSettingRepository.cs(171,21): error CS0117: 鈥淪ystemSetting鈥濇湭鍖呭惈鈥淚sActive鈥濈殑瀹氫箟 [G:\IoTPlatform\IoTPlatform.csproj]
G:\IoTPlatform\Data\Repositories\Implementations\SystemSettingRepository.cs(180,25): error CS1061: 鈥淪ystemSetting鈥濇湭鍖呭惈鈥淪ettingValue鈥濈殑瀹氫箟锛屽苟涓旀壘涓嶅埌鍙帴鍙楃涓€涓€淪ystemSetting鈥濈被鍨嬪弬鏁扮殑鍙闂墿灞曟柟娉曗€淪ettingValue鈥?鏄惁缂哄皯 using 鎸囦护鎴栫▼搴忛泦寮曠敤?) [G:\IoTPlatform\IoTPlatform.csproj]
G:\IoTPlatform\Data\Repositories\Implementations\SystemSettingRepository.cs(150,39): warning CS8600: 灏?null 鏂囨湰鎴栧彲鑳界殑 null 鍊艰浆鎹负涓嶅彲涓?null 绫诲瀷銆?[G:\IoTPlatform\IoTPlatform.csproj]
G:\IoTPlatform\Data\Repositories\Implementations\SystemSettingRepository.cs(150,31): warning CS8600: 灏?null 鏂囨湰鎴栧彲鑳界殑 null 鍊艰浆鎹负涓嶅彲涓?null 绫诲瀷銆?[G:\IoTPlatform\IoTPlatform.csproj]
G:\IoTPlatform\Services\DictionaryService.cs(70,43): error CS1061: 鈥淚DictionaryRepository鈥濇湭鍖呭惈鈥淕etTypesQuery鈥濈殑瀹氫箟锛屽苟涓旀壘涓嶅埌鍙帴鍙楃涓€涓€淚DictionaryRepository鈥濈被鍨嬪弬鏁扮殑鍙闂墿灞曟柟娉曗€淕etTypesQuery鈥?鏄惁缂哄皯 using 鎸囦护鎴栫▼搴忛泦寮曠敤?) [G:\IoTPlatform\IoTPlatform.csproj]
G:\IoTPlatform\Services\AuthService.cs(242,13): error CS0117: 鈥淐ustomerDto鈥濇湭鍖呭惈鈥淐ontact鈥濈殑瀹氫箟 [G:\IoTPlatform\IoTPlatform.csproj]
G:\IoTPlatform\Services\AuthService.cs(243,13): error CS0117: 鈥淐ustomerDto鈥濇湭鍖呭惈鈥淧hone鈥濈殑瀹氫箟 [G:\IoTPlatform\IoTPlatform.csproj]
G:\IoTPlatform\Services\DictionaryService.cs(112,37): error CS1061: 鈥淚DictionaryRepository鈥濇湭鍖呭惈鈥淎ddTypeAsync鈥濈殑瀹氫箟锛屽苟涓旀壘涓嶅埌鍙帴鍙楃涓€涓€淚DictionaryRepository鈥濈被鍨嬪弬鏁扮殑鍙闂墿灞曟柟娉曗€淎ddTypeAsync鈥?鏄惁缂哄皯 using 鎸囦护鎴栫▼搴忛泦寮曠敤?) [G:\IoTPlatform\IoTPlatform.csproj]
G:\IoTPlatform\Services\DataRuleService.cs(100,41): error CS1061: 鈥淚DataRuleRepository鈥濇湭鍖呭惈鈥淨uery鈥濈殑瀹氫箟锛屽苟涓旀壘涓嶅埌鍙帴鍙楃涓€涓€淚DataRuleRepository鈥濈被鍨嬪弬鏁扮殑鍙闂墿灞曟柟娉曗€淨uery鈥?鏄惁缂哄皯 using 鎸囦护鎴栫▼搴忛泦寮曠敤?) [G:\IoTPlatform\IoTPlatform.csproj]
G:\IoTPlatform\Services\DictionaryService.cs(134,48): error CS1061: 鈥淚DictionaryRepository鈥濇湭鍖呭惈鈥淕etTypeByIdAsync鈥濈殑瀹氫箟锛屽苟涓旀壘涓嶅埌鍙帴鍙楃涓€涓€淚DictionaryRepository鈥濈被鍨嬪弬鏁扮殑鍙闂墿灞曟柟娉曗€淕etTypeByIdAsync鈥?鏄惁缂哄皯 using 鎸囦护鎴栫▼搴忛泦寮曠敤?) [G:\IoTPlatform\IoTPlatform.csproj]
G:\IoTPlatform\Services\DictionaryService.cs(152,37): error CS1061: 鈥淚DictionaryRepository鈥濇湭鍖呭惈鈥淯pdateTypeAsync鈥濈殑瀹氫箟锛屽苟涓旀壘涓嶅埌鍙帴鍙楃涓€涓€淚DictionaryRepository鈥濈被鍨嬪弬鏁扮殑鍙闂墿灞曟柟娉曗€淯pdateTypeAsync鈥?鏄惁缂哄皯 using 鎸囦护鎴栫▼搴忛泦寮曠敤?) [G:\IoTPlatform\IoTPlatform.csproj]
G:\IoTPlatform\Services\MonitoringService.cs(30,43): error CS1061: 鈥淚MonitoringRepository鈥濇湭鍖呭惈鈥淨uery鈥濈殑瀹氫箟锛屽苟涓旀壘涓嶅埌鍙帴鍙楃涓€涓€淚MonitoringRepository鈥濈被鍨嬪弬鏁扮殑鍙闂墿灞曟柟娉曗€淨uery鈥?鏄惁缂哄皯 using 鎸囦护鎴栫▼搴忛泦寮曠敤?) [G:\IoTPlatform\IoTPlatform.csproj]
G:\IoTPlatform\Data\Repositories\Implementations\SystemSettingRepository.cs(197,59): error CS1061: 鈥淪ystemSetting鈥濇湭鍖呭惈鈥淪ettingKey鈥濈殑瀹氫箟锛屽苟涓旀壘涓嶅埌鍙帴鍙楃涓€涓€淪ystemSetting鈥濈被鍨嬪弬鏁扮殑鍙闂墿灞曟柟娉曗€淪ettingKey鈥?鏄惁缂哄皯 using 鎸囦护鎴栫▼搴忛泦寮曠敤?) [G:\IoTPlatform\IoTPlatform.csproj]
G:\IoTPlatform\Data\Repositories\Implementations\ETLTaskRepository.cs(172,31): error CS1061: 鈥淓TLTask鈥濇湭鍖呭惈鈥淒ataRuleId鈥濈殑瀹氫箟锛屽苟涓旀壘涓嶅埌鍙帴鍙楃涓€涓€淓TLTask鈥濈被鍨嬪弬鏁扮殑鍙闂墿灞曟柟娉曗€淒ataRuleId鈥?鏄惁缂哄皯 using 鎸囦护鎴栫▼搴忛泦寮曠敤?) [G:\IoTPlatform\IoTPlatform.csproj]
G:\IoTPlatform\Services\DictionaryService.cs(174,48): error CS1061: 鈥淚DictionaryRepository鈥濇湭鍖呭惈鈥淕etTypeByIdAsync鈥濈殑瀹氫箟锛屽苟涓旀壘涓嶅埌鍙帴鍙楃涓€涓€淚DictionaryRepository鈥濈被鍨嬪弬鏁扮殑鍙闂墿灞曟柟娉曗€淕etTypeByIdAsync鈥?鏄惁缂哄皯 using 鎸囦护鎴栫▼搴忛泦寮曠敤?) [G:\IoTPlatform\IoTPlatform.csproj]
G:\IoTPlatform\Services\DictionaryService.cs(187,52): error CS1061: 鈥淚DictionaryRepository鈥濇湭鍖呭惈鈥淭ypeHasItemsAsync鈥濈殑瀹氫箟锛屽苟涓旀壘涓嶅埌鍙帴鍙楃涓€涓€淚DictionaryRepository鈥濈被鍨嬪弬鏁扮殑鍙闂墿灞曟柟娉曗€淭ypeHasItemsAsync鈥?鏄惁缂哄皯 using 鎸囦护鎴栫▼搴忛泦寮曠敤?) [G:\IoTPlatform\IoTPlatform.csproj]
G:\IoTPlatform\Services\DictionaryService.cs(193,37): error CS1061: 鈥淚DictionaryRepository鈥濇湭鍖呭惈鈥淒eleteTypeAsync鈥濈殑瀹氫箟锛屽苟涓旀壘涓嶅埌鍙帴鍙楃涓€涓€淚DictionaryRepository鈥濈被鍨嬪弬鏁扮殑鍙闂墿灞曟柟娉曗€淒eleteTypeAsync鈥?鏄惁缂哄皯 using 鎸囦护鎴栫▼搴忛泦寮曠敤?) [G:\IoTPlatform\IoTPlatform.csproj]
G:\IoTPlatform\Services\DataRuleService.cs(162,42): error CS1061: 鈥淚DataRuleRepository鈥濇湭鍖呭惈鈥淨uery鈥濈殑瀹氫箟锛屽苟涓旀壘涓嶅埌鍙帴鍙楃涓€涓€淚DataRuleRepository鈥濈被鍨嬪弬鏁扮殑鍙闂墿灞曟柟娉曗€淨uery鈥?鏄惁缂哄皯 using 鎸囦护鎴栫▼搴忛泦寮曠敤?) [G:\IoTPlatform\IoTPlatform.csproj]
G:\IoTPlatform\Data\Repositories\Implementations\ETLTaskRepository.cs(185,43): error CS1503: 鍙傛暟 1: 鏃犳硶浠庘€淪ystem.Guid鈥濊浆鎹负鈥渓ong鈥?[G:\IoTPlatform\IoTPlatform.csproj]
G:\IoTPlatform\Data\Repositories\Implementations\SystemSettingRepository.cs(232,25): error CS0117: 鈥淪ystemSetting鈥濇湭鍖呭惈鈥淪ettingKey鈥濈殑瀹氫箟 [G:\IoTPlatform\IoTPlatform.csproj]
G:\IoTPlatform\Data\Repositories\Implementations\SystemSettingRepository.cs(233,25): error CS0117: 鈥淪ystemSetting鈥濇湭鍖呭惈鈥淪ettingValue鈥濈殑瀹氫箟 [G:\IoTPlatform\IoTPlatform.csproj]
G:\IoTPlatform\Data\Repositories\Implementations\SystemSettingRepository.cs(235,25): error CS0117: 鈥淪ystemSetting鈥濇湭鍖呭惈鈥淚sActive鈥濈殑瀹氫箟 [G:\IoTPlatform\IoTPlatform.csproj]
G:\IoTPlatform\Data\Repositories\Implementations\SystemSettingRepository.cs(243,29): error CS1061: 鈥淪ystemSetting鈥濇湭鍖呭惈鈥淪ettingValue鈥濈殑瀹氫箟锛屽苟涓旀壘涓嶅埌鍙帴鍙楃涓€涓€淪ystemSetting鈥濈被鍨嬪弬鏁扮殑鍙闂墿灞曟柟娉曗€淪ettingValue鈥?鏄惁缂哄皯 using 鎸囦护鎴栫▼搴忛泦寮曠敤?) [G:\IoTPlatform\IoTPlatform.csproj]
G:\IoTPlatform\Services\LogService.cs(26,36): error CS1061: 鈥淚LogRepository鈥濇湭鍖呭惈鈥淕etOperationLogsQuery鈥濈殑瀹氫箟锛屽苟涓旀壘涓嶅埌鍙帴鍙楃涓€涓€淚LogRepository鈥濈被鍨嬪弬鏁扮殑鍙闂墿灞曟柟娉曗€淕etOperationLogsQuery鈥?鏄惁缂哄皯 using 鎸囦护鎴栫▼搴忛泦寮曠敤?) [G:\IoTPlatform\IoTPlatform.csproj]
G:\IoTPlatform\Services\ETLTaskService.cs(32,40): error CS1061: 鈥淚ETLTaskRepository鈥濇湭鍖呭惈鈥淨uery鈥濈殑瀹氫箟锛屽苟涓旀壘涓嶅埌鍙帴鍙楃涓€涓€淚ETLTaskRepository鈥濈被鍨嬪弬鏁扮殑鍙闂墿灞曟柟娉曗€淨uery鈥?鏄惁缂哄皯 using 鎸囦护鎴栫▼搴忛泦寮曠敤?) [G:\IoTPlatform\IoTPlatform.csproj]
G:\IoTPlatform\Services\MonitoringService.cs(78,43): error CS1061: 鈥淚MonitoringRepository鈥濇湭鍖呭惈鈥淨uery鈥濈殑瀹氫箟锛屽苟涓旀壘涓嶅埌鍙帴鍙楃涓€涓€淚MonitoringRepository鈥濈被鍨嬪弬鏁扮殑鍙闂墿灞曟柟娉曗€淨uery鈥?鏄惁缂哄皯 using 鎸囦护鎴栫▼搴忛泦寮曠敤?) [G:\IoTPlatform\IoTPlatform.csproj]
G:\IoTPlatform\Services\DataRuleService.cs(194,46): error CS1061: 鈥淚DataRuleRepository鈥濇湭鍖呭惈鈥淨uery鈥濈殑瀹氫箟锛屽苟涓旀壘涓嶅埌鍙帴鍙楃涓€涓€淚DataRuleRepository鈥濈被鍨嬪弬鏁扮殑鍙闂墿灞曟柟娉曗€淨uery鈥?鏄惁缂哄皯 using 鎸囦护鎴栫▼搴忛泦寮曠敤?) [G:\IoTPlatform\IoTPlatform.csproj]
G:\IoTPlatform\Services\ETLTaskService.cs(87,40): error CS1061: 鈥淚ETLTaskRepository鈥濇湭鍖呭惈鈥淨uery鈥濈殑瀹氫箟锛屽苟涓旀壘涓嶅埌鍙帴鍙楃涓€涓€淚ETLTaskRepository鈥濈被鍨嬪弬鏁扮殑鍙闂墿灞曟柟娉曗€淨uery鈥?鏄惁缂哄皯 using 鎸囦护鎴栫▼搴忛泦寮曠敤?) [G:\IoTPlatform\IoTPlatform.csproj]
G:\IoTPlatform\Services\LogService.cs(89,36): error CS1061: 鈥淚LogRepository鈥濇湭鍖呭惈鈥淕etLoginLogsQuery鈥濈殑瀹氫箟锛屽苟涓旀壘涓嶅埌鍙帴鍙楃涓€涓€淚LogRepository鈥濈被鍨嬪弬鏁扮殑鍙闂墿灞曟柟娉曗€淕etLoginLogsQuery鈥?鏄惁缂哄皯 using 鎸囦护鎴栫▼搴忛泦寮曠敤?) [G:\IoTPlatform\IoTPlatform.csproj]
G:\IoTPlatform\Services\DictionaryService.cs(202,43): error CS1061: 鈥淚DictionaryRepository鈥濇湭鍖呭惈鈥淕etItemsQuery鈥濈殑瀹氫箟锛屽苟涓旀壘涓嶅埌鍙帴鍙楃涓€涓€淚DictionaryRepository鈥濈被鍨嬪弬鏁扮殑鍙闂墿灞曟柟娉曗€淕etItemsQuery鈥?鏄惁缂哄皯 using 鎸囦护鎴栫▼搴忛泦寮曠敤?) [G:\IoTPlatform\IoTPlatform.csproj]
G:\IoTPlatform\Services\LogService.cs(143,36): error CS1061: 鈥淚LogRepository鈥濇湭鍖呭惈鈥淕etOperationLogsQuery鈥濈殑瀹氫箟锛屽苟涓旀壘涓嶅埌鍙帴鍙楃涓€涓€淚LogRepository鈥濈被鍨嬪弬鏁扮殑鍙闂墿灞曟柟娉曗€淕etOperationLogsQuery鈥?鏄惁缂哄皯 using 鎸囦护鎴栫▼搴忛泦寮曠敤?) [G:\IoTPlatform\IoTPlatform.csproj]
G:\IoTPlatform\Services\DictionaryService.cs(230,43): error CS1061: 鈥淚DictionaryRepository鈥濇湭鍖呭惈鈥淕etItemsQuery鈥濈殑瀹氫箟锛屽苟涓旀壘涓嶅埌鍙帴鍙楃涓€涓€淚DictionaryRepository鈥濈被鍨嬪弬鏁扮殑鍙闂墿灞曟柟娉曗€淕etItemsQuery鈥?鏄惁缂哄皯 using 鎸囦护鎴栫▼搴忛泦寮曠敤?) [G:\IoTPlatform\IoTPlatform.csproj]
G:\IoTPlatform\Services\MonitoringService.cs(124,43): error CS1061: 鈥淚MonitoringRepository鈥濇湭鍖呭惈鈥淨uery鈥濈殑瀹氫箟锛屽苟涓旀壘涓嶅埌鍙帴鍙楃涓€涓€淚MonitoringRepository鈥濈被鍨嬪弬鏁扮殑鍙闂墿灞曟柟娉曗€淨uery鈥?鏄惁缂哄皯 using 鎸囦护鎴栫▼搴忛泦寮曠敤?) [G:\IoTPlatform\IoTPlatform.csproj]
G:\IoTPlatform\Services\DeviceService.cs(54,38): error CS1061: 鈥淚Queryable<Device>鈥濇湭鍖呭惈鈥淐ountAsync鈥濈殑瀹氫箟锛屽苟涓旀壘涓嶅埌鍙帴鍙楃涓€涓€淚Queryable<Device>鈥濈被鍨嬪弬鏁扮殑鍙闂墿灞曟柟娉曗€淐ountAsync鈥?鏄惁缂哄皯 using 鎸囦护鎴栫▼搴忛泦寮曠敤?) [G:\IoTPlatform\IoTPlatform.csproj]
G:\IoTPlatform\Services\DeviceService.cs(59,14): error CS1061: 鈥淚Queryable<Device>鈥濇湭鍖呭惈鈥淭oListAsync鈥濈殑瀹氫箟锛屽苟涓旀壘涓嶅埌鍙帴鍙楃涓€涓€淚Queryable<Device>鈥濈被鍨嬪弬鏁扮殑鍙闂墿灞曟柟娉曗€淭oListAsync鈥?鏄惁缂哄皯 using 鎸囦护鎴栫▼搴忛泦寮曠敤?) [G:\IoTPlatform\IoTPlatform.csproj]
G:\IoTPlatform\Services\DictionaryService.cs(280,37): error CS1061: 鈥淚DictionaryRepository鈥濇湭鍖呭惈鈥淎ddItemAsync鈥濈殑瀹氫箟锛屽苟涓旀壘涓嶅埌鍙帴鍙楃涓€涓€淚DictionaryRepository鈥濈被鍨嬪弬鏁扮殑鍙闂墿灞曟柟娉曗€淎ddItemAsync鈥?鏄惁缂哄皯 using 鎸囦护鎴栫▼搴忛泦寮曠敤?) [G:\IoTPlatform\IoTPlatform.csproj]
G:\IoTPlatform\Services\LogService.cs(171,36): error CS1061: 鈥淚LogRepository鈥濇湭鍖呭惈鈥淕etLoginLogsQuery鈥濈殑瀹氫箟锛屽苟涓旀壘涓嶅埌鍙帴鍙楃涓€涓€淚LogRepository鈥濈被鍨嬪弬鏁扮殑鍙闂墿灞曟柟娉曗€淕etLoginLogsQuery鈥?鏄惁缂哄皯 using 鎸囦护鎴栫▼搴忛泦寮曠敤?) [G:\IoTPlatform\IoTPlatform.csproj]
G:\IoTPlatform\Services\MonitoringService.cs(175,50): error CS1061: 鈥淚MonitoringRepository鈥濇湭鍖呭惈鈥淨uery鈥濈殑瀹氫箟锛屽苟涓旀壘涓嶅埌鍙帴鍙楃涓€涓€淚MonitoringRepository鈥濈被鍨嬪弬鏁扮殑鍙闂墿灞曟柟娉曗€淨uery鈥?鏄惁缂哄皯 using 鎸囦护鎴栫▼搴忛泦寮曠敤?) [G:\IoTPlatform\IoTPlatform.csproj]
G:\IoTPlatform\Services\MonitoringService.cs(185,49): error CS1061: 鈥淚MonitoringRepository鈥濇湭鍖呭惈鈥淨uery鈥濈殑瀹氫箟锛屽苟涓旀壘涓嶅埌鍙帴鍙楃涓€涓€淚MonitoringRepository鈥濈被鍨嬪弬鏁扮殑鍙闂墿灞曟柟娉曗€淨uery鈥?鏄惁缂哄皯 using 鎸囦护鎴栫▼搴忛泦寮曠敤?) [G:\IoTPlatform\IoTPlatform.csproj]
G:\IoTPlatform\Services\DeviceService.cs(107,39): error CS1061: 鈥淚DeviceRepository鈥濇湭鍖呭惈鈥淨uery鈥濈殑瀹氫箟锛屽苟涓旀壘涓嶅埌鍙帴鍙楃涓€涓€淚DeviceRepository鈥濈被鍨嬪弬鏁扮殑鍙闂墿灞曟柟娉曗€淨uery鈥?鏄惁缂哄皯 using 鎸囦护鎴栫▼搴忛泦寮曠敤?) [G:\IoTPlatform\IoTPlatform.csproj]
G:\IoTPlatform\Services\DictionaryService.cs(303,48): error CS1061: 鈥淚DictionaryRepository鈥濇湭鍖呭惈鈥淕etItemByIdAsync鈥濈殑瀹氫箟锛屽苟涓旀壘涓嶅埌鍙帴鍙楃涓€涓€淚DictionaryRepository鈥濈被鍨嬪弬鏁扮殑鍙闂墿灞曟柟娉曗€淕etItemByIdAsync鈥?鏄惁缂哄皯 using 鎸囦护鎴栫▼搴忛泦寮曠敤?) [G:\IoTPlatform\IoTPlatform.csproj]
G:\IoTPlatform\Services\DictionaryService.cs(321,37): error CS1061: 鈥淚DictionaryRepository鈥濇湭鍖呭惈鈥淯pdateItemAsync鈥濈殑瀹氫箟锛屽苟涓旀壘涓嶅埌鍙帴鍙楃涓€涓€淚DictionaryRepository鈥濈被鍨嬪弬鏁扮殑鍙闂墿灞曟柟娉曗€淯pdateItemAsync鈥?鏄惁缂哄皯 using 鎸囦护鎴栫▼搴忛泦寮曠敤?) [G:\IoTPlatform\IoTPlatform.csproj]
G:\IoTPlatform\Services\DictionaryService.cs(344,48): error CS1061: 鈥淚DictionaryRepository鈥濇湭鍖呭惈鈥淕etItemByIdAsync鈥濈殑瀹氫箟锛屽苟涓旀壘涓嶅埌鍙帴鍙楃涓€涓€淚DictionaryRepository鈥濈被鍨嬪弬鏁扮殑鍙闂墿灞曟柟娉曗€淕etItemByIdAsync鈥?鏄惁缂哄皯 using 鎸囦护鎴栫▼搴忛泦寮曠敤?) [G:\IoTPlatform\IoTPlatform.csproj]
G:\IoTPlatform\Services\DictionaryService.cs(356,37): error CS1061: 鈥淚DictionaryRepository鈥濇湭鍖呭惈鈥淒eleteItemAsync鈥濈殑瀹氫箟锛屽苟涓旀壘涓嶅埌鍙帴鍙楃涓€涓€淚DictionaryRepository鈥濈被鍨嬪弬鏁扮殑鍙闂墿灞曟柟娉曗€淒eleteItemAsync鈥?鏄惁缂哄皯 using 鎸囦护鎴栫▼搴忛泦寮曠敤?) [G:\IoTPlatform\IoTPlatform.csproj]
G:\IoTPlatform\Services\DeviceService.cs(340,54): error CS1061: 鈥淚DeviceRepository鈥濇湭鍖呭惈鈥淨uery鈥濈殑瀹氫箟锛屽苟涓旀壘涓嶅埌鍙帴鍙楃涓€涓€淚DeviceRepository鈥濈被鍨嬪弬鏁扮殑鍙闂墿灞曟柟娉曗€淨uery鈥?鏄惁缂哄皯 using 鎸囦护鎴栫▼搴忛泦寮曠敤?) [G:\IoTPlatform\IoTPlatform.csproj]
G:\IoTPlatform\Services\DeviceService.cs(341,50): error CS1061: 鈥淚DeviceRepository鈥濇湭鍖呭惈鈥淨uery鈥濈殑瀹氫箟锛屽苟涓旀壘涓嶅埌鍙帴鍙楃涓€涓€淚DeviceRepository鈥濈被鍨嬪弬鏁扮殑鍙闂墿灞曟柟娉曗€淨uery鈥?鏄惁缂哄皯 using 鎸囦护鎴栫▼搴忛泦寮曠敤?) [G:\IoTPlatform\IoTPlatform.csproj]
G:\IoTPlatform\Services\DeviceService.cs(342,48): error CS1061: 鈥淚DeviceRepository鈥濇湭鍖呭惈鈥淨uery鈥濈殑瀹氫箟锛屽苟涓旀壘涓嶅埌鍙帴鍙楃涓€涓€淚DeviceRepository鈥濈被鍨嬪弬鏁扮殑鍙闂墿灞曟柟娉曗€淨uery鈥?鏄惁缂哄皯 using 鎸囦护鎴栫▼搴忛泦寮曠敤?) [G:\IoTPlatform\IoTPlatform.csproj]
G:\IoTPlatform\Services\DeviceService.cs(370,39): error CS1061: 鈥淚DeviceRepository鈥濇湭鍖呭惈鈥淨uery鈥濈殑瀹氫箟锛屽苟涓旀壘涓嶅埌鍙帴鍙楃涓€涓€淚DeviceRepository鈥濈被鍨嬪弬鏁扮殑鍙闂墿灞曟柟娉曗€淨uery鈥?鏄惁缂哄皯 using 鎸囦护鎴栫▼搴忛泦寮曠敤?) [G:\IoTPlatform\IoTPlatform.csproj]
G:\IoTPlatform\Services\DeviceService.cs(415,39): error CS1061: 鈥淚DeviceRepository鈥濇湭鍖呭惈鈥淨uery鈥濈殑瀹氫箟锛屽苟涓旀壘涓嶅埌鍙帴鍙楃涓€涓€淚DeviceRepository鈥濈被鍨嬪弬鏁扮殑鍙闂墿灞曟柟娉曗€淨uery鈥?鏄惁缂哄皯 using 鎸囦护鎴栫▼搴忛泦寮曠敤?) [G:\IoTPlatform\IoTPlatform.csproj]
G:\IoTPlatform\Services\DeviceService.cs(479,49): error CS1061: 鈥淚DeviceRepository鈥濇湭鍖呭惈鈥淨uery鈥濈殑瀹氫箟锛屽苟涓旀壘涓嶅埌鍙帴鍙楃涓€涓€淚DeviceRepository鈥濈被鍨嬪弬鏁扮殑鍙闂墿灞曟柟娉曗€淨uery鈥?鏄惁缂哄皯 using 鎸囦护鎴栫▼搴忛泦寮曠敤?) [G:\IoTPlatform\IoTPlatform.csproj]

鐢熸垚澶辫触銆?

G:\IoTPlatform\DTOs\Requests\CreateArchiveRequest.cs(19,19): warning CS8618: 鍦ㄩ€€鍑烘瀯閫犲嚱鏁版椂锛屼笉鍙负 null 鐨?灞炴€?"Type" 蹇呴』鍖呭惈闈?null 鍊笺€傝鑰冭檻娣诲姞 "required" 淇グ绗︽垨灏嗚 灞炴€?澹版槑涓哄彲涓?null銆?[G:\IoTPlatform\IoTPlatform.csproj]
G:\IoTPlatform\Infrastructure\JWT\JwtHelper.cs(58,48): warning CS8604: 鈥淐laim.Claim(string type, string value)鈥濅腑鐨勫舰鍙傗€渧alue鈥濆彲鑳戒紶鍏?null 寮曠敤瀹炲弬銆?[G:\IoTPlatform\IoTPlatform.csproj]
G:\IoTPlatform\Services\AlertService.cs(116,17): warning CS0219: 鍙橀噺鈥渙peratorName鈥濆凡琚祴鍊硷紝浣嗕粠鏈娇鐢ㄨ繃瀹冪殑鍊?[G:\IoTPlatform\IoTPlatform.csproj]
G:\IoTPlatform\Data\Repositories\Implementations\AlertRecordRepository.cs(23,31): warning CS8602: 瑙ｅ紩鐢ㄥ彲鑳藉嚭鐜扮┖寮曠敤銆?[G:\IoTPlatform\IoTPlatform.csproj]
G:\IoTPlatform\Data\Repositories\Implementations\DeviceRepository.cs(151,31): warning CS8604: 鈥渋nt Enumerable.Count<DeviceSensor>(IEnumerable<DeviceSensor> source)鈥濅腑鐨勫舰鍙傗€渟ource鈥濆彲鑳戒紶鍏?null 寮曠敤瀹炲弬銆?[G:\IoTPlatform\IoTPlatform.csproj]
G:\IoTPlatform\Data\Repositories\Implementations\DeviceRepository.cs(152,35): warning CS8604: 鈥渋nt Enumerable.Count<DeviceDataRecord>(IEnumerable<DeviceDataRecord> source)鈥濅腑鐨勫舰鍙傗€渟ource鈥濆彲鑳戒紶鍏?null 寮曠敤瀹炲弬銆?[G:\IoTPlatform\IoTPlatform.csproj]
G:\IoTPlatform\Data\Repositories\Implementations\DeviceRepository.cs(153,30): warning CS8604: 鈥渋nt Enumerable.Count<AlertRecord>(IEnumerable<AlertRecord> source)鈥濅腑鐨勫舰鍙傗€渟ource鈥濆彲鑳戒紶鍏?null 寮曠敤瀹炲弬銆?[G:\IoTPlatform\IoTPlatform.csproj]
G:\IoTPlatform\Data\Repositories\Implementations\AlertRecordRepository.cs(233,35): warning CS8602: 瑙ｅ紩鐢ㄥ彲鑳藉嚭鐜扮┖寮曠敤銆?[G:\IoTPlatform\IoTPlatform.csproj]
G:\IoTPlatform\Services\Rules\RuleEngine.cs(37,32): warning CS8604: 鈥渙bject Dictionary<string, object>.this[string key]鈥濅腑鐨勫舰鍙傗€渒ey鈥濆彲鑳戒紶鍏?null 寮曠敤瀹炲弬銆?[G:\IoTPlatform\IoTPlatform.csproj]
G:\IoTPlatform\Data\Repositories\Implementations\AlertRecordRepository.cs(245,35): warning CS8602: 瑙ｅ紩鐢ㄥ彲鑳藉嚭鐜扮┖寮曠敤銆?[G:\IoTPlatform\IoTPlatform.csproj]
G:\IoTPlatform\Data\Repositories\Implementations\ProjectRepository.cs(46,31): warning CS8604: 鈥渋nt Enumerable.Count<Device>(IEnumerable<Device> source)鈥濅腑鐨勫舰鍙傗€渟ource鈥濆彲鑳戒紶鍏?null 寮曠敤瀹炲弬銆?[G:\IoTPlatform\IoTPlatform.csproj]
G:\IoTPlatform\Data\Repositories\Implementations\ProjectRepository.cs(47,33): warning CS8604: 鈥渋nt Enumerable.Count<Contract>(IEnumerable<Contract> source)鈥濅腑鐨勫舰鍙傗€渟ource鈥濆彲鑳戒紶鍏?null 寮曠敤瀹炲弬銆?[G:\IoTPlatform\IoTPlatform.csproj]
G:\IoTPlatform\Data\Repositories\Implementations\ProjectRepository.cs(48,36): warning CS8604: 鈥渋nt Enumerable.Count<WorkSummary>(IEnumerable<WorkSummary> source)鈥濅腑鐨勫舰鍙傗€渟ource鈥濆彲鑳戒紶鍏?null 寮曠敤瀹炲弬銆?[G:\IoTPlatform\IoTPlatform.csproj]
G:\IoTPlatform\Data\Repositories\Implementations\AlertRecordRepository.cs(320,35): warning CS8602: 瑙ｅ紩鐢ㄥ彲鑳藉嚭鐜扮┖寮曠敤銆?[G:\IoTPlatform\IoTPlatform.csproj]
G:\IoTPlatform\Data\Repositories\Implementations\Repository.cs(209,25): warning CS8604: 鈥淢ethodCallExpression Expression.Call(MethodInfo method, Expression arg0, Expression arg1)鈥濅腑鐨勫舰鍙傗€渕ethod鈥濆彲鑳戒紶鍏?null 寮曠敤瀹炲弬銆?[G:\IoTPlatform\IoTPlatform.csproj]
G:\IoTPlatform\Data\Repositories\Implementations\AlertRecordRepository.cs(340,35): warning CS8602: 瑙ｅ紩鐢ㄥ彲鑳藉嚭鐜扮┖寮曠敤銆?[G:\IoTPlatform\IoTPlatform.csproj]
G:\IoTPlatform\Data\Repositories\Implementations\SystemSettingRepository.cs(150,39): warning CS8600: 灏?null 鏂囨湰鎴栧彲鑳界殑 null 鍊艰浆鎹负涓嶅彲涓?null 绫诲瀷銆?[G:\IoTPlatform\IoTPlatform.csproj]
G:\IoTPlatform\Data\Repositories\Implementations\SystemSettingRepository.cs(150,31): warning CS8600: 灏?null 鏂囨湰鎴栧彲鑳界殑 null 鍊艰浆鎹负涓嶅彲涓?null 绫诲瀷銆?[G:\IoTPlatform\IoTPlatform.csproj]
G:\IoTPlatform\Services\WorkOrderService.cs(37,42): error CS1061: 鈥淚WorkOrderRepository鈥濇湭鍖呭惈鈥淨uery鈥濈殑瀹氫箟锛屽苟涓旀壘涓嶅埌鍙帴鍙楃涓€涓€淚WorkOrderRepository鈥濈被鍨嬪弬鏁扮殑鍙闂墿灞曟柟娉曗€淨uery鈥?鏄惁缂哄皯 using 鎸囦护鎴栫▼搴忛泦寮曠敤?) [G:\IoTPlatform\IoTPlatform.csproj]
G:\IoTPlatform\DTOs\Profiles\MappingProfile.cs(48,23): error CS0854: 琛ㄨ揪寮忔爲鍙兘涓嶅寘鍚娇鐢ㄥ彲閫夊弬鏁扮殑璋冪敤 [G:\IoTPlatform\IoTPlatform.csproj]
G:\IoTPlatform\DTOs\Profiles\MappingProfile.cs(60,23): error CS0854: 琛ㄨ揪寮忔爲鍙兘涓嶅寘鍚娇鐢ㄥ彲閫夊弬鏁扮殑璋冪敤 [G:\IoTPlatform\IoTPlatform.csproj]
G:\IoTPlatform\Data\AppDbContext.cs(205,36): error CS1061: 鈥淎lertProcessLog鈥濇湭鍖呭惈鈥淎lertRecordId鈥濈殑瀹氫箟锛屽苟涓旀壘涓嶅埌鍙帴鍙楃涓€涓€淎lertProcessLog鈥濈被鍨嬪弬鏁扮殑鍙闂墿灞曟柟娉曗€淎lertRecordId鈥?鏄惁缂哄皯 using 鎸囦护鎴栫▼搴忛泦寮曠敤?) [G:\IoTPlatform\IoTPlatform.csproj]
G:\IoTPlatform\Data\AppDbContext.cs(206,36): error CS1061: 鈥淎lertProcessLog鈥濇湭鍖呭惈鈥淧rocessedBy鈥濈殑瀹氫箟锛屽苟涓旀壘涓嶅埌鍙帴鍙楃涓€涓€淎lertProcessLog鈥濈被鍨嬪弬鏁扮殑鍙闂墿灞曟柟娉曗€淧rocessedBy鈥?鏄惁缂哄皯 using 鎸囦护鎴栫▼搴忛泦寮曠敤?) [G:\IoTPlatform\IoTPlatform.csproj]
G:\IoTPlatform\Data\AppDbContext.cs(208,34): error CS1061: 鈥淎lertProcessLog鈥濇湭鍖呭惈鈥淎lertRecord鈥濈殑瀹氫箟锛屽苟涓旀壘涓嶅埌鍙帴鍙楃涓€涓€淎lertProcessLog鈥濈被鍨嬪弬鏁扮殑鍙闂墿灞曟柟娉曗€淎lertRecord鈥?鏄惁缂哄皯 using 鎸囦护鎴栫▼搴忛泦寮曠敤?) [G:\IoTPlatform\IoTPlatform.csproj]
G:\IoTPlatform\Services\WorkOrderService.cs(113,42): error CS1061: 鈥淚WorkOrderRepository鈥濇湭鍖呭惈鈥淨uery鈥濈殑瀹氫箟锛屽苟涓旀壘涓嶅埌鍙帴鍙楃涓€涓€淚WorkOrderRepository鈥濈被鍨嬪弬鏁扮殑鍙闂墿灞曟柟娉曗€淨uery鈥?鏄惁缂哄皯 using 鎸囦护鎴栫▼搴忛泦寮曠敤?) [G:\IoTPlatform\IoTPlatform.csproj]
G:\IoTPlatform\Data\AppDbContext.cs(265,36): error CS1061: 鈥淎rchive鈥濇湭鍖呭惈鈥淧rojectId鈥濈殑瀹氫箟锛屽苟涓旀壘涓嶅埌鍙帴鍙楃涓€涓€淎rchive鈥濈被鍨嬪弬鏁扮殑鍙闂墿灞曟柟娉曗€淧rojectId鈥?鏄惁缂哄皯 using 鎸囦护鎴栫▼搴忛泦寮曠敤?) [G:\IoTPlatform\IoTPlatform.csproj]
G:\IoTPlatform\Services\WorkOrderService.cs(175,25): error CS1061: 鈥淐reateWorkOrderRequest鈥濇湭鍖呭惈鈥淒eviceName鈥濈殑瀹氫箟锛屽苟涓旀壘涓嶅埌鍙帴鍙楃涓€涓€淐reateWorkOrderRequest鈥濈被鍨嬪弬鏁扮殑鍙闂墿灞曟柟娉曗€淒eviceName鈥?鏄惁缂哄皯 using 鎸囦护鎴栫▼搴忛泦寮曠敤?) [G:\IoTPlatform\IoTPlatform.csproj]
G:\IoTPlatform\Services\WorkOrderService.cs(176,25): error CS1061: 鈥淐reateWorkOrderRequest鈥濇湭鍖呭惈鈥淒eviceCode鈥濈殑瀹氫箟锛屽苟涓旀壘涓嶅埌鍙帴鍙楃涓€涓€淐reateWorkOrderRequest鈥濈被鍨嬪弬鏁扮殑鍙闂墿灞曟柟娉曗€淒eviceCode鈥?鏄惁缂哄皯 using 鎸囦护鎴栫▼搴忛泦寮曠敤?) [G:\IoTPlatform\IoTPlatform.csproj]
G:\IoTPlatform\Services\WorkOrderService.cs(188,25): error CS1061: 鈥淐reateWorkOrderRequest鈥濇湭鍖呭惈鈥淎reaName鈥濈殑瀹氫箟锛屽苟涓旀壘涓嶅埌鍙帴鍙楃涓€涓€淐reateWorkOrderRequest鈥濈被鍨嬪弬鏁扮殑鍙闂墿灞曟柟娉曗€淎reaName鈥?鏄惁缂哄皯 using 鎸囦护鎴栫▼搴忛泦寮曠敤?) [G:\IoTPlatform\IoTPlatform.csproj]
G:\IoTPlatform\Services\WorkOrderService.cs(202,34): error CS1061: 鈥淐reateWorkOrderRequest鈥濇湭鍖呭惈鈥淒eviceName鈥濈殑瀹氫箟锛屽苟涓旀壘涓嶅埌鍙帴鍙楃涓€涓€淐reateWorkOrderRequest鈥濈被鍨嬪弬鏁扮殑鍙闂墿灞曟柟娉曗€淒eviceName鈥?鏄惁缂哄皯 using 鎸囦护鎴栫▼搴忛泦寮曠敤?) [G:\IoTPlatform\IoTPlatform.csproj]
G:\IoTPlatform\Services\WorkOrderService.cs(203,34): error CS1061: 鈥淐reateWorkOrderRequest鈥濇湭鍖呭惈鈥淒eviceCode鈥濈殑瀹氫箟锛屽苟涓旀壘涓嶅埌鍙帴鍙楃涓€涓€淐reateWorkOrderRequest鈥濈被鍨嬪弬鏁扮殑鍙闂墿灞曟柟娉曗€淒eviceCode鈥?鏄惁缂哄皯 using 鎸囦护鎴栫▼搴忛泦寮曠敤?) [G:\IoTPlatform\IoTPlatform.csproj]
G:\IoTPlatform\Services\WorkOrderService.cs(204,32): error CS1061: 鈥淐reateWorkOrderRequest鈥濇湭鍖呭惈鈥淎reaName鈥濈殑瀹氫箟锛屽苟涓旀壘涓嶅埌鍙帴鍙楃涓€涓€淐reateWorkOrderRequest鈥濈被鍨嬪弬鏁扮殑鍙闂墿灞曟柟娉曗€淎reaName鈥?鏄惁缂哄皯 using 鎸囦护鎴栫▼搴忛泦寮曠敤?) [G:\IoTPlatform\IoTPlatform.csproj]
G:\IoTPlatform\Services\WorkOrderService.cs(226,30): error CS7036: 鏈彁渚涗笌鈥淚WorkOrderRepository.AddLogAsync(long, string, string, string?)鈥濈殑鎵€闇€鍙傛暟鈥渙peratorName鈥濆搴旂殑鍙傛暟 [G:\IoTPlatform\IoTPlatform.csproj]
G:\IoTPlatform\Data\Repositories\Implementations\AreaRepository.cs(49,26): error CS1061: 鈥渓ong鈥濇湭鍖呭惈鈥淗asValue鈥濈殑瀹氫箟锛屽苟涓旀壘涓嶅埌鍙帴鍙楃涓€涓€渓ong鈥濈被鍨嬪弬鏁扮殑鍙闂墿灞曟柟娉曗€淗asValue鈥?鏄惁缂哄皯 using 鎸囦护鎴栫▼搴忛泦寮曠敤?) [G:\IoTPlatform\IoTPlatform.csproj]
G:\IoTPlatform\Data\Repositories\Implementations\AreaRepository.cs(52,79): error CS1061: 鈥渓ong鈥濇湭鍖呭惈鈥淰alue鈥濈殑瀹氫箟锛屽苟涓旀壘涓嶅埌鍙帴鍙楃涓€涓€渓ong鈥濈被鍨嬪弬鏁扮殑鍙闂墿灞曟柟娉曗€淰alue鈥?鏄惁缂哄皯 using 鎸囦护鎴栫▼搴忛泦寮曠敤?) [G:\IoTPlatform\IoTPlatform.csproj]
G:\IoTPlatform\Services\WorkOrderService.cs(333,30): error CS7036: 鏈彁渚涗笌鈥淚WorkOrderRepository.AddLogAsync(long, string, string, string?)鈥濈殑鎵€闇€鍙傛暟鈥渙peratorName鈥濆搴旂殑鍙傛暟 [G:\IoTPlatform\IoTPlatform.csproj]
G:\IoTPlatform\Controllers\SettingsController.cs(155,20): error CS0266: 鏃犳硶灏嗙被鍨嬧€淚oTPlatform.Helpers.ApiResponse<object>鈥濋殣寮忚浆鎹负鈥淢icrosoft.AspNetCore.Mvc.ActionResult<IoTPlatform.Helpers.ApiResponse>鈥濄€傚瓨鍦ㄤ竴涓樉寮忚浆鎹?鏄惁缂哄皯寮哄埗杞崲?) [G:\IoTPlatform\IoTPlatform.csproj]
G:\IoTPlatform\Controllers\SettingsController.cs(159,20): error CS0266: 鏃犳硶灏嗙被鍨嬧€淚oTPlatform.Helpers.ApiResponse<object>鈥濋殣寮忚浆鎹负鈥淢icrosoft.AspNetCore.Mvc.ActionResult<IoTPlatform.Helpers.ApiResponse>鈥濄€傚瓨鍦ㄤ竴涓樉寮忚浆鎹?鏄惁缂哄皯寮哄埗杞崲?) [G:\IoTPlatform\IoTPlatform.csproj]
G:\IoTPlatform\Controllers\SettingsController.cs(163,20): error CS0266: 鏃犳硶灏嗙被鍨嬧€淚oTPlatform.Helpers.ApiResponse<object>鈥濋殣寮忚浆鎹负鈥淢icrosoft.AspNetCore.Mvc.ActionResult<IoTPlatform.Helpers.ApiResponse>鈥濄€傚瓨鍦ㄤ竴涓樉寮忚浆鎹?鏄惁缂哄皯寮哄埗杞崲?) [G:\IoTPlatform\IoTPlatform.csproj]
G:\IoTPlatform\Services\WorkOrderService.cs(364,30): error CS7036: 鏈彁渚涗笌鈥淚WorkOrderRepository.AddLogAsync(long, string, string, string?)鈥濈殑鎵€闇€鍙傛暟鈥渙peratorName鈥濆搴旂殑鍙傛暟 [G:\IoTPlatform\IoTPlatform.csproj]
G:\IoTPlatform\Services\WorkOrderService.cs(397,30): error CS7036: 鏈彁渚涗笌鈥淚WorkOrderRepository.AddLogAsync(long, string, string, string?)鈥濈殑鎵€闇€鍙傛暟鈥渙peratorName鈥濆搴旂殑鍙傛暟 [G:\IoTPlatform\IoTPlatform.csproj]
G:\IoTPlatform\Services\WorkOrderService.cs(434,30): error CS7036: 鏈彁渚涗笌鈥淚WorkOrderRepository.AddLogAsync(long, string, string, string?)鈥濈殑鎵€闇€鍙傛暟鈥渙peratorName鈥濆搴旂殑鍙傛暟 [G:\IoTPlatform\IoTPlatform.csproj]
G:\IoTPlatform\Data\AppDbContext.cs(302,36): error CS1061: 鈥淧rotocolConfig鈥濇湭鍖呭惈鈥淧rotocolType鈥濈殑瀹氫箟锛屽苟涓旀壘涓嶅埌鍙帴鍙楃涓€涓€淧rotocolConfig鈥濈被鍨嬪弬鏁扮殑鍙闂墿灞曟柟娉曗€淧rotocolType鈥?鏄惁缂哄皯 using 鎸囦护鎴栫▼搴忛泦寮曠敤?) [G:\IoTPlatform\IoTPlatform.csproj]
G:\IoTPlatform\Data\AppDbContext.cs(303,36): error CS1061: 鈥淧rotocolConfig鈥濇湭鍖呭惈鈥淚sActive鈥濈殑瀹氫箟锛屽苟涓旀壘涓嶅埌鍙帴鍙楃涓€涓€淧rotocolConfig鈥濈被鍨嬪弬鏁扮殑鍙闂墿灞曟柟娉曗€淚sActive鈥?鏄惁缂哄皯 using 鎸囦护鎴栫▼搴忛泦寮曠敤?) [G:\IoTPlatform\IoTPlatform.csproj]
G:\IoTPlatform\Services\AreaService.cs(47,38): error CS1061: 鈥淚Queryable<Area>鈥濇湭鍖呭惈鈥淐ountAsync鈥濈殑瀹氫箟锛屽苟涓旀壘涓嶅埌鍙帴鍙楃涓€涓€淚Queryable<Area>鈥濈被鍨嬪弬鏁扮殑鍙闂墿灞曟柟娉曗€淐ountAsync鈥?鏄惁缂哄皯 using 鎸囦护鎴栫▼搴忛泦寮曠敤?) [G:\IoTPlatform\IoTPlatform.csproj]
G:\IoTPlatform\Services\AreaService.cs(53,14): error CS1061: 鈥淚Queryable<Area>鈥濇湭鍖呭惈鈥淭oListAsync鈥濈殑瀹氫箟锛屽苟涓旀壘涓嶅埌鍙帴鍙楃涓€涓€淚Queryable<Area>鈥濈被鍨嬪弬鏁扮殑鍙闂墿灞曟柟娉曗€淭oListAsync鈥?鏄惁缂哄皯 using 鎸囦护鎴栫▼搴忛泦寮曠敤?) [G:\IoTPlatform\IoTPlatform.csproj]
G:\IoTPlatform\Services\WorkOrderService.cs(465,30): error CS7036: 鏈彁渚涗笌鈥淚WorkOrderRepository.AddLogAsync(long, string, string, string?)鈥濈殑鎵€闇€鍙傛暟鈥渙peratorName鈥濆搴旂殑鍙傛暟 [G:\IoTPlatform\IoTPlatform.csproj]
G:\IoTPlatform\Services\WorkOrderService.cs(478,16): error CS0266: 鏃犳硶灏嗙被鍨嬧€淪ystem.Collections.Generic.IEnumerable<IoTPlatform.Models.WorkOrderLog>鈥濋殣寮忚浆鎹负鈥淪ystem.Collections.Generic.List<IoTPlatform.DTOs.Responses.WorkOrderLogDto>鈥濄€傚瓨鍦ㄤ竴涓樉寮忚浆鎹?鏄惁缂哄皯寮哄埗杞崲?) [G:\IoTPlatform\IoTPlatform.csproj]
G:\IoTPlatform\Services\WorkOrderService.cs(486,16): error CS0266: 鏃犳硶灏嗙被鍨嬧€淪ystem.Collections.Generic.IEnumerable<IoTPlatform.Models.WorkOrderAttachment>鈥濋殣寮忚浆鎹负鈥淪ystem.Collections.Generic.List<IoTPlatform.DTOs.Responses.WorkOrderAttachmentDto>鈥濄€傚瓨鍦ㄤ竴涓樉寮忚浆鎹?鏄惁缂哄皯寮哄埗杞崲?) [G:\IoTPlatform\IoTPlatform.csproj]
G:\IoTPlatform\Services\WorkOrderService.cs(494,16): error CS0029: 鏃犳硶灏嗙被鍨嬧€渧oid鈥濋殣寮忚浆鎹负鈥淚oTPlatform.DTOs.Responses.WorkOrderAttachmentDto鈥?[G:\IoTPlatform\IoTPlatform.csproj]
G:\IoTPlatform\Services\WorkOrderService.cs(502,36): error CS1061: 鈥淚WorkOrderRepository鈥濇湭鍖呭惈鈥淒eleteAttachmentAsync鈥濈殑瀹氫箟锛屽苟涓旀壘涓嶅埌鍙帴鍙楃涓€涓€淚WorkOrderRepository鈥濈被鍨嬪弬鏁扮殑鍙闂墿灞曟柟娉曗€淒eleteAttachmentAsync鈥?鏄惁缂哄皯 using 鎸囦护鎴栫▼搴忛泦寮曠敤?) [G:\IoTPlatform\IoTPlatform.csproj]
G:\IoTPlatform\Data\Repositories\Implementations\AreaRepository.cs(119,16): error CS0019: 杩愮畻绗︹€??鈥濇棤娉曞簲鐢ㄤ簬鈥淚Collection<AreaDevice>鈥濆拰鈥淚Enumerable<Device>鈥濈被鍨嬬殑鎿嶄綔鏁?[G:\IoTPlatform\IoTPlatform.csproj]
G:\IoTPlatform\Data\AppDbContext.cs(325,36): error CS1061: 鈥淥perationLog鈥濇湭鍖呭惈鈥淥peration鈥濈殑瀹氫箟锛屽苟涓旀壘涓嶅埌鍙帴鍙楃涓€涓€淥perationLog鈥濈被鍨嬪弬鏁扮殑鍙闂墿灞曟柟娉曗€淥peration鈥?鏄惁缂哄皯 using 鎸囦护鎴栫▼搴忛泦寮曠敤?) [G:\IoTPlatform\IoTPlatform.csproj]
G:\IoTPlatform\Data\AppDbContext.cs(326,36): error CS1061: 鈥淥perationLog鈥濇湭鍖呭惈鈥淥perationTime鈥濈殑瀹氫箟锛屽苟涓旀壘涓嶅埌鍙帴鍙楃涓€涓€淥perationLog鈥濈被鍨嬪弬鏁扮殑鍙闂墿灞曟柟娉曗€淥perationTime鈥?鏄惁缂哄皯 using 鎸囦护鎴栫▼搴忛泦寮曠敤?) [G:\IoTPlatform\IoTPlatform.csproj]
G:\IoTPlatform\Data\AppDbContext.cs(335,36): error CS1061: 鈥淒ictionaryItem鈥濇湭鍖呭惈鈥淭ypeCode鈥濈殑瀹氫箟锛屽苟涓旀壘涓嶅埌鍙帴鍙楃涓€涓€淒ictionaryItem鈥濈被鍨嬪弬鏁扮殑鍙闂墿灞曟柟娉曗€淭ypeCode鈥?鏄惁缂哄皯 using 鎸囦护鎴栫▼搴忛泦寮曠敤?) [G:\IoTPlatform\IoTPlatform.csproj]
G:\IoTPlatform\Services\ArchiveService.cs(34,40): error CS1061: 鈥淚ArchiveRepository鈥濇湭鍖呭惈鈥淨uery鈥濈殑瀹氫箟锛屽苟涓旀壘涓嶅埌鍙帴鍙楃涓€涓€淚ArchiveRepository鈥濈被鍨嬪弬鏁扮殑鍙闂墿灞曟柟娉曗€淨uery鈥?鏄惁缂哄皯 using 鎸囦护鎴栫▼搴忛泦寮曠敤?) [G:\IoTPlatform\IoTPlatform.csproj]
G:\IoTPlatform\Services\UserService.cs(57,38): error CS1061: 鈥淚Queryable<User>鈥濇湭鍖呭惈鈥淐ountAsync鈥濈殑瀹氫箟锛屽苟涓旀壘涓嶅埌鍙帴鍙楃涓€涓€淚Queryable<User>鈥濈被鍨嬪弬鏁扮殑鍙闂墿灞曟柟娉曗€淐ountAsync鈥?鏄惁缂哄皯 using 鎸囦护鎴栫▼搴忛泦寮曠敤?) [G:\IoTPlatform\IoTPlatform.csproj]
G:\IoTPlatform\Services\UserService.cs(62,14): error CS1061: 鈥淚Queryable<User>鈥濇湭鍖呭惈鈥淭oListAsync鈥濈殑瀹氫箟锛屽苟涓旀壘涓嶅埌鍙帴鍙楃涓€涓€淚Queryable<User>鈥濈被鍨嬪弬鏁扮殑鍙闂墿灞曟柟娉曗€淭oListAsync鈥?鏄惁缂哄皯 using 鎸囦护鎴栫▼搴忛泦寮曠敤?) [G:\IoTPlatform\IoTPlatform.csproj]
G:\IoTPlatform\Services\UserService.cs(68,13): error CS0118: 鈥渃ustomer鈥濇槸 鍙橀噺锛屼絾姝ゅ琚綋鍋?绫诲瀷 鏉ヤ娇鐢?[G:\IoTPlatform\IoTPlatform.csproj]
G:\IoTPlatform\Data\AppDbContext.cs(346,36): error CS1061: 鈥淎irQualityData鈥濇湭鍖呭惈鈥淒eviceId鈥濈殑瀹氫箟锛屽苟涓旀壘涓嶅埌鍙帴鍙楃涓€涓€淎irQualityData鈥濈被鍨嬪弬鏁扮殑鍙闂墿灞曟柟娉曗€淒eviceId鈥?鏄惁缂哄皯 using 鎸囦护鎴栫▼搴忛泦寮曠敤?) [G:\IoTPlatform\IoTPlatform.csproj]
G:\IoTPlatform\Data\AppDbContext.cs(349,36): error CS1061: 鈥淎irQualityData鈥濇湭鍖呭惈鈥淩ecordTime鈥濈殑瀹氫箟锛屽苟涓旀壘涓嶅埌鍙帴鍙楃涓€涓€淎irQualityData鈥濈被鍨嬪弬鏁扮殑鍙闂墿灞曟柟娉曗€淩ecordTime鈥?鏄惁缂哄皯 using 鎸囦护鎴栫▼搴忛泦寮曠敤?) [G:\IoTPlatform\IoTPlatform.csproj]
G:\IoTPlatform\Services\AreaService.cs(306,14): error CS1061: 鈥淚Queryable<AreaTreeNodeDto>鈥濇湭鍖呭惈鈥淭oListAsync鈥濈殑瀹氫箟锛屽苟涓旀壘涓嶅埌鍙帴鍙楃涓€涓€淚Queryable<AreaTreeNodeDto>鈥濈被鍨嬪弬鏁扮殑鍙闂墿灞曟柟娉曗€淭oListAsync鈥?鏄惁缂哄皯 using 鎸囦护鎴栫▼搴忛泦寮曠敤?) [G:\IoTPlatform\IoTPlatform.csproj]
G:\IoTPlatform\Data\AppDbContext.cs(361,36): error CS1061: 鈥淓nvironmentData鈥濇湭鍖呭惈鈥淩ecordTime鈥濈殑瀹氫箟锛屽苟涓旀壘涓嶅埌鍙帴鍙楃涓€涓€淓nvironmentData鈥濈被鍨嬪弬鏁扮殑鍙闂墿灞曟柟娉曗€淩ecordTime鈥?鏄惁缂哄皯 using 鎸囦护鎴栫▼搴忛泦寮曠敤?) [G:\IoTPlatform\IoTPlatform.csproj]
G:\IoTPlatform\Services\ArchiveService.cs(96,40): error CS1061: 鈥淚ArchiveRepository鈥濇湭鍖呭惈鈥淨uery鈥濈殑瀹氫箟锛屽苟涓旀壘涓嶅埌鍙帴鍙楃涓€涓€淚ArchiveRepository鈥濈被鍨嬪弬鏁扮殑鍙闂墿灞曟柟娉曗€淨uery鈥?鏄惁缂哄皯 using 鎸囦护鎴栫▼搴忛泦寮曠敤?) [G:\IoTPlatform\IoTPlatform.csproj]
G:\IoTPlatform\Services\UserService.cs(181,25): error CS1061: 鈥淯ser鈥濇湭鍖呭惈鈥淣ame鈥濈殑瀹氫箟锛屽苟涓旀壘涓嶅埌鍙帴鍙楃涓€涓€淯ser鈥濈被鍨嬪弬鏁扮殑鍙闂墿灞曟柟娉曗€淣ame鈥?鏄惁缂哄皯 using 鎸囦护鎴栫▼搴忛泦寮曠敤?) [G:\IoTPlatform\IoTPlatform.csproj]
G:\IoTPlatform\Services\ArchiveService.cs(154,44): error CS1061: 鈥淚ArchiveRepository鈥濇湭鍖呭惈鈥淨uery鈥濈殑瀹氫箟锛屽苟涓旀壘涓嶅埌鍙帴鍙楃涓€涓€淚ArchiveRepository鈥濈被鍨嬪弬鏁扮殑鍙闂墿灞曟柟娉曗€淨uery鈥?鏄惁缂哄皯 using 鎸囦护鎴栫▼搴忛泦寮曠敤?) [G:\IoTPlatform\IoTPlatform.csproj]
G:\IoTPlatform\Data\Repositories\Implementations\AlertRecordRepository.cs(159,13): error CS0117: 鈥淎lertProcessLog鈥濇湭鍖呭惈鈥淥peratorName鈥濈殑瀹氫箟 [G:\IoTPlatform\IoTPlatform.csproj]
G:\IoTPlatform\Data\AppDbContext.cs(416,36): error CS1061: 鈥淒eviceDataRecord鈥濇湭鍖呭惈鈥淩ecordTime鈥濈殑瀹氫箟锛屽苟涓旀壘涓嶅埌鍙帴鍙楃涓€涓€淒eviceDataRecord鈥濈被鍨嬪弬鏁扮殑鍙闂墿灞曟柟娉曗€淩ecordTime鈥?鏄惁缂哄皯 using 鎸囦护鎴栫▼搴忛泦寮曠敤?) [G:\IoTPlatform\IoTPlatform.csproj]
G:\IoTPlatform\Data\Repositories\Implementations\DeviceRepository.cs(127,40): error CS1061: 鈥淒eviceDataRecord鈥濇湭鍖呭惈鈥淩ecordTime鈥濈殑瀹氫箟锛屽苟涓旀壘涓嶅埌鍙帴鍙楃涓€涓€淒eviceDataRecord鈥濈被鍨嬪弬鏁扮殑鍙闂墿灞曟柟娉曗€淩ecordTime鈥?鏄惁缂哄皯 using 鎸囦护鎴栫▼搴忛泦寮曠敤?) [G:\IoTPlatform\IoTPlatform.csproj]
G:\IoTPlatform\Data\Repositories\Implementations\DeviceRepository.cs(132,40): error CS1061: 鈥淒eviceDataRecord鈥濇湭鍖呭惈鈥淩ecordTime鈥濈殑瀹氫箟锛屽苟涓旀壘涓嶅埌鍙帴鍙楃涓€涓€淒eviceDataRecord鈥濈被鍨嬪弬鏁扮殑鍙闂墿灞曟柟娉曗€淩ecordTime鈥?鏄惁缂哄皯 using 鎸囦护鎴栫▼搴忛泦寮曠敤?) [G:\IoTPlatform\IoTPlatform.csproj]
G:\IoTPlatform\Data\Repositories\Implementations\DeviceRepository.cs(135,48): error CS1061: 鈥淒eviceDataRecord鈥濇湭鍖呭惈鈥淩ecordTime鈥濈殑瀹氫箟锛屽苟涓旀壘涓嶅埌鍙帴鍙楃涓€涓€淒eviceDataRecord鈥濈被鍨嬪弬鏁扮殑鍙闂墿灞曟柟娉曗€淩ecordTime鈥?鏄惁缂哄皯 using 鎸囦护鎴栫▼搴忛泦寮曠敤?) [G:\IoTPlatform\IoTPlatform.csproj]
G:\IoTPlatform\Services\ArchiveService.cs(183,48): error CS1061: 鈥淚ArchiveRepository鈥濇湭鍖呭惈鈥淨uery鈥濈殑瀹氫箟锛屽苟涓旀壘涓嶅埌鍙帴鍙楃涓€涓€淚ArchiveRepository鈥濈被鍨嬪弬鏁扮殑鍙闂墿灞曟柟娉曗€淨uery鈥?鏄惁缂哄皯 using 鎸囦护鎴栫▼搴忛泦寮曠敤?) [G:\IoTPlatform\IoTPlatform.csproj]
G:\IoTPlatform\Services\UserService.cs(285,75): error CS1061: 鈥淲orkOrder鈥濇湭鍖呭惈鈥淐reatedBy鈥濈殑瀹氫箟锛屽苟涓旀壘涓嶅埌鍙帴鍙楃涓€涓€淲orkOrder鈥濈被鍨嬪弬鏁扮殑鍙闂墿灞曟柟娉曗€淐reatedBy鈥?鏄惁缂哄皯 using 鎸囦护鎴栫▼搴忛泦寮曠敤?) [G:\IoTPlatform\IoTPlatform.csproj]
G:\IoTPlatform\Services\ArchiveService.cs(250,51): error CS1061: 鈥淚ArchiveRepository鈥濇湭鍖呭惈鈥淨uery鈥濈殑瀹氫箟锛屽苟涓旀壘涓嶅埌鍙帴鍙楃涓€涓€淚ArchiveRepository鈥濈被鍨嬪弬鏁扮殑鍙闂墿灞曟柟娉曗€淨uery鈥?鏄惁缂哄皯 using 鎸囦护鎴栫▼搴忛泦寮曠敤?) [G:\IoTPlatform\IoTPlatform.csproj]
G:\IoTPlatform\Services\ArchiveService.cs(277,41): error CS1061: 鈥淚ArchiveRepository鈥濇湭鍖呭惈鈥淕etMarkersAsync鈥濈殑瀹氫箟锛屽苟涓旀壘涓嶅埌鍙帴鍙楃涓€涓€淚ArchiveRepository鈥濈被鍨嬪弬鏁扮殑鍙闂墿灞曟柟娉曗€淕etMarkersAsync鈥?鏄惁缂哄皯 using 鎸囦护鎴栫▼搴忛泦寮曠敤?) [G:\IoTPlatform\IoTPlatform.csproj]
G:\IoTPlatform\Data\Repositories\Implementations\DataRuleRepository.cs(146,29): error CS1061: 鈥淒ataRule鈥濇湭鍖呭惈鈥淧riority鈥濈殑瀹氫箟锛屽苟涓旀壘涓嶅埌鍙帴鍙楃涓€涓€淒ataRule鈥濈被鍨嬪弬鏁扮殑鍙闂墿灞曟柟娉曗€淧riority鈥?鏄惁缂哄皯 using 鎸囦护鎴栫▼搴忛泦寮曠敤?) [G:\IoTPlatform\IoTPlatform.csproj]
G:\IoTPlatform\Services\SettingsService.cs(31,41): error CS1061: 鈥淚SystemSettingRepository鈥濇湭鍖呭惈鈥淨uery鈥濈殑瀹氫箟锛屽苟涓旀壘涓嶅埌鍙帴鍙楃涓€涓€淚SystemSettingRepository鈥濈被鍨嬪弬鏁扮殑鍙闂墿灞曟柟娉曗€淨uery鈥?鏄惁缂哄皯 using 鎸囦护鎴栫▼搴忛泦寮曠敤?) [G:\IoTPlatform\IoTPlatform.csproj]
G:\IoTPlatform\Controllers\RolesController.cs(143,20): error CS0266: 鏃犳硶灏嗙被鍨嬧€淚oTPlatform.Helpers.ApiResponse<object>鈥濋殣寮忚浆鎹负鈥淢icrosoft.AspNetCore.Mvc.ActionResult<IoTPlatform.Helpers.ApiResponse>鈥濄€傚瓨鍦ㄤ竴涓樉寮忚浆鎹?鏄惁缂哄皯寮哄埗杞崲?) [G:\IoTPlatform\IoTPlatform.csproj]
G:\IoTPlatform\Controllers\RolesController.cs(147,20): error CS0266: 鏃犳硶灏嗙被鍨嬧€淚oTPlatform.Helpers.ApiResponse<object>鈥濋殣寮忚浆鎹负鈥淢icrosoft.AspNetCore.Mvc.ActionResult<IoTPlatform.Helpers.ApiResponse>鈥濄€傚瓨鍦ㄤ竴涓樉寮忚浆鎹?鏄惁缂哄皯寮哄埗杞崲?) [G:\IoTPlatform\IoTPlatform.csproj]
G:\IoTPlatform\Controllers\RolesController.cs(151,20): error CS0266: 鏃犳硶灏嗙被鍨嬧€淚oTPlatform.Helpers.ApiResponse<object>鈥濋殣寮忚浆鎹负鈥淢icrosoft.AspNetCore.Mvc.ActionResult<IoTPlatform.Helpers.ApiResponse>鈥濄€傚瓨鍦ㄤ竴涓樉寮忚浆鎹?鏄惁缂哄皯寮哄埗杞崲?) [G:\IoTPlatform\IoTPlatform.csproj]
G:\IoTPlatform\Controllers\ProtocolConfigsController.cs(137,20): error CS0266: 鏃犳硶灏嗙被鍨嬧€淚oTPlatform.Helpers.ApiResponse<object>鈥濋殣寮忚浆鎹负鈥淢icrosoft.AspNetCore.Mvc.ActionResult<IoTPlatform.Helpers.ApiResponse>鈥濄€傚瓨鍦ㄤ竴涓樉寮忚浆鎹?鏄惁缂哄皯寮哄埗杞崲?) [G:\IoTPlatform\IoTPlatform.csproj]
G:\IoTPlatform\Controllers\ProtocolConfigsController.cs(141,20): error CS0266: 鏃犳硶灏嗙被鍨嬧€淚oTPlatform.Helpers.ApiResponse<object>鈥濋殣寮忚浆鎹负鈥淢icrosoft.AspNetCore.Mvc.ActionResult<IoTPlatform.Helpers.ApiResponse>鈥濄€傚瓨鍦ㄤ竴涓樉寮忚浆鎹?鏄惁缂哄皯寮哄埗杞崲?) [G:\IoTPlatform\IoTPlatform.csproj]
G:\IoTPlatform\Controllers\ProtocolConfigsController.cs(145,20): error CS0266: 鏃犳硶灏嗙被鍨嬧€淚oTPlatform.Helpers.ApiResponse<object>鈥濋殣寮忚浆鎹负鈥淢icrosoft.AspNetCore.Mvc.ActionResult<IoTPlatform.Helpers.ApiResponse>鈥濄€傚瓨鍦ㄤ竴涓樉寮忚浆鎹?鏄惁缂哄皯寮哄埗杞崲?) [G:\IoTPlatform\IoTPlatform.csproj]
G:\IoTPlatform\Controllers\ProtocolConfigsController.cs(164,20): error CS0266: 鏃犳硶灏嗙被鍨嬧€淚oTPlatform.Helpers.ApiResponse<object>鈥濋殣寮忚浆鎹负鈥淢icrosoft.AspNetCore.Mvc.ActionResult<IoTPlatform.Helpers.ApiResponse>鈥濄€傚瓨鍦ㄤ竴涓樉寮忚浆鎹?鏄惁缂哄皯寮哄埗杞崲?) [G:\IoTPlatform\IoTPlatform.csproj]
G:\IoTPlatform\Controllers\ProtocolConfigsController.cs(168,20): error CS0266: 鏃犳硶灏嗙被鍨嬧€淚oTPlatform.Helpers.ApiResponse<object>鈥濋殣寮忚浆鎹负鈥淢icrosoft.AspNetCore.Mvc.ActionResult<IoTPlatform.Helpers.ApiResponse>鈥濄€傚瓨鍦ㄤ竴涓樉寮忚浆鎹?鏄惁缂哄皯寮哄埗杞崲?) [G:\IoTPlatform\IoTPlatform.csproj]
G:\IoTPlatform\Controllers\ProtocolConfigsController.cs(172,20): error CS0266: 鏃犳硶灏嗙被鍨嬧€淚oTPlatform.Helpers.ApiResponse<object>鈥濋殣寮忚浆鎹负鈥淢icrosoft.AspNetCore.Mvc.ActionResult<IoTPlatform.Helpers.ApiResponse>鈥濄€傚瓨鍦ㄤ竴涓樉寮忚浆鎹?鏄惁缂哄皯寮哄埗杞崲?) [G:\IoTPlatform\IoTPlatform.csproj]
G:\IoTPlatform\Controllers\ProtocolConfigsController.cs(191,20): error CS0266: 鏃犳硶灏嗙被鍨嬧€淚oTPlatform.Helpers.ApiResponse<object>鈥濋殣寮忚浆鎹负鈥淢icrosoft.AspNetCore.Mvc.ActionResult<IoTPlatform.Helpers.ApiResponse>鈥濄€傚瓨鍦ㄤ竴涓樉寮忚浆鎹?鏄惁缂哄皯寮哄埗杞崲?) [G:\IoTPlatform\IoTPlatform.csproj]
G:\IoTPlatform\Controllers\ProtocolConfigsController.cs(195,20): error CS0266: 鏃犳硶灏嗙被鍨嬧€淚oTPlatform.Helpers.ApiResponse<object>鈥濋殣寮忚浆鎹负鈥淢icrosoft.AspNetCore.Mvc.ActionResult<IoTPlatform.Helpers.ApiResponse>鈥濄€傚瓨鍦ㄤ竴涓樉寮忚浆鎹?鏄惁缂哄皯寮哄埗杞崲?) [G:\IoTPlatform\IoTPlatform.csproj]
G:\IoTPlatform\Controllers\ProtocolConfigsController.cs(199,20): error CS0266: 鏃犳硶灏嗙被鍨嬧€淚oTPlatform.Helpers.ApiResponse<object>鈥濋殣寮忚浆鎹负鈥淢icrosoft.AspNetCore.Mvc.ActionResult<IoTPlatform.Helpers.ApiResponse>鈥濄€傚瓨鍦ㄤ竴涓樉寮忚浆鎹?鏄惁缂哄皯寮哄埗杞崲?) [G:\IoTPlatform\IoTPlatform.csproj]
G:\IoTPlatform\DTOs\Profiles\MappingProfile.cs(196,37): error CS1061: 鈥淲orkOrderDto鈥濇湭鍖呭惈鈥淐ustomerName鈥濈殑瀹氫箟锛屽苟涓旀壘涓嶅埌鍙帴鍙楃涓€涓€淲orkOrderDto鈥濈被鍨嬪弬鏁扮殑鍙闂墿灞曟柟娉曗€淐ustomerName鈥?鏄惁缂哄皯 using 鎸囦护鎴栫▼搴忛泦寮曠敤?) [G:\IoTPlatform\IoTPlatform.csproj]
G:\IoTPlatform\Controllers\DictionariesController.cs(138,20): error CS0266: 鏃犳硶灏嗙被鍨嬧€淚oTPlatform.Helpers.ApiResponse<object>鈥濋殣寮忚浆鎹负鈥淢icrosoft.AspNetCore.Mvc.ActionResult<IoTPlatform.Helpers.ApiResponse>鈥濄€傚瓨鍦ㄤ竴涓樉寮忚浆鎹?鏄惁缂哄皯寮哄埗杞崲?) [G:\IoTPlatform\IoTPlatform.csproj]
G:\IoTPlatform\Controllers\DictionariesController.cs(142,20): error CS0266: 鏃犳硶灏嗙被鍨嬧€淚oTPlatform.Helpers.ApiResponse<object>鈥濋殣寮忚浆鎹负鈥淢icrosoft.AspNetCore.Mvc.ActionResult<IoTPlatform.Helpers.ApiResponse>鈥濄€傚瓨鍦ㄤ竴涓樉寮忚浆鎹?鏄惁缂哄皯寮哄埗杞崲?) [G:\IoTPlatform\IoTPlatform.csproj]
G:\IoTPlatform\Controllers\DictionariesController.cs(146,20): error CS0266: 鏃犳硶灏嗙被鍨嬧€淚oTPlatform.Helpers.ApiResponse<object>鈥濋殣寮忚浆鎹负鈥淢icrosoft.AspNetCore.Mvc.ActionResult<IoTPlatform.Helpers.ApiResponse>鈥濄€傚瓨鍦ㄤ竴涓樉寮忚浆鎹?鏄惁缂哄皯寮哄埗杞崲?) [G:\IoTPlatform\IoTPlatform.csproj]
G:\IoTPlatform\Controllers\DataRulesController.cs(137,20): error CS0266: 鏃犳硶灏嗙被鍨嬧€淚oTPlatform.Helpers.ApiResponse<object>鈥濋殣寮忚浆鎹负鈥淢icrosoft.AspNetCore.Mvc.ActionResult<IoTPlatform.Helpers.ApiResponse>鈥濄€傚瓨鍦ㄤ竴涓樉寮忚浆鎹?鏄惁缂哄皯寮哄埗杞崲?) [G:\IoTPlatform\IoTPlatform.csproj]
G:\IoTPlatform\Controllers\DataRulesController.cs(141,20): error CS0266: 鏃犳硶灏嗙被鍨嬧€淚oTPlatform.Helpers.ApiResponse<object>鈥濋殣寮忚浆鎹负鈥淢icrosoft.AspNetCore.Mvc.ActionResult<IoTPlatform.Helpers.ApiResponse>鈥濄€傚瓨鍦ㄤ竴涓樉寮忚浆鎹?鏄惁缂哄皯寮哄埗杞崲?) [G:\IoTPlatform\IoTPlatform.csproj]
G:\IoTPlatform\Controllers\DataRulesController.cs(145,20): error CS0266: 鏃犳硶灏嗙被鍨嬧€淚oTPlatform.Helpers.ApiResponse<object>鈥濋殣寮忚浆鎹负鈥淢icrosoft.AspNetCore.Mvc.ActionResult<IoTPlatform.Helpers.ApiResponse>鈥濄€傚瓨鍦ㄤ竴涓樉寮忚浆鎹?鏄惁缂哄皯寮哄埗杞崲?) [G:\IoTPlatform\IoTPlatform.csproj]
G:\IoTPlatform\Data\Repositories\Implementations\AlertRecordRepository.cs(247,29): error CS1061: 鈥淎lertRecord鈥濇湭鍖呭惈鈥淲orkOrders鈥濈殑瀹氫箟锛屽苟涓旀壘涓嶅埌鍙帴鍙楃涓€涓€淎lertRecord鈥濈被鍨嬪弬鏁扮殑鍙闂墿灞曟柟娉曗€淲orkOrders鈥?鏄惁缂哄皯 using 鎸囦护鎴栫▼搴忛泦寮曠敤?) [G:\IoTPlatform\IoTPlatform.csproj]
G:\IoTPlatform\Controllers\ETLTasksController.cs(137,20): error CS0266: 鏃犳硶灏嗙被鍨嬧€淚oTPlatform.Helpers.ApiResponse<object>鈥濋殣寮忚浆鎹负鈥淢icrosoft.AspNetCore.Mvc.ActionResult<IoTPlatform.Helpers.ApiResponse>鈥濄€傚瓨鍦ㄤ竴涓樉寮忚浆鎹?鏄惁缂哄皯寮哄埗杞崲?) [G:\IoTPlatform\IoTPlatform.csproj]
G:\IoTPlatform\Controllers\ETLTasksController.cs(141,20): error CS0266: 鏃犳硶灏嗙被鍨嬧€淚oTPlatform.Helpers.ApiResponse<object>鈥濋殣寮忚浆鎹负鈥淢icrosoft.AspNetCore.Mvc.ActionResult<IoTPlatform.Helpers.ApiResponse>鈥濄€傚瓨鍦ㄤ竴涓樉寮忚浆鎹?鏄惁缂哄皯寮哄埗杞崲?) [G:\IoTPlatform\IoTPlatform.csproj]
G:\IoTPlatform\Controllers\ETLTasksController.cs(145,20): error CS0266: 鏃犳硶灏嗙被鍨嬧€淚oTPlatform.Helpers.ApiResponse<object>鈥濋殣寮忚浆鎹负鈥淢icrosoft.AspNetCore.Mvc.ActionResult<IoTPlatform.Helpers.ApiResponse>鈥濄€傚瓨鍦ㄤ竴涓樉寮忚浆鎹?鏄惁缂哄皯寮哄埗杞崲?) [G:\IoTPlatform\IoTPlatform.csproj]
G:\IoTPlatform\Controllers\ArchivesController.cs(138,20): error CS0266: 鏃犳硶灏嗙被鍨嬧€淚oTPlatform.Helpers.ApiResponse<object>鈥濋殣寮忚浆鎹负鈥淢icrosoft.AspNetCore.Mvc.ActionResult<IoTPlatform.Helpers.ApiResponse>鈥濄€傚瓨鍦ㄤ竴涓樉寮忚浆鎹?鏄惁缂哄皯寮哄埗杞崲?) [G:\IoTPlatform\IoTPlatform.csproj]
G:\IoTPlatform\Controllers\ArchivesController.cs(142,20): error CS0266: 鏃犳硶灏嗙被鍨嬧€淚oTPlatform.Helpers.ApiResponse<object>鈥濋殣寮忚浆鎹负鈥淢icrosoft.AspNetCore.Mvc.ActionResult<IoTPlatform.Helpers.ApiResponse>鈥濄€傚瓨鍦ㄤ竴涓樉寮忚浆鎹?鏄惁缂哄皯寮哄埗杞崲?) [G:\IoTPlatform\IoTPlatform.csproj]
G:\IoTPlatform\Controllers\ArchivesController.cs(146,20): error CS0266: 鏃犳硶灏嗙被鍨嬧€淚oTPlatform.Helpers.ApiResponse<object>鈥濋殣寮忚浆鎹负鈥淢icrosoft.AspNetCore.Mvc.ActionResult<IoTPlatform.Helpers.ApiResponse>鈥濄€傚瓨鍦ㄤ竴涓樉寮忚浆鎹?鏄惁缂哄皯寮哄埗杞崲?) [G:\IoTPlatform\IoTPlatform.csproj]
G:\IoTPlatform\Controllers\ETLTasksController.cs(164,20): error CS0266: 鏃犳硶灏嗙被鍨嬧€淚oTPlatform.Helpers.ApiResponse<object>鈥濋殣寮忚浆鎹负鈥淢icrosoft.AspNetCore.Mvc.ActionResult<IoTPlatform.Helpers.ApiResponse>鈥濄€傚瓨鍦ㄤ竴涓樉寮忚浆鎹?鏄惁缂哄皯寮哄埗杞崲?) [G:\IoTPlatform\IoTPlatform.csproj]
G:\IoTPlatform\Controllers\ETLTasksController.cs(168,20): error CS0266: 鏃犳硶灏嗙被鍨嬧€淚oTPlatform.Helpers.ApiResponse<object>鈥濋殣寮忚浆鎹负鈥淢icrosoft.AspNetCore.Mvc.ActionResult<IoTPlatform.Helpers.ApiResponse>鈥濄€傚瓨鍦ㄤ竴涓樉寮忚浆鎹?鏄惁缂哄皯寮哄埗杞崲?) [G:\IoTPlatform\IoTPlatform.csproj]
G:\IoTPlatform\Controllers\ETLTasksController.cs(172,20): error CS0266: 鏃犳硶灏嗙被鍨嬧€淚oTPlatform.Helpers.ApiResponse<object>鈥濋殣寮忚浆鎹负鈥淢icrosoft.AspNetCore.Mvc.ActionResult<IoTPlatform.Helpers.ApiResponse>鈥濄€傚瓨鍦ㄤ竴涓樉寮忚浆鎹?鏄惁缂哄皯寮哄埗杞崲?) [G:\IoTPlatform\IoTPlatform.csproj]
G:\IoTPlatform\Controllers\DictionariesController.cs(259,20): error CS0266: 鏃犳硶灏嗙被鍨嬧€淚oTPlatform.Helpers.ApiResponse<object>鈥濋殣寮忚浆鎹负鈥淢icrosoft.AspNetCore.Mvc.ActionResult<IoTPlatform.Helpers.ApiResponse>鈥濄€傚瓨鍦ㄤ竴涓樉寮忚浆鎹?鏄惁缂哄皯寮哄埗杞崲?) [G:\IoTPlatform\IoTPlatform.csproj]
G:\IoTPlatform\Controllers\DictionariesController.cs(263,20): error CS0266: 鏃犳硶灏嗙被鍨嬧€淚oTPlatform.Helpers.ApiResponse<object>鈥濋殣寮忚浆鎹负鈥淢icrosoft.AspNetCore.Mvc.ActionResult<IoTPlatform.Helpers.ApiResponse>鈥濄€傚瓨鍦ㄤ竴涓樉寮忚浆鎹?鏄惁缂哄皯寮哄埗杞崲?) [G:\IoTPlatform\IoTPlatform.csproj]
G:\IoTPlatform\Controllers\DictionariesController.cs(267,20): error CS0266: 鏃犳硶灏嗙被鍨嬧€淚oTPlatform.Helpers.ApiResponse<object>鈥濋殣寮忚浆鎹负鈥淢icrosoft.AspNetCore.Mvc.ActionResult<IoTPlatform.Helpers.ApiResponse>鈥濄€傚瓨鍦ㄤ竴涓樉寮忚浆鎹?鏄惁缂哄皯寮哄埗杞崲?) [G:\IoTPlatform\IoTPlatform.csproj]
G:\IoTPlatform\Controllers\ETLTasksController.cs(191,20): error CS0266: 鏃犳硶灏嗙被鍨嬧€淚oTPlatform.Helpers.ApiResponse<object>鈥濋殣寮忚浆鎹负鈥淢icrosoft.AspNetCore.Mvc.ActionResult<IoTPlatform.Helpers.ApiResponse>鈥濄€傚瓨鍦ㄤ竴涓樉寮忚浆鎹?鏄惁缂哄皯寮哄埗杞崲?) [G:\IoTPlatform\IoTPlatform.csproj]
G:\IoTPlatform\Controllers\ETLTasksController.cs(195,20): error CS0266: 鏃犳硶灏嗙被鍨嬧€淚oTPlatform.Helpers.ApiResponse<object>鈥濋殣寮忚浆鎹负鈥淢icrosoft.AspNetCore.Mvc.ActionResult<IoTPlatform.Helpers.ApiResponse>鈥濄€傚瓨鍦ㄤ竴涓樉寮忚浆鎹?鏄惁缂哄皯寮哄埗杞崲?) [G:\IoTPlatform\IoTPlatform.csproj]
G:\IoTPlatform\Controllers\ETLTasksController.cs(199,20): error CS0266: 鏃犳硶灏嗙被鍨嬧€淚oTPlatform.Helpers.ApiResponse<object>鈥濋殣寮忚浆鎹负鈥淢icrosoft.AspNetCore.Mvc.ActionResult<IoTPlatform.Helpers.ApiResponse>鈥濄€傚瓨鍦ㄤ竴涓樉寮忚浆鎹?鏄惁缂哄皯寮哄埗杞崲?) [G:\IoTPlatform\IoTPlatform.csproj]
G:\IoTPlatform\Controllers\AreasController.cs(183,20): error CS0266: 鏃犳硶灏嗙被鍨嬧€淚oTPlatform.Helpers.ApiResponse<object>鈥濋殣寮忚浆鎹负鈥淢icrosoft.AspNetCore.Mvc.ActionResult<IoTPlatform.Helpers.ApiResponse>鈥濄€傚瓨鍦ㄤ竴涓樉寮忚浆鎹?鏄惁缂哄皯寮哄埗杞崲?) [G:\IoTPlatform\IoTPlatform.csproj]
G:\IoTPlatform\Controllers\AreasController.cs(187,20): error CS0266: 鏃犳硶灏嗙被鍨嬧€淚oTPlatform.Helpers.ApiResponse<object>鈥濋殣寮忚浆鎹负鈥淢icrosoft.AspNetCore.Mvc.ActionResult<IoTPlatform.Helpers.ApiResponse>鈥濄€傚瓨鍦ㄤ竴涓樉寮忚浆鎹?鏄惁缂哄皯寮哄埗杞崲?) [G:\IoTPlatform\IoTPlatform.csproj]
G:\IoTPlatform\Controllers\AreasController.cs(191,20): error CS0266: 鏃犳硶灏嗙被鍨嬧€淚oTPlatform.Helpers.ApiResponse<object>鈥濋殣寮忚浆鎹负鈥淢icrosoft.AspNetCore.Mvc.ActionResult<IoTPlatform.Helpers.ApiResponse>鈥濄€傚瓨鍦ㄤ竴涓樉寮忚浆鎹?鏄惁缂哄皯寮哄埗杞崲?) [G:\IoTPlatform\IoTPlatform.csproj]
G:\IoTPlatform\Controllers\DevicesController.cs(179,20): error CS0266: 鏃犳硶灏嗙被鍨嬧€淚oTPlatform.Helpers.ApiResponse<object>鈥濋殣寮忚浆鎹负鈥淢icrosoft.AspNetCore.Mvc.ActionResult<IoTPlatform.Helpers.ApiResponse>鈥濄€傚瓨鍦ㄤ竴涓樉寮忚浆鎹?鏄惁缂哄皯寮哄埗杞崲?) [G:\IoTPlatform\IoTPlatform.csproj]
G:\IoTPlatform\Controllers\DevicesController.cs(183,20): error CS0266: 鏃犳硶灏嗙被鍨嬧€淚oTPlatform.Helpers.ApiResponse<object>鈥濋殣寮忚浆鎹负鈥淢icrosoft.AspNetCore.Mvc.ActionResult<IoTPlatform.Helpers.ApiResponse>鈥濄€傚瓨鍦ㄤ竴涓樉寮忚浆鎹?鏄惁缂哄皯寮哄埗杞崲?) [G:\IoTPlatform\IoTPlatform.csproj]
G:\IoTPlatform\Services\RoleService.cs(47,38): error CS1061: 鈥淚Queryable<Role>鈥濇湭鍖呭惈鈥淐ountAsync鈥濈殑瀹氫箟锛屽苟涓旀壘涓嶅埌鍙帴鍙楃涓€涓€淚Queryable<Role>鈥濈被鍨嬪弬鏁扮殑鍙闂墿灞曟柟娉曗€淐ountAsync鈥?鏄惁缂哄皯 using 鎸囦护鎴栫▼搴忛泦寮曠敤?) [G:\IoTPlatform\IoTPlatform.csproj]
G:\IoTPlatform\Services\RoleService.cs(52,14): error CS1061: 鈥淚Queryable<Role>鈥濇湭鍖呭惈鈥淭oListAsync鈥濈殑瀹氫箟锛屽苟涓旀壘涓嶅埌鍙帴鍙楃涓€涓€淚Queryable<Role>鈥濈被鍨嬪弬鏁扮殑鍙闂墿灞曟柟娉曗€淭oListAsync鈥?鏄惁缂哄皯 using 鎸囦护鎴栫▼搴忛泦寮曠敤?) [G:\IoTPlatform\IoTPlatform.csproj]
G:\IoTPlatform\Data\Repositories\Implementations\UserRepository.cs(26,37): error CS1061: 鈥淯ser鈥濇湭鍖呭惈鈥淧asswordHash鈥濈殑瀹氫箟锛屽苟涓旀壘涓嶅埌鍙帴鍙楃涓€涓€淯ser鈥濈被鍨嬪弬鏁扮殑鍙闂墿灞曟柟娉曗€淧asswordHash鈥?鏄惁缂哄皯 using 鎸囦护鎴栫▼搴忛泦寮曠敤?) [G:\IoTPlatform\IoTPlatform.csproj]
G:\IoTPlatform\Controllers\CustomersController.cs(57,23): error CS1061: 鈥淐ustomer鈥濇湭鍖呭惈鈥淐ontact鈥濈殑瀹氫箟锛屽苟涓旀壘涓嶅埌鍙帴鍙楃涓€涓€淐ustomer鈥濈被鍨嬪弬鏁扮殑鍙闂墿灞曟柟娉曗€淐ontact鈥?鏄惁缂哄皯 using 鎸囦护鎴栫▼搴忛泦寮曠敤?) [G:\IoTPlatform\IoTPlatform.csproj]
G:\IoTPlatform\Controllers\CustomersController.cs(57,44): error CS1061: 鈥淐ustomer鈥濇湭鍖呭惈鈥淐ontact鈥濈殑瀹氫箟锛屽苟涓旀壘涓嶅埌鍙帴鍙楃涓€涓€淐ustomer鈥濈被鍨嬪弬鏁扮殑鍙闂墿灞曟柟娉曗€淐ontact鈥?鏄惁缂哄皯 using 鎸囦护鎴栫▼搴忛泦寮曠敤?) [G:\IoTPlatform\IoTPlatform.csproj]
G:\IoTPlatform\Controllers\CustomersController.cs(71,33): error CS1061: 鈥淐ustomer鈥濇湭鍖呭惈鈥淐ontact鈥濈殑瀹氫箟锛屽苟涓旀壘涓嶅埌鍙帴鍙楃涓€涓€淐ustomer鈥濈被鍨嬪弬鏁扮殑鍙闂墿灞曟柟娉曗€淐ontact鈥?鏄惁缂哄皯 using 鎸囦护鎴栫▼搴忛泦寮曠敤?) [G:\IoTPlatform\IoTPlatform.csproj]
G:\IoTPlatform\Controllers\CustomersController.cs(123,36): error CS1061: 鈥淐ustomer鈥濇湭鍖呭惈鈥淐ontact鈥濈殑瀹氫箟锛屽苟涓旀壘涓嶅埌鍙帴鍙楃涓€涓€淐ustomer鈥濈被鍨嬪弬鏁扮殑鍙闂墿灞曟柟娉曗€淐ontact鈥?鏄惁缂哄皯 using 鎸囦护鎴栫▼搴忛泦寮曠敤?) [G:\IoTPlatform\IoTPlatform.csproj]
G:\IoTPlatform\Controllers\CustomersController.cs(163,17): error CS0117: 鈥淐ustomer鈥濇湭鍖呭惈鈥淐ontact鈥濈殑瀹氫箟 [G:\IoTPlatform\IoTPlatform.csproj]
G:\IoTPlatform\Controllers\CustomersController.cs(178,36): error CS1061: 鈥淐ustomer鈥濇湭鍖呭惈鈥淐ontact鈥濈殑瀹氫箟锛屽苟涓旀壘涓嶅埌鍙帴鍙楃涓€涓€淐ustomer鈥濈被鍨嬪弬鏁扮殑鍙闂墿灞曟柟娉曗€淐ontact鈥?鏄惁缂哄皯 using 鎸囦护鎴栫▼搴忛泦寮曠敤?) [G:\IoTPlatform\IoTPlatform.csproj]
G:\IoTPlatform\Controllers\CustomersController.cs(218,22): error CS1061: 鈥淐ustomer鈥濇湭鍖呭惈鈥淐ontact鈥濈殑瀹氫箟锛屽苟涓旀壘涓嶅埌鍙帴鍙楃涓€涓€淐ustomer鈥濈被鍨嬪弬鏁扮殑鍙闂墿灞曟柟娉曗€淐ontact鈥?鏄惁缂哄皯 using 鎸囦护鎴栫▼搴忛泦寮曠敤?) [G:\IoTPlatform\IoTPlatform.csproj]
G:\IoTPlatform\Controllers\CustomersController.cs(234,36): error CS1061: 鈥淐ustomer鈥濇湭鍖呭惈鈥淐ontact鈥濈殑瀹氫箟锛屽苟涓旀壘涓嶅埌鍙帴鍙楃涓€涓€淐ustomer鈥濈被鍨嬪弬鏁扮殑鍙闂墿灞曟柟娉曗€淐ontact鈥?鏄惁缂哄皯 using 鎸囦护鎴栫▼搴忛泦寮曠敤?) [G:\IoTPlatform\IoTPlatform.csproj]
G:\IoTPlatform\Data\Repositories\Implementations\UserRepository.cs(58,18): error CS1061: 鈥淯ser鈥濇湭鍖呭惈鈥淧asswordHash鈥濈殑瀹氫箟锛屽苟涓旀壘涓嶅埌鍙帴鍙楃涓€涓€淯ser鈥濈被鍨嬪弬鏁扮殑鍙闂墿灞曟柟娉曗€淧asswordHash鈥?鏄惁缂哄皯 using 鎸囦护鎴栫▼搴忛泦寮曠敤?) [G:\IoTPlatform\IoTPlatform.csproj]
G:\IoTPlatform\Services\ProtocolConfigService.cs(32,47): error CS1061: 鈥淚ProtocolConfigRepository鈥濇湭鍖呭惈鈥淨uery鈥濈殑瀹氫箟锛屽苟涓旀壘涓嶅埌鍙帴鍙楃涓€涓€淚ProtocolConfigRepository鈥濈被鍨嬪弬鏁扮殑鍙闂墿灞曟柟娉曗€淨uery鈥?鏄惁缂哄皯 using 鎸囦护鎴栫▼搴忛泦寮曠敤?) [G:\IoTPlatform\IoTPlatform.csproj]
G:\IoTPlatform\Data\Repositories\Implementations\ETLTaskRepository.cs(58,33): error CS1061: 鈥淓TLTask鈥濇湭鍖呭惈鈥淧riority鈥濈殑瀹氫箟锛屽苟涓旀壘涓嶅埌鍙帴鍙楃涓€涓€淓TLTask鈥濈被鍨嬪弬鏁扮殑鍙闂墿灞曟柟娉曗€淧riority鈥?鏄惁缂哄皯 using 鎸囦护鎴栫▼搴忛泦寮曠敤?) [G:\IoTPlatform\IoTPlatform.csproj]
G:\IoTPlatform\Data\Repositories\Implementations\ETLTaskRepository.cs(71,38): error CS0029: 鏃犳硶灏嗙被鍨嬧€淪ystem.DateTime鈥濋殣寮忚浆鎹负鈥渟tring鈥?[G:\IoTPlatform\IoTPlatform.csproj]
G:\IoTPlatform\Data\Repositories\Implementations\ETLTaskRepository.cs(75,38): error CS0029: 鏃犳硶灏嗙被鍨嬧€淪ystem.DateTime鈥濋殣寮忚浆鎹负鈥渟tring鈥?[G:\IoTPlatform\IoTPlatform.csproj]
G:\IoTPlatform\Controllers\CustomersController.cs(262,24): error CS0266: 鏃犳硶灏嗙被鍨嬧€淚oTPlatform.Helpers.ApiResponse<object>鈥濋殣寮忚浆鎹负鈥淢icrosoft.AspNetCore.Mvc.ActionResult<IoTPlatform.Helpers.ApiResponse>鈥濄€傚瓨鍦ㄤ竴涓樉寮忚浆鎹?鏄惁缂哄皯寮哄埗杞崲?) [G:\IoTPlatform\IoTPlatform.csproj]
G:\IoTPlatform\Controllers\CustomersController.cs(272,24): error CS0266: 鏃犳硶灏嗙被鍨嬧€淚oTPlatform.Helpers.ApiResponse<object>鈥濋殣寮忚浆鎹负鈥淢icrosoft.AspNetCore.Mvc.ActionResult<IoTPlatform.Helpers.ApiResponse>鈥濄€傚瓨鍦ㄤ竴涓樉寮忚浆鎹?鏄惁缂哄皯寮哄埗杞崲?) [G:\IoTPlatform\IoTPlatform.csproj]
G:\IoTPlatform\Controllers\CustomersController.cs(282,20): error CS0266: 鏃犳硶灏嗙被鍨嬧€淚oTPlatform.Helpers.ApiResponse<object>鈥濋殣寮忚浆鎹负鈥淢icrosoft.AspNetCore.Mvc.ActionResult<IoTPlatform.Helpers.ApiResponse>鈥濄€傚瓨鍦ㄤ竴涓樉寮忚浆鎹?鏄惁缂哄皯寮哄埗杞崲?) [G:\IoTPlatform\IoTPlatform.csproj]
G:\IoTPlatform\Services\ProtocolConfigService.cs(87,47): error CS1061: 鈥淚ProtocolConfigRepository鈥濇湭鍖呭惈鈥淨uery鈥濈殑瀹氫箟锛屽苟涓旀壘涓嶅埌鍙帴鍙楃涓€涓€淚ProtocolConfigRepository鈥濈被鍨嬪弬鏁扮殑鍙闂墿灞曟柟娉曗€淨uery鈥?鏄惁缂哄皯 using 鎸囦护鎴栫▼搴忛泦寮曠敤?) [G:\IoTPlatform\IoTPlatform.csproj]
G:\IoTPlatform\Data\Repositories\Implementations\AlertRecordRepository.cs(322,29): error CS1061: 鈥淎lertRecord鈥濇湭鍖呭惈鈥淲orkOrders鈥濈殑瀹氫箟锛屽苟涓旀壘涓嶅埌鍙帴鍙楃涓€涓€淎lertRecord鈥濈被鍨嬪弬鏁扮殑鍙闂墿灞曟柟娉曗€淲orkOrders鈥?鏄惁缂哄皯 using 鎸囦护鎴栫▼搴忛泦寮曠敤?) [G:\IoTPlatform\IoTPlatform.csproj]
G:\IoTPlatform\Data\Repositories\Implementations\AlertRecordRepository.cs(342,29): error CS1061: 鈥淎lertRecord鈥濇湭鍖呭惈鈥淲orkOrders鈥濈殑瀹氫箟锛屽苟涓旀壘涓嶅埌鍙帴鍙楃涓€涓€淎lertRecord鈥濈被鍨嬪弬鏁扮殑鍙闂墿灞曟柟娉曗€淲orkOrders鈥?鏄惁缂哄皯 using 鎸囦护鎴栫▼搴忛泦寮曠敤?) [G:\IoTPlatform\IoTPlatform.csproj]
G:\IoTPlatform\Data\Repositories\Implementations\UserRepository.cs(87,17): error CS0854: 琛ㄨ揪寮忔爲鍙兘涓嶅寘鍚娇鐢ㄥ彲閫夊弬鏁扮殑璋冪敤 [G:\IoTPlatform\IoTPlatform.csproj]
G:\IoTPlatform\Services\MqttHostedService.cs(32,46): error CS0407: 鈥淭ask MqttHostedService.OnDeviceDataReceived(object?, DeviceDataEventArgs)鈥濈殑杩斿洖绫诲瀷閿欒 [G:\IoTPlatform\IoTPlatform.csproj]
G:\IoTPlatform\Services\MqttClientService.cs(40,14): error CS1061: 鈥淢qttClientOptionsBuilder鈥濇湭鍖呭惈鈥淲ithAutomaticReconnectDelay鈥濈殑瀹氫箟锛屽苟涓旀壘涓嶅埌鍙帴鍙楃涓€涓€淢qttClientOptionsBuilder鈥濈被鍨嬪弬鏁扮殑鍙闂墿灞曟柟娉曗€淲ithAutomaticReconnectDelay鈥?鏄惁缂哄皯 using 鎸囦护鎴栫▼搴忛泦寮曠敤?) [G:\IoTPlatform\IoTPlatform.csproj]
G:\IoTPlatform\Data\Repositories\Implementations\SystemSettingRepository.cs(17,45): error CS1061: 鈥淪ystemSetting鈥濇湭鍖呭惈鈥淪ettingKey鈥濈殑瀹氫箟锛屽苟涓旀壘涓嶅埌鍙帴鍙楃涓€涓€淪ystemSetting鈥濈被鍨嬪弬鏁扮殑鍙闂墿灞曟柟娉曗€淪ettingKey鈥?鏄惁缂哄皯 using 鎸囦护鎴栫▼搴忛泦寮曠敤?) [G:\IoTPlatform\IoTPlatform.csproj]
G:\IoTPlatform\Services\AuthService.cs(124,17): error CS0117: 鈥淐ustomerDto鈥濇湭鍖呭惈鈥淐ontact鈥濈殑瀹氫箟 [G:\IoTPlatform\IoTPlatform.csproj]
G:\IoTPlatform\Services\AuthService.cs(125,17): error CS0117: 鈥淐ustomerDto鈥濇湭鍖呭惈鈥淧hone鈥濈殑瀹氫箟 [G:\IoTPlatform\IoTPlatform.csproj]
G:\IoTPlatform\Data\Repositories\Implementations\SystemSettingRepository.cs(37,33): error CS1061: 鈥淪ystemSetting鈥濇湭鍖呭惈鈥淪ortOrder鈥濈殑瀹氫箟锛屽苟涓旀壘涓嶅埌鍙帴鍙楃涓€涓€淪ystemSetting鈥濈被鍨嬪弬鏁扮殑鍙闂墿灞曟柟娉曗€淪ortOrder鈥?鏄惁缂哄皯 using 鎸囦护鎴栫▼搴忛泦寮曠敤?) [G:\IoTPlatform\IoTPlatform.csproj]
G:\IoTPlatform\Services\DataCollectionService.cs(58,45): error CS1061: 鈥淚DataRuleRepository鈥濇湭鍖呭惈鈥淨uery鈥濈殑瀹氫箟锛屽苟涓旀壘涓嶅埌鍙帴鍙楃涓€涓€淚DataRuleRepository鈥濈被鍨嬪弬鏁扮殑鍙闂墿灞曟柟娉曗€淨uery鈥?鏄惁缂哄皯 using 鎸囦护鎴栫▼搴忛泦寮曠敤?) [G:\IoTPlatform\IoTPlatform.csproj]
G:\IoTPlatform\Services\AuthService.cs(165,25): error CS1061: 鈥淯ser鈥濇湭鍖呭惈鈥淣ame鈥濈殑瀹氫箟锛屽苟涓旀壘涓嶅埌鍙帴鍙楃涓€涓€淯ser鈥濈被鍨嬪弬鏁扮殑鍙闂墿灞曟柟娉曗€淣ame鈥?鏄惁缂哄皯 using 鎸囦护鎴栫▼搴忛泦寮曠敤?) [G:\IoTPlatform\IoTPlatform.csproj]
G:\IoTPlatform\Data\Repositories\Implementations\SystemSettingRepository.cs(44,45): error CS1061: 鈥淪ystemSetting鈥濇湭鍖呭惈鈥淪ettingKey鈥濈殑瀹氫箟锛屽苟涓旀壘涓嶅埌鍙帴鍙楃涓€涓€淪ystemSetting鈥濈被鍨嬪弬鏁扮殑鍙闂墿灞曟柟娉曗€淪ettingKey鈥?鏄惁缂哄皯 using 鎸囦护鎴栫▼搴忛泦寮曠敤?) [G:\IoTPlatform\IoTPlatform.csproj]
G:\IoTPlatform\Services\DataCollectionService.cs(104,13): error CS0117: 鈥淎lertRecord鈥濇湭鍖呭惈鈥淭ype鈥濈殑瀹氫箟 [G:\IoTPlatform\IoTPlatform.csproj]
G:\IoTPlatform\Services\DataCollectionService.cs(106,13): error CS0117: 鈥淎lertRecord鈥濇湭鍖呭惈鈥淢essage鈥濈殑瀹氫箟 [G:\IoTPlatform\IoTPlatform.csproj]
G:\IoTPlatform\Services\DataCollectionService.cs(107,13): error CS0117: 鈥淎lertRecord鈥濇湭鍖呭惈鈥淒etail鈥濈殑瀹氫箟 [G:\IoTPlatform\IoTPlatform.csproj]
G:\IoTPlatform\Services\DataCollectionService.cs(109,13): error CS0117: 鈥淎lertRecord鈥濇湭鍖呭惈鈥淪everity鈥濈殑瀹氫箟 [G:\IoTPlatform\IoTPlatform.csproj]
G:\IoTPlatform\Services\DataCollectionService.cs(110,21): error CS0029: 鏃犳硶灏嗙被鍨嬧€渟tring鈥濋殣寮忚浆鎹负鈥渄ouble?鈥?[G:\IoTPlatform\IoTPlatform.csproj]
G:\IoTPlatform\Services\DataCollectionService.cs(113,13): error CS0117: 鈥淎lertRecord鈥濇湭鍖呭惈鈥淯nit鈥濈殑瀹氫箟 [G:\IoTPlatform\IoTPlatform.csproj]
G:\IoTPlatform\Data\Repositories\Implementations\SystemSettingRepository.cs(68,21): error CS0117: 鈥淪ystemSetting鈥濇湭鍖呭惈鈥淪ettingKey鈥濈殑瀹氫箟 [G:\IoTPlatform\IoTPlatform.csproj]
G:\IoTPlatform\Data\Repositories\Implementations\SystemSettingRepository.cs(69,21): error CS0117: 鈥淪ystemSetting鈥濇湭鍖呭惈鈥淪ettingValue鈥濈殑瀹氫箟 [G:\IoTPlatform\IoTPlatform.csproj]
G:\IoTPlatform\Data\Repositories\Implementations\SystemSettingRepository.cs(74,21): error CS0117: 鈥淪ystemSetting鈥濇湭鍖呭惈鈥淚sActive鈥濈殑瀹氫箟 [G:\IoTPlatform\IoTPlatform.csproj]
G:\IoTPlatform\Data\Repositories\Implementations\ETLTaskRepository.cs(154,53): error CS1061: 鈥淓TLTask鈥濇湭鍖呭惈鈥淭riggerType鈥濈殑瀹氫箟锛屽苟涓旀壘涓嶅埌鍙帴鍙楃涓€涓€淓TLTask鈥濈被鍨嬪弬鏁扮殑鍙闂墿灞曟柟娉曗€淭riggerType鈥?鏄惁缂哄皯 using 鎸囦护鎴栫▼搴忛泦寮曠敤?) [G:\IoTPlatform\IoTPlatform.csproj]
G:\IoTPlatform\Data\Repositories\Implementations\ETLTaskRepository.cs(155,50): error CS1061: 鈥淓TLTask鈥濇湭鍖呭惈鈥淭riggerType鈥濈殑瀹氫箟锛屽苟涓旀壘涓嶅埌鍙帴鍙楃涓€涓€淓TLTask鈥濈被鍨嬪弬鏁扮殑鍙闂墿灞曟柟娉曗€淭riggerType鈥?鏄惁缂哄皯 using 鎸囦护鎴栫▼搴忛泦寮曠敤?) [G:\IoTPlatform\IoTPlatform.csproj]
G:\IoTPlatform\Services\DataRuleService.cs(40,41): error CS1061: 鈥淚DataRuleRepository鈥濇湭鍖呭惈鈥淨uery鈥濈殑瀹氫箟锛屽苟涓旀壘涓嶅埌鍙帴鍙楃涓€涓€淚DataRuleRepository鈥濈被鍨嬪弬鏁扮殑鍙闂墿灞曟柟娉曗€淨uery鈥?鏄惁缂哄皯 using 鎸囦护鎴栫▼搴忛泦寮曠敤?) [G:\IoTPlatform\IoTPlatform.csproj]
G:\IoTPlatform\Data\Repositories\Implementations\SystemSettingRepository.cs(90,65): error CS1061: 鈥淪ystemSetting鈥濇湭鍖呭惈鈥淪ettingValue鈥濈殑瀹氫箟锛屽苟涓旀壘涓嶅埌鍙帴鍙楃涓€涓€淪ystemSetting鈥濈被鍨嬪弬鏁扮殑鍙闂墿灞曟柟娉曗€淪ettingValue鈥?鏄惁缂哄皯 using 鎸囦护鎴栫▼搴忛泦寮曠敤?) [G:\IoTPlatform\IoTPlatform.csproj]
G:\IoTPlatform\Data\Repositories\Implementations\SystemSettingRepository.cs(99,47): error CS1061: 鈥淪ystemSetting鈥濇湭鍖呭惈鈥淪ettingValue鈥濈殑瀹氫箟锛屽苟涓旀壘涓嶅埌鍙帴鍙楃涓€涓€淪ystemSetting鈥濈被鍨嬪弬鏁扮殑鍙闂墿灞曟柟娉曗€淪ettingValue鈥?鏄惁缂哄皯 using 鎸囦护鎴栫▼搴忛泦寮曠敤?) [G:\IoTPlatform\IoTPlatform.csproj]
G:\IoTPlatform\Data\Repositories\Implementations\SystemSettingRepository.cs(103,46): error CS1061: 鈥淪ystemSetting鈥濇湭鍖呭惈鈥淪ettingValue鈥濈殑瀹氫箟锛屽苟涓旀壘涓嶅埌鍙帴鍙楃涓€涓€淪ystemSetting鈥濈被鍨嬪弬鏁扮殑鍙闂墿灞曟柟娉曗€淪ettingValue鈥?鏄惁缂哄皯 using 鎸囦护鎴栫▼搴忛泦寮曠敤?) [G:\IoTPlatform\IoTPlatform.csproj]
G:\IoTPlatform\Data\Repositories\Implementations\SystemSettingRepository.cs(110,47): error CS1061: 鈥淪ystemSetting鈥濇湭鍖呭惈鈥淪ettingValue鈥濈殑瀹氫箟锛屽苟涓旀壘涓嶅埌鍙帴鍙楃涓€涓€淪ystemSetting鈥濈被鍨嬪弬鏁扮殑鍙闂墿灞曟柟娉曗€淪ettingValue鈥?鏄惁缂哄皯 using 鎸囦护鎴栫▼搴忛泦寮曠敤?) [G:\IoTPlatform\IoTPlatform.csproj]
G:\IoTPlatform\Data\Repositories\Implementations\SystemSettingRepository.cs(117,49): error CS1061: 鈥淪ystemSetting鈥濇湭鍖呭惈鈥淪ettingValue鈥濈殑瀹氫箟锛屽苟涓旀壘涓嶅埌鍙帴鍙楃涓€涓€淪ystemSetting鈥濈被鍨嬪弬鏁扮殑鍙闂墿灞曟柟娉曗€淪ettingValue鈥?鏄惁缂哄皯 using 鎸囦护鎴栫▼搴忛泦寮曠敤?) [G:\IoTPlatform\IoTPlatform.csproj]
G:\IoTPlatform\Data\Repositories\Implementations\SystemSettingRepository.cs(124,51): error CS1061: 鈥淪ystemSetting鈥濇湭鍖呭惈鈥淪ettingValue鈥濈殑瀹氫箟锛屽苟涓旀壘涓嶅埌鍙帴鍙楃涓€涓€淪ystemSetting鈥濈被鍨嬪弬鏁扮殑鍙闂墿灞曟柟娉曗€淪ettingValue鈥?鏄惁缂哄皯 using 鎸囦护鎴栫▼搴忛泦寮曠敤?) [G:\IoTPlatform\IoTPlatform.csproj]
G:\IoTPlatform\Data\Repositories\Implementations\SystemSettingRepository.cs(132,66): error CS1061: 鈥淪ystemSetting鈥濇湭鍖呭惈鈥淪ettingValue鈥濈殑瀹氫箟锛屽苟涓旀壘涓嶅埌鍙帴鍙楃涓€涓€淪ystemSetting鈥濈被鍨嬪弬鏁扮殑鍙闂墿灞曟柟娉曗€淪ettingValue鈥?鏄惁缂哄皯 using 鎸囦护鎴栫▼搴忛泦寮曠敤?) [G:\IoTPlatform\IoTPlatform.csproj]
G:\IoTPlatform\Data\Repositories\Implementations\ETLTaskRepository.cs(163,31): error CS1061: 鈥淓TLTask鈥濇湭鍖呭惈鈥淒ataRuleId鈥濈殑瀹氫箟锛屽苟涓旀壘涓嶅埌鍙帴鍙楃涓€涓€淓TLTask鈥濈被鍨嬪弬鏁扮殑鍙闂墿灞曟柟娉曗€淒ataRuleId鈥?鏄惁缂哄皯 using 鎸囦护鎴栫▼搴忛泦寮曠敤?) [G:\IoTPlatform\IoTPlatform.csproj]
G:\IoTPlatform\Services\DictionaryService.cs(31,43): error CS1061: 鈥淚DictionaryRepository鈥濇湭鍖呭惈鈥淕etTypesQuery鈥濈殑瀹氫箟锛屽苟涓旀壘涓嶅埌鍙帴鍙楃涓€涓€淚DictionaryRepository鈥濈被鍨嬪弬鏁扮殑鍙闂墿灞曟柟娉曗€淕etTypesQuery鈥?鏄惁缂哄皯 using 鎸囦护鎴栫▼搴忛泦寮曠敤?) [G:\IoTPlatform\IoTPlatform.csproj]
G:\IoTPlatform\Data\Repositories\Implementations\SystemSettingRepository.cs(165,21): error CS0117: 鈥淪ystemSetting鈥濇湭鍖呭惈鈥淪ettingKey鈥濈殑瀹氫箟 [G:\IoTPlatform\IoTPlatform.csproj]
G:\IoTPlatform\Data\Repositories\Implementations\SystemSettingRepository.cs(166,21): error CS0117: 鈥淪ystemSetting鈥濇湭鍖呭惈鈥淪ettingValue鈥濈殑瀹氫箟 [G:\IoTPlatform\IoTPlatform.csproj]
G:\IoTPlatform\Data\Repositories\Implementations\SystemSettingRepository.cs(171,21): error CS0117: 鈥淪ystemSetting鈥濇湭鍖呭惈鈥淚sActive鈥濈殑瀹氫箟 [G:\IoTPlatform\IoTPlatform.csproj]
G:\IoTPlatform\Data\Repositories\Implementations\SystemSettingRepository.cs(180,25): error CS1061: 鈥淪ystemSetting鈥濇湭鍖呭惈鈥淪ettingValue鈥濈殑瀹氫箟锛屽苟涓旀壘涓嶅埌鍙帴鍙楃涓€涓€淪ystemSetting鈥濈被鍨嬪弬鏁扮殑鍙闂墿灞曟柟娉曗€淪ettingValue鈥?鏄惁缂哄皯 using 鎸囦护鎴栫▼搴忛泦寮曠敤?) [G:\IoTPlatform\IoTPlatform.csproj]
G:\IoTPlatform\Services\DictionaryService.cs(70,43): error CS1061: 鈥淚DictionaryRepository鈥濇湭鍖呭惈鈥淕etTypesQuery鈥濈殑瀹氫箟锛屽苟涓旀壘涓嶅埌鍙帴鍙楃涓€涓€淚DictionaryRepository鈥濈被鍨嬪弬鏁扮殑鍙闂墿灞曟柟娉曗€淕etTypesQuery鈥?鏄惁缂哄皯 using 鎸囦护鎴栫▼搴忛泦寮曠敤?) [G:\IoTPlatform\IoTPlatform.csproj]
G:\IoTPlatform\Services\AuthService.cs(242,13): error CS0117: 鈥淐ustomerDto鈥濇湭鍖呭惈鈥淐ontact鈥濈殑瀹氫箟 [G:\IoTPlatform\IoTPlatform.csproj]
G:\IoTPlatform\Services\AuthService.cs(243,13): error CS0117: 鈥淐ustomerDto鈥濇湭鍖呭惈鈥淧hone鈥濈殑瀹氫箟 [G:\IoTPlatform\IoTPlatform.csproj]
G:\IoTPlatform\Services\DictionaryService.cs(112,37): error CS1061: 鈥淚DictionaryRepository鈥濇湭鍖呭惈鈥淎ddTypeAsync鈥濈殑瀹氫箟锛屽苟涓旀壘涓嶅埌鍙帴鍙楃涓€涓€淚DictionaryRepository鈥濈被鍨嬪弬鏁扮殑鍙闂墿灞曟柟娉曗€淎ddTypeAsync鈥?鏄惁缂哄皯 using 鎸囦护鎴栫▼搴忛泦寮曠敤?) [G:\IoTPlatform\IoTPlatform.csproj]
G:\IoTPlatform\Services\DataRuleService.cs(100,41): error CS1061: 鈥淚DataRuleRepository鈥濇湭鍖呭惈鈥淨uery鈥濈殑瀹氫箟锛屽苟涓旀壘涓嶅埌鍙帴鍙楃涓€涓€淚DataRuleRepository鈥濈被鍨嬪弬鏁扮殑鍙闂墿灞曟柟娉曗€淨uery鈥?鏄惁缂哄皯 using 鎸囦护鎴栫▼搴忛泦寮曠敤?) [G:\IoTPlatform\IoTPlatform.csproj]
G:\IoTPlatform\Services\DictionaryService.cs(134,48): error CS1061: 鈥淚DictionaryRepository鈥濇湭鍖呭惈鈥淕etTypeByIdAsync鈥濈殑瀹氫箟锛屽苟涓旀壘涓嶅埌鍙帴鍙楃涓€涓€淚DictionaryRepository鈥濈被鍨嬪弬鏁扮殑鍙闂墿灞曟柟娉曗€淕etTypeByIdAsync鈥?鏄惁缂哄皯 using 鎸囦护鎴栫▼搴忛泦寮曠敤?) [G:\IoTPlatform\IoTPlatform.csproj]
G:\IoTPlatform\Services\DictionaryService.cs(152,37): error CS1061: 鈥淚DictionaryRepository鈥濇湭鍖呭惈鈥淯pdateTypeAsync鈥濈殑瀹氫箟锛屽苟涓旀壘涓嶅埌鍙帴鍙楃涓€涓€淚DictionaryRepository鈥濈被鍨嬪弬鏁扮殑鍙闂墿灞曟柟娉曗€淯pdateTypeAsync鈥?鏄惁缂哄皯 using 鎸囦护鎴栫▼搴忛泦寮曠敤?) [G:\IoTPlatform\IoTPlatform.csproj]
G:\IoTPlatform\Services\MonitoringService.cs(30,43): error CS1061: 鈥淚MonitoringRepository鈥濇湭鍖呭惈鈥淨uery鈥濈殑瀹氫箟锛屽苟涓旀壘涓嶅埌鍙帴鍙楃涓€涓€淚MonitoringRepository鈥濈被鍨嬪弬鏁扮殑鍙闂墿灞曟柟娉曗€淨uery鈥?鏄惁缂哄皯 using 鎸囦护鎴栫▼搴忛泦寮曠敤?) [G:\IoTPlatform\IoTPlatform.csproj]
G:\IoTPlatform\Data\Repositories\Implementations\SystemSettingRepository.cs(197,59): error CS1061: 鈥淪ystemSetting鈥濇湭鍖呭惈鈥淪ettingKey鈥濈殑瀹氫箟锛屽苟涓旀壘涓嶅埌鍙帴鍙楃涓€涓€淪ystemSetting鈥濈被鍨嬪弬鏁扮殑鍙闂墿灞曟柟娉曗€淪ettingKey鈥?鏄惁缂哄皯 using 鎸囦护鎴栫▼搴忛泦寮曠敤?) [G:\IoTPlatform\IoTPlatform.csproj]
G:\IoTPlatform\Data\Repositories\Implementations\ETLTaskRepository.cs(172,31): error CS1061: 鈥淓TLTask鈥濇湭鍖呭惈鈥淒ataRuleId鈥濈殑瀹氫箟锛屽苟涓旀壘涓嶅埌鍙帴鍙楃涓€涓€淓TLTask鈥濈被鍨嬪弬鏁扮殑鍙闂墿灞曟柟娉曗€淒ataRuleId鈥?鏄惁缂哄皯 using 鎸囦护鎴栫▼搴忛泦寮曠敤?) [G:\IoTPlatform\IoTPlatform.csproj]
G:\IoTPlatform\Services\DictionaryService.cs(174,48): error CS1061: 鈥淚DictionaryRepository鈥濇湭鍖呭惈鈥淕etTypeByIdAsync鈥濈殑瀹氫箟锛屽苟涓旀壘涓嶅埌鍙帴鍙楃涓€涓€淚DictionaryRepository鈥濈被鍨嬪弬鏁扮殑鍙闂墿灞曟柟娉曗€淕etTypeByIdAsync鈥?鏄惁缂哄皯 using 鎸囦护鎴栫▼搴忛泦寮曠敤?) [G:\IoTPlatform\IoTPlatform.csproj]
G:\IoTPlatform\Services\DictionaryService.cs(187,52): error CS1061: 鈥淚DictionaryRepository鈥濇湭鍖呭惈鈥淭ypeHasItemsAsync鈥濈殑瀹氫箟锛屽苟涓旀壘涓嶅埌鍙帴鍙楃涓€涓€淚DictionaryRepository鈥濈被鍨嬪弬鏁扮殑鍙闂墿灞曟柟娉曗€淭ypeHasItemsAsync鈥?鏄惁缂哄皯 using 鎸囦护鎴栫▼搴忛泦寮曠敤?) [G:\IoTPlatform\IoTPlatform.csproj]
G:\IoTPlatform\Services\DictionaryService.cs(193,37): error CS1061: 鈥淚DictionaryRepository鈥濇湭鍖呭惈鈥淒eleteTypeAsync鈥濈殑瀹氫箟锛屽苟涓旀壘涓嶅埌鍙帴鍙楃涓€涓€淚DictionaryRepository鈥濈被鍨嬪弬鏁扮殑鍙闂墿灞曟柟娉曗€淒eleteTypeAsync鈥?鏄惁缂哄皯 using 鎸囦护鎴栫▼搴忛泦寮曠敤?) [G:\IoTPlatform\IoTPlatform.csproj]
G:\IoTPlatform\Services\DataRuleService.cs(162,42): error CS1061: 鈥淚DataRuleRepository鈥濇湭鍖呭惈鈥淨uery鈥濈殑瀹氫箟锛屽苟涓旀壘涓嶅埌鍙帴鍙楃涓€涓€淚DataRuleRepository鈥濈被鍨嬪弬鏁扮殑鍙闂墿灞曟柟娉曗€淨uery鈥?鏄惁缂哄皯 using 鎸囦护鎴栫▼搴忛泦寮曠敤?) [G:\IoTPlatform\IoTPlatform.csproj]
G:\IoTPlatform\Data\Repositories\Implementations\ETLTaskRepository.cs(185,43): error CS1503: 鍙傛暟 1: 鏃犳硶浠庘€淪ystem.Guid鈥濊浆鎹负鈥渓ong鈥?[G:\IoTPlatform\IoTPlatform.csproj]
G:\IoTPlatform\Data\Repositories\Implementations\SystemSettingRepository.cs(232,25): error CS0117: 鈥淪ystemSetting鈥濇湭鍖呭惈鈥淪ettingKey鈥濈殑瀹氫箟 [G:\IoTPlatform\IoTPlatform.csproj]
G:\IoTPlatform\Data\Repositories\Implementations\SystemSettingRepository.cs(233,25): error CS0117: 鈥淪ystemSetting鈥濇湭鍖呭惈鈥淪ettingValue鈥濈殑瀹氫箟 [G:\IoTPlatform\IoTPlatform.csproj]
G:\IoTPlatform\Data\Repositories\Implementations\SystemSettingRepository.cs(235,25): error CS0117: 鈥淪ystemSetting鈥濇湭鍖呭惈鈥淚sActive鈥濈殑瀹氫箟 [G:\IoTPlatform\IoTPlatform.csproj]
G:\IoTPlatform\Data\Repositories\Implementations\SystemSettingRepository.cs(243,29): error CS1061: 鈥淪ystemSetting鈥濇湭鍖呭惈鈥淪ettingValue鈥濈殑瀹氫箟锛屽苟涓旀壘涓嶅埌鍙帴鍙楃涓€涓€淪ystemSetting鈥濈被鍨嬪弬鏁扮殑鍙闂墿灞曟柟娉曗€淪ettingValue鈥?鏄惁缂哄皯 using 鎸囦护鎴栫▼搴忛泦寮曠敤?) [G:\IoTPlatform\IoTPlatform.csproj]
G:\IoTPlatform\Services\LogService.cs(26,36): error CS1061: 鈥淚LogRepository鈥濇湭鍖呭惈鈥淕etOperationLogsQuery鈥濈殑瀹氫箟锛屽苟涓旀壘涓嶅埌鍙帴鍙楃涓€涓€淚LogRepository鈥濈被鍨嬪弬鏁扮殑鍙闂墿灞曟柟娉曗€淕etOperationLogsQuery鈥?鏄惁缂哄皯 using 鎸囦护鎴栫▼搴忛泦寮曠敤?) [G:\IoTPlatform\IoTPlatform.csproj]
G:\IoTPlatform\Services\ETLTaskService.cs(32,40): error CS1061: 鈥淚ETLTaskRepository鈥濇湭鍖呭惈鈥淨uery鈥濈殑瀹氫箟锛屽苟涓旀壘涓嶅埌鍙帴鍙楃涓€涓€淚ETLTaskRepository鈥濈被鍨嬪弬鏁扮殑鍙闂墿灞曟柟娉曗€淨uery鈥?鏄惁缂哄皯 using 鎸囦护鎴栫▼搴忛泦寮曠敤?) [G:\IoTPlatform\IoTPlatform.csproj]
G:\IoTPlatform\Services\MonitoringService.cs(78,43): error CS1061: 鈥淚MonitoringRepository鈥濇湭鍖呭惈鈥淨uery鈥濈殑瀹氫箟锛屽苟涓旀壘涓嶅埌鍙帴鍙楃涓€涓€淚MonitoringRepository鈥濈被鍨嬪弬鏁扮殑鍙闂墿灞曟柟娉曗€淨uery鈥?鏄惁缂哄皯 using 鎸囦护鎴栫▼搴忛泦寮曠敤?) [G:\IoTPlatform\IoTPlatform.csproj]
G:\IoTPlatform\Services\DataRuleService.cs(194,46): error CS1061: 鈥淚DataRuleRepository鈥濇湭鍖呭惈鈥淨uery鈥濈殑瀹氫箟锛屽苟涓旀壘涓嶅埌鍙帴鍙楃涓€涓€淚DataRuleRepository鈥濈被鍨嬪弬鏁扮殑鍙闂墿灞曟柟娉曗€淨uery鈥?鏄惁缂哄皯 using 鎸囦护鎴栫▼搴忛泦寮曠敤?) [G:\IoTPlatform\IoTPlatform.csproj]
G:\IoTPlatform\Services\ETLTaskService.cs(87,40): error CS1061: 鈥淚ETLTaskRepository鈥濇湭鍖呭惈鈥淨uery鈥濈殑瀹氫箟锛屽苟涓旀壘涓嶅埌鍙帴鍙楃涓€涓€淚ETLTaskRepository鈥濈被鍨嬪弬鏁扮殑鍙闂墿灞曟柟娉曗€淨uery鈥?鏄惁缂哄皯 using 鎸囦护鎴栫▼搴忛泦寮曠敤?) [G:\IoTPlatform\IoTPlatform.csproj]
G:\IoTPlatform\Services\LogService.cs(89,36): error CS1061: 鈥淚LogRepository鈥濇湭鍖呭惈鈥淕etLoginLogsQuery鈥濈殑瀹氫箟锛屽苟涓旀壘涓嶅埌鍙帴鍙楃涓€涓€淚LogRepository鈥濈被鍨嬪弬鏁扮殑鍙闂墿灞曟柟娉曗€淕etLoginLogsQuery鈥?鏄惁缂哄皯 using 鎸囦护鎴栫▼搴忛泦寮曠敤?) [G:\IoTPlatform\IoTPlatform.csproj]
G:\IoTPlatform\Services\DictionaryService.cs(202,43): error CS1061: 鈥淚DictionaryRepository鈥濇湭鍖呭惈鈥淕etItemsQuery鈥濈殑瀹氫箟锛屽苟涓旀壘涓嶅埌鍙帴鍙楃涓€涓€淚DictionaryRepository鈥濈被鍨嬪弬鏁扮殑鍙闂墿灞曟柟娉曗€淕etItemsQuery鈥?鏄惁缂哄皯 using 鎸囦护鎴栫▼搴忛泦寮曠敤?) [G:\IoTPlatform\IoTPlatform.csproj]
G:\IoTPlatform\Services\LogService.cs(143,36): error CS1061: 鈥淚LogRepository鈥濇湭鍖呭惈鈥淕etOperationLogsQuery鈥濈殑瀹氫箟锛屽苟涓旀壘涓嶅埌鍙帴鍙楃涓€涓€淚LogRepository鈥濈被鍨嬪弬鏁扮殑鍙闂墿灞曟柟娉曗€淕etOperationLogsQuery鈥?鏄惁缂哄皯 using 鎸囦护鎴栫▼搴忛泦寮曠敤?) [G:\IoTPlatform\IoTPlatform.csproj]
G:\IoTPlatform\Services\DictionaryService.cs(230,43): error CS1061: 鈥淚DictionaryRepository鈥濇湭鍖呭惈鈥淕etItemsQuery鈥濈殑瀹氫箟锛屽苟涓旀壘涓嶅埌鍙帴鍙楃涓€涓€淚DictionaryRepository鈥濈被鍨嬪弬鏁扮殑鍙闂墿灞曟柟娉曗€淕etItemsQuery鈥?鏄惁缂哄皯 using 鎸囦护鎴栫▼搴忛泦寮曠敤?) [G:\IoTPlatform\IoTPlatform.csproj]
G:\IoTPlatform\Services\MonitoringService.cs(124,43): error CS1061: 鈥淚MonitoringRepository鈥濇湭鍖呭惈鈥淨uery鈥濈殑瀹氫箟锛屽苟涓旀壘涓嶅埌鍙帴鍙楃涓€涓€淚MonitoringRepository鈥濈被鍨嬪弬鏁扮殑鍙闂墿灞曟柟娉曗€淨uery鈥?鏄惁缂哄皯 using 鎸囦护鎴栫▼搴忛泦寮曠敤?) [G:\IoTPlatform\IoTPlatform.csproj]
G:\IoTPlatform\Services\DeviceService.cs(54,38): error CS1061: 鈥淚Queryable<Device>鈥濇湭鍖呭惈鈥淐ountAsync鈥濈殑瀹氫箟锛屽苟涓旀壘涓嶅埌鍙帴鍙楃涓€涓€淚Queryable<Device>鈥濈被鍨嬪弬鏁扮殑鍙闂墿灞曟柟娉曗€淐ountAsync鈥?鏄惁缂哄皯 using 鎸囦护鎴栫▼搴忛泦寮曠敤?) [G:\IoTPlatform\IoTPlatform.csproj]
G:\IoTPlatform\Services\DeviceService.cs(59,14): error CS1061: 鈥淚Queryable<Device>鈥濇湭鍖呭惈鈥淭oListAsync鈥濈殑瀹氫箟锛屽苟涓旀壘涓嶅埌鍙帴鍙楃涓€涓€淚Queryable<Device>鈥濈被鍨嬪弬鏁扮殑鍙闂墿灞曟柟娉曗€淭oListAsync鈥?鏄惁缂哄皯 using 鎸囦护鎴栫▼搴忛泦寮曠敤?) [G:\IoTPlatform\IoTPlatform.csproj]
G:\IoTPlatform\Services\DictionaryService.cs(280,37): error CS1061: 鈥淚DictionaryRepository鈥濇湭鍖呭惈鈥淎ddItemAsync鈥濈殑瀹氫箟锛屽苟涓旀壘涓嶅埌鍙帴鍙楃涓€涓€淚DictionaryRepository鈥濈被鍨嬪弬鏁扮殑鍙闂墿灞曟柟娉曗€淎ddItemAsync鈥?鏄惁缂哄皯 using 鎸囦护鎴栫▼搴忛泦寮曠敤?) [G:\IoTPlatform\IoTPlatform.csproj]
G:\IoTPlatform\Services\LogService.cs(171,36): error CS1061: 鈥淚LogRepository鈥濇湭鍖呭惈鈥淕etLoginLogsQuery鈥濈殑瀹氫箟锛屽苟涓旀壘涓嶅埌鍙帴鍙楃涓€涓€淚LogRepository鈥濈被鍨嬪弬鏁扮殑鍙闂墿灞曟柟娉曗€淕etLoginLogsQuery鈥?鏄惁缂哄皯 using 鎸囦护鎴栫▼搴忛泦寮曠敤?) [G:\IoTPlatform\IoTPlatform.csproj]
G:\IoTPlatform\Services\MonitoringService.cs(175,50): error CS1061: 鈥淚MonitoringRepository鈥濇湭鍖呭惈鈥淨uery鈥濈殑瀹氫箟锛屽苟涓旀壘涓嶅埌鍙帴鍙楃涓€涓€淚MonitoringRepository鈥濈被鍨嬪弬鏁扮殑鍙闂墿灞曟柟娉曗€淨uery鈥?鏄惁缂哄皯 using 鎸囦护鎴栫▼搴忛泦寮曠敤?) [G:\IoTPlatform\IoTPlatform.csproj]
G:\IoTPlatform\Services\MonitoringService.cs(185,49): error CS1061: 鈥淚MonitoringRepository鈥濇湭鍖呭惈鈥淨uery鈥濈殑瀹氫箟锛屽苟涓旀壘涓嶅埌鍙帴鍙楃涓€涓€淚MonitoringRepository鈥濈被鍨嬪弬鏁扮殑鍙闂墿灞曟柟娉曗€淨uery鈥?鏄惁缂哄皯 using 鎸囦护鎴栫▼搴忛泦寮曠敤?) [G:\IoTPlatform\IoTPlatform.csproj]
G:\IoTPlatform\Services\DeviceService.cs(107,39): error CS1061: 鈥淚DeviceRepository鈥濇湭鍖呭惈鈥淨uery鈥濈殑瀹氫箟锛屽苟涓旀壘涓嶅埌鍙帴鍙楃涓€涓€淚DeviceRepository鈥濈被鍨嬪弬鏁扮殑鍙闂墿灞曟柟娉曗€淨uery鈥?鏄惁缂哄皯 using 鎸囦护鎴栫▼搴忛泦寮曠敤?) [G:\IoTPlatform\IoTPlatform.csproj]
G:\IoTPlatform\Services\DictionaryService.cs(303,48): error CS1061: 鈥淚DictionaryRepository鈥濇湭鍖呭惈鈥淕etItemByIdAsync鈥濈殑瀹氫箟锛屽苟涓旀壘涓嶅埌鍙帴鍙楃涓€涓€淚DictionaryRepository鈥濈被鍨嬪弬鏁扮殑鍙闂墿灞曟柟娉曗€淕etItemByIdAsync鈥?鏄惁缂哄皯 using 鎸囦护鎴栫▼搴忛泦寮曠敤?) [G:\IoTPlatform\IoTPlatform.csproj]
G:\IoTPlatform\Services\DictionaryService.cs(321,37): error CS1061: 鈥淚DictionaryRepository鈥濇湭鍖呭惈鈥淯pdateItemAsync鈥濈殑瀹氫箟锛屽苟涓旀壘涓嶅埌鍙帴鍙楃涓€涓€淚DictionaryRepository鈥濈被鍨嬪弬鏁扮殑鍙闂墿灞曟柟娉曗€淯pdateItemAsync鈥?鏄惁缂哄皯 using 鎸囦护鎴栫▼搴忛泦寮曠敤?) [G:\IoTPlatform\IoTPlatform.csproj]
G:\IoTPlatform\Services\DictionaryService.cs(344,48): error CS1061: 鈥淚DictionaryRepository鈥濇湭鍖呭惈鈥淕etItemByIdAsync鈥濈殑瀹氫箟锛屽苟涓旀壘涓嶅埌鍙帴鍙楃涓€涓€淚DictionaryRepository鈥濈被鍨嬪弬鏁扮殑鍙闂墿灞曟柟娉曗€淕etItemByIdAsync鈥?鏄惁缂哄皯 using 鎸囦护鎴栫▼搴忛泦寮曠敤?) [G:\IoTPlatform\IoTPlatform.csproj]
G:\IoTPlatform\Services\DictionaryService.cs(356,37): error CS1061: 鈥淚DictionaryRepository鈥濇湭鍖呭惈鈥淒eleteItemAsync鈥濈殑瀹氫箟锛屽苟涓旀壘涓嶅埌鍙帴鍙楃涓€涓€淚DictionaryRepository鈥濈被鍨嬪弬鏁扮殑鍙闂墿灞曟柟娉曗€淒eleteItemAsync鈥?鏄惁缂哄皯 using 鎸囦护鎴栫▼搴忛泦寮曠敤?) [G:\IoTPlatform\IoTPlatform.csproj]
G:\IoTPlatform\Services\DeviceService.cs(340,54): error CS1061: 鈥淚DeviceRepository鈥濇湭鍖呭惈鈥淨uery鈥濈殑瀹氫箟锛屽苟涓旀壘涓嶅埌鍙帴鍙楃涓€涓€淚DeviceRepository鈥濈被鍨嬪弬鏁扮殑鍙闂墿灞曟柟娉曗€淨uery鈥?鏄惁缂哄皯 using 鎸囦护鎴栫▼搴忛泦寮曠敤?) [G:\IoTPlatform\IoTPlatform.csproj]
G:\IoTPlatform\Services\DeviceService.cs(341,50): error CS1061: 鈥淚DeviceRepository鈥濇湭鍖呭惈鈥淨uery鈥濈殑瀹氫箟锛屽苟涓旀壘涓嶅埌鍙帴鍙楃涓€涓€淚DeviceRepository鈥濈被鍨嬪弬鏁扮殑鍙闂墿灞曟柟娉曗€淨uery鈥?鏄惁缂哄皯 using 鎸囦护鎴栫▼搴忛泦寮曠敤?) [G:\IoTPlatform\IoTPlatform.csproj]
G:\IoTPlatform\Services\DeviceService.cs(342,48): error CS1061: 鈥淚DeviceRepository鈥濇湭鍖呭惈鈥淨uery鈥濈殑瀹氫箟锛屽苟涓旀壘涓嶅埌鍙帴鍙楃涓€涓€淚DeviceRepository鈥濈被鍨嬪弬鏁扮殑鍙闂墿灞曟柟娉曗€淨uery鈥?鏄惁缂哄皯 using 鎸囦护鎴栫▼搴忛泦寮曠敤?) [G:\IoTPlatform\IoTPlatform.csproj]
G:\IoTPlatform\Services\DeviceService.cs(370,39): error CS1061: 鈥淚DeviceRepository鈥濇湭鍖呭惈鈥淨uery鈥濈殑瀹氫箟锛屽苟涓旀壘涓嶅埌鍙帴鍙楃涓€涓€淚DeviceRepository鈥濈被鍨嬪弬鏁扮殑鍙闂墿灞曟柟娉曗€淨uery鈥?鏄惁缂哄皯 using 鎸囦护鎴栫▼搴忛泦寮曠敤?) [G:\IoTPlatform\IoTPlatform.csproj]
G:\IoTPlatform\Services\DeviceService.cs(415,39): error CS1061: 鈥淚DeviceRepository鈥濇湭鍖呭惈鈥淨uery鈥濈殑瀹氫箟锛屽苟涓旀壘涓嶅埌鍙帴鍙楃涓€涓€淚DeviceRepository鈥濈被鍨嬪弬鏁扮殑鍙闂墿灞曟柟娉曗€淨uery鈥?鏄惁缂哄皯 using 鎸囦护鎴栫▼搴忛泦寮曠敤?) [G:\IoTPlatform\IoTPlatform.csproj]
G:\IoTPlatform\Services\DeviceService.cs(479,49): error CS1061: 鈥淚DeviceRepository鈥濇湭鍖呭惈鈥淨uery鈥濈殑瀹氫箟锛屽苟涓旀壘涓嶅埌鍙帴鍙楃涓€涓€淚DeviceRepository鈥濈被鍨嬪弬鏁扮殑鍙闂墿灞曟柟娉曗€淨uery鈥?鏄惁缂哄皯 using 鎸囦护鎴栫▼搴忛泦寮曠敤?) [G:\IoTPlatform\IoTPlatform.csproj]
    18 涓鍛?
    202 涓敊璇?

宸茬敤鏃堕棿 00:00:04.14
