  姝ｅ湪纭畾瑕佽繕鍘熺殑椤圭洰鈥?
  鎵€鏈夐」鐩潎鏄渶鏂扮殑锛屾棤娉曡繕鍘熴€?
G:\IoTPlatform\Services\Interfaces\IAlertService.cs(21,31): error CS0246: 鏈兘鎵惧埌绫诲瀷鎴栧懡鍚嶇┖闂村悕鈥淒eviceDataRecord鈥?鏄惁缂哄皯 using 鎸囦护鎴栫▼搴忛泦寮曠敤?) [G:\IoTPlatform\IoTPlatform.csproj]
G:\IoTPlatform\Services\AlertService.cs(13,29): error CS0535: 鈥淎lertService鈥濅笉瀹炵幇鎺ュ彛鎴愬憳鈥淚AlertService.CheckAlertRulesAsync(DeviceDataRecord)鈥?[G:\IoTPlatform\IoTPlatform.csproj]
G:\IoTPlatform\Services\AlertService.cs(19,22): error CS0246: 鏈兘鎵惧埌绫诲瀷鎴栧懡鍚嶇┖闂村悕鈥淚Mapper鈥?鏄惁缂哄皯 using 鎸囦护鎴栫▼搴忛泦寮曠敤?) [G:\IoTPlatform\IoTPlatform.csproj]
G:\IoTPlatform\Services\AlertService.cs(26,9): error CS0246: 鏈兘鎵惧埌绫诲瀷鎴栧懡鍚嶇┖闂村悕鈥淚Mapper鈥?鏄惁缂哄皯 using 鎸囦护鎴栫▼搴忛泦寮曠敤?) [G:\IoTPlatform\IoTPlatform.csproj]
G:\IoTPlatform\Data\Repositories\Implementations\DataRuleRepository.cs(10,57): error CS0535: 鈥淒ataRuleRepository鈥濅笉瀹炵幇鎺ュ彛鎴愬憳鈥淚DataRuleRepository.UpdateStatusAsync(long, bool)鈥?[G:\IoTPlatform\IoTPlatform.csproj]
G:\IoTPlatform\Data\Repositories\Implementations\DataRuleRepository.cs(10,57): error CS0738: 鈥淒ataRuleRepository鈥濅笉瀹炵幇鎺ュ彛鎴愬憳鈥淚DataRuleRepository.GetDataRuleStatsAsync(string?)鈥濄€傗€淒ataRuleRepository.GetDataRuleStatsAsync(string?)鈥濇棤娉曞疄鐜扳€淚DataRuleRepository.GetDataRuleStatsAsync(string?)鈥濓紝鍥犱负瀹冩病鏈夆€淭ask<DataRuleStats>鈥濈殑鍖归厤杩斿洖绫诲瀷銆?[G:\IoTPlatform\IoTPlatform.csproj]
G:\IoTPlatform\Data\Repositories\Implementations\DataRuleRepository.cs(10,57): error CS0535: 鈥淒ataRuleRepository鈥濅笉瀹炵幇鎺ュ彛鎴愬憳鈥淚DataRuleRepository.GetApplicableRulesAsync(long, string?, string?)鈥?[G:\IoTPlatform\IoTPlatform.csproj]
G:\IoTPlatform\Services\Interfaces\IETLTaskService.cs(50,30): error CS0246: 鏈兘鎵惧埌绫诲瀷鎴栧懡鍚嶇┖闂村悕鈥淓TLTask鈥?鏄惁缂哄皯 using 鎸囦护鎴栫▼搴忛泦寮曠敤?) [G:\IoTPlatform\IoTPlatform.csproj]
G:\IoTPlatform\Data\Repositories\Implementations\DictionaryRepository.cs(10,65): error CS0535: 鈥淒ictionaryRepository鈥濅笉瀹炵幇鎺ュ彛鎴愬憳鈥淚DictionaryRepository.GetByTypeCodeAsync(string, string?)鈥?[G:\IoTPlatform\IoTPlatform.csproj]
G:\IoTPlatform\Data\Repositories\Implementations\DictionaryRepository.cs(10,65): error CS0535: 鈥淒ictionaryRepository鈥濅笉瀹炵幇鎺ュ彛鎴愬憳鈥淚DictionaryRepository.GetByTypeAndCodeAsync(string, string, string?)鈥?[G:\IoTPlatform\IoTPlatform.csproj]
G:\IoTPlatform\Data\Repositories\Implementations\DictionaryRepository.cs(10,65): error CS0535: 鈥淒ictionaryRepository鈥濅笉瀹炵幇鎺ュ彛鎴愬憳鈥淚DictionaryRepository.GetByStatusAsync(string, string?)鈥?[G:\IoTPlatform\IoTPlatform.csproj]
G:\IoTPlatform\Data\Repositories\Implementations\DictionaryRepository.cs(10,65): error CS0535: 鈥淒ictionaryRepository鈥濅笉瀹炵幇鎺ュ彛鎴愬憳鈥淚DictionaryRepository.TypeCodeExistsAsync(string, string?, long?)鈥?[G:\IoTPlatform\IoTPlatform.csproj]
G:\IoTPlatform\Data\Repositories\Implementations\DictionaryRepository.cs(10,65): error CS0535: 鈥淒ictionaryRepository鈥濅笉瀹炵幇鎺ュ彛鎴愬憳鈥淚DictionaryRepository.ItemCodeExistsAsync(string, string, string?, long?)鈥?[G:\IoTPlatform\IoTPlatform.csproj]
G:\IoTPlatform\Data\Repositories\Implementations\DictionaryRepository.cs(10,65): error CS0535: 鈥淒ictionaryRepository鈥濅笉瀹炵幇鎺ュ彛鎴愬憳鈥淚DictionaryRepository.GetActiveItemsByTypeAsync(string, string?)鈥?[G:\IoTPlatform\IoTPlatform.csproj]
G:\IoTPlatform\Data\Repositories\Implementations\DictionaryRepository.cs(10,65): error CS0535: 鈥淒ictionaryRepository鈥濅笉瀹炵幇鎺ュ彛鎴愬憳鈥淚DictionaryRepository.UpdateItemStatusAsync(long, string)鈥?[G:\IoTPlatform\IoTPlatform.csproj]
G:\IoTPlatform\Data\Repositories\Implementations\DictionaryRepository.cs(10,65): error CS0535: 鈥淒ictionaryRepository鈥濅笉瀹炵幇鎺ュ彛鎴愬憳鈥淚DictionaryRepository.UpdateTypeStatusAsync(long, bool)鈥?[G:\IoTPlatform\IoTPlatform.csproj]
G:\IoTPlatform\Data\Repositories\Implementations\DictionaryRepository.cs(10,65): error CS0738: 鈥淒ictionaryRepository鈥濅笉瀹炵幇鎺ュ彛鎴愬憳鈥淚DictionaryRepository.GetDictionaryStatsAsync(string?)鈥濄€傗€淒ictionaryRepository.GetDictionaryStatsAsync(string?)鈥濇棤娉曞疄鐜扳€淚DictionaryRepository.GetDictionaryStatsAsync(string?)鈥濓紝鍥犱负瀹冩病鏈夆€淭ask<DictionaryStats>鈥濈殑鍖归厤杩斿洖绫诲瀷銆?[G:\IoTPlatform\IoTPlatform.csproj]
G:\IoTPlatform\Services\ETLTaskService.cs(14,31): error CS0535: 鈥淓TLTaskService鈥濅笉瀹炵幇鎺ュ彛鎴愬憳鈥淚ETLTaskService.ExecuteETLTaskAsync(ETLTask)鈥?[G:\IoTPlatform\IoTPlatform.csproj]
G:\IoTPlatform\Data\Repositories\Implementations\ETLTaskRepository.cs(8,59): error CS0535: 鈥淓TLTaskRepository鈥濅笉瀹炵幇鎺ュ彛鎴愬憳鈥淚ETLTaskRepository.GetByTaskTypeAsync(string, string?)鈥?[G:\IoTPlatform\IoTPlatform.csproj]
G:\IoTPlatform\Data\Repositories\Implementations\ETLTaskRepository.cs(8,59): error CS0535: 鈥淓TLTaskRepository鈥濅笉瀹炵幇鎺ュ彛鎴愬憳鈥淚ETLTaskRepository.GetByStatusAsync(string, string?)鈥?[G:\IoTPlatform\IoTPlatform.csproj]
G:\IoTPlatform\Data\Repositories\Implementations\ETLTaskRepository.cs(8,59): error CS0535: 鈥淓TLTaskRepository鈥濅笉瀹炵幇鎺ュ彛鎴愬憳鈥淚ETLTaskRepository.GetTasksToRunAsync(string?)鈥?[G:\IoTPlatform\IoTPlatform.csproj]
G:\IoTPlatform\Data\Repositories\Implementations\ETLTaskRepository.cs(8,59): error CS0535: 鈥淓TLTaskRepository鈥濅笉瀹炵幇鎺ュ彛鎴愬憳鈥淚ETLTaskRepository.UpdateTaskStatusAsync(long, string, DateTime?, DateTime?)鈥?[G:\IoTPlatform\IoTPlatform.csproj]
G:\IoTPlatform\Data\Repositories\Implementations\ETLTaskRepository.cs(8,59): error CS0535: 鈥淓TLTaskRepository鈥濅笉瀹炵幇鎺ュ彛鎴愬憳鈥淚ETLTaskRepository.NameExistsAsync(string, string?, long?)鈥?[G:\IoTPlatform\IoTPlatform.csproj]
G:\IoTPlatform\Data\Repositories\Implementations\ETLTaskRepository.cs(8,59): error CS0535: 鈥淓TLTaskRepository鈥濅笉瀹炵幇鎺ュ彛鎴愬憳鈥淚ETLTaskRepository.GetExecutionHistoryAsync(long, int)鈥?[G:\IoTPlatform\IoTPlatform.csproj]
G:\IoTPlatform\Data\Repositories\Implementations\ETLTaskRepository.cs(8,59): error CS0535: 鈥淓TLTaskRepository鈥濅笉瀹炵幇鎺ュ彛鎴愬憳鈥淚ETLTaskRepository.RecordExecutionHistoryAsync(long, string, string?, int?)鈥?[G:\IoTPlatform\IoTPlatform.csproj]
G:\IoTPlatform\Data\Repositories\Implementations\ETLTaskRepository.cs(8,59): error CS0535: 鈥淓TLTaskRepository鈥濅笉瀹炵幇鎺ュ彛鎴愬憳鈥淚ETLTaskRepository.GetETLTaskStatsAsync(string?)鈥?[G:\IoTPlatform\IoTPlatform.csproj]
G:\IoTPlatform\Data\Repositories\Implementations\SystemSettingRepository.cs(19,43): warning CS8767: 鈥淭ask<SystemSetting?> SystemSettingRepository.GetByKeyAsync(string settingKey, string appCode)鈥濈殑鍙傛暟鈥渁ppCode鈥濈被鍨嬩腑寮曠敤绫诲瀷鐨勪负 Null 鎬т笌闅愬紡瀹炵幇鐨勬垚鍛樷€淭ask<SystemSetting?> ISystemSettingRepository.GetByKeyAsync(string key, string? appCode = null)鈥濅笉鍖归厤(鍙兘鏄敱浜庝负 Null 鎬х壒鎬?銆?[G:\IoTPlatform\IoTPlatform.csproj]
G:\IoTPlatform\Data\Repositories\Implementations\SystemSettingRepository.cs(8,71): error CS0535: 鈥淪ystemSettingRepository鈥濅笉瀹炵幇鎺ュ彛鎴愬憳鈥淚SystemSettingRepository.GetByCategoryAsync(string, string?)鈥?[G:\IoTPlatform\IoTPlatform.csproj]
G:\IoTPlatform\Data\Repositories\Implementations\SystemSettingRepository.cs(8,71): error CS0535: 鈥淪ystemSettingRepository鈥濅笉瀹炵幇鎺ュ彛鎴愬憳鈥淚SystemSettingRepository.KeyExistsAsync(string, string?, long?)鈥?[G:\IoTPlatform\IoTPlatform.csproj]
G:\IoTPlatform\Data\Repositories\Implementations\SystemSettingRepository.cs(8,71): error CS0535: 鈥淪ystemSettingRepository鈥濅笉瀹炵幇鎺ュ彛鎴愬憳鈥淚SystemSettingRepository.GetOrCreateAsync(string, string?, string?, string?, string?, string?)鈥?[G:\IoTPlatform\IoTPlatform.csproj]
G:\IoTPlatform\Data\Repositories\Implementations\SystemSettingRepository.cs(8,71): error CS0535: 鈥淪ystemSettingRepository鈥濅笉瀹炵幇鎺ュ彛鎴愬憳鈥淚SystemSettingRepository.GetValueAsync<T>(string, T?, string?)鈥?[G:\IoTPlatform\IoTPlatform.csproj]
G:\IoTPlatform\Data\Repositories\Implementations\SystemSettingRepository.cs(8,71): error CS0535: 鈥淪ystemSettingRepository鈥濅笉瀹炵幇鎺ュ彛鎴愬憳鈥淚SystemSettingRepository.SetValueAsync<T>(string, T, string?, string?, string?)鈥?[G:\IoTPlatform\IoTPlatform.csproj]
G:\IoTPlatform\Data\Repositories\Implementations\SystemSettingRepository.cs(8,71): error CS0535: 鈥淪ystemSettingRepository鈥濅笉瀹炵幇鎺ュ彛鎴愬憳鈥淚SystemSettingRepository.GetValuesAsync(IEnumerable<string>, string?)鈥?[G:\IoTPlatform\IoTPlatform.csproj]
G:\IoTPlatform\Data\Repositories\Implementations\SystemSettingRepository.cs(8,71): error CS0535: 鈥淪ystemSettingRepository鈥濅笉瀹炵幇鎺ュ彛鎴愬憳鈥淚SystemSettingRepository.SetValuesAsync(Dictionary<string, string>, string?)鈥?[G:\IoTPlatform\IoTPlatform.csproj]
G:\IoTPlatform\Data\Repositories\Implementations\SystemSettingRepository.cs(8,71): error CS0535: 鈥淪ystemSettingRepository鈥濅笉瀹炵幇鎺ュ彛鎴愬憳鈥淚SystemSettingRepository.GetCategoriesAsync(string?)鈥?[G:\IoTPlatform\IoTPlatform.csproj]

鐢熸垚澶辫触銆?

G:\IoTPlatform\Data\Repositories\Implementations\SystemSettingRepository.cs(19,43): warning CS8767: 鈥淭ask<SystemSetting?> SystemSettingRepository.GetByKeyAsync(string settingKey, string appCode)鈥濈殑鍙傛暟鈥渁ppCode鈥濈被鍨嬩腑寮曠敤绫诲瀷鐨勪负 Null 鎬т笌闅愬紡瀹炵幇鐨勬垚鍛樷€淭ask<SystemSetting?> ISystemSettingRepository.GetByKeyAsync(string key, string? appCode = null)鈥濅笉鍖归厤(鍙兘鏄敱浜庝负 Null 鎬х壒鎬?銆?[G:\IoTPlatform\IoTPlatform.csproj]
G:\IoTPlatform\Services\Interfaces\IAlertService.cs(21,31): error CS0246: 鏈兘鎵惧埌绫诲瀷鎴栧懡鍚嶇┖闂村悕鈥淒eviceDataRecord鈥?鏄惁缂哄皯 using 鎸囦护鎴栫▼搴忛泦寮曠敤?) [G:\IoTPlatform\IoTPlatform.csproj]
G:\IoTPlatform\Services\AlertService.cs(13,29): error CS0535: 鈥淎lertService鈥濅笉瀹炵幇鎺ュ彛鎴愬憳鈥淚AlertService.CheckAlertRulesAsync(DeviceDataRecord)鈥?[G:\IoTPlatform\IoTPlatform.csproj]
G:\IoTPlatform\Services\AlertService.cs(19,22): error CS0246: 鏈兘鎵惧埌绫诲瀷鎴栧懡鍚嶇┖闂村悕鈥淚Mapper鈥?鏄惁缂哄皯 using 鎸囦护鎴栫▼搴忛泦寮曠敤?) [G:\IoTPlatform\IoTPlatform.csproj]
G:\IoTPlatform\Services\AlertService.cs(26,9): error CS0246: 鏈兘鎵惧埌绫诲瀷鎴栧懡鍚嶇┖闂村悕鈥淚Mapper鈥?鏄惁缂哄皯 using 鎸囦护鎴栫▼搴忛泦寮曠敤?) [G:\IoTPlatform\IoTPlatform.csproj]
G:\IoTPlatform\Data\Repositories\Implementations\DataRuleRepository.cs(10,57): error CS0535: 鈥淒ataRuleRepository鈥濅笉瀹炵幇鎺ュ彛鎴愬憳鈥淚DataRuleRepository.UpdateStatusAsync(long, bool)鈥?[G:\IoTPlatform\IoTPlatform.csproj]
G:\IoTPlatform\Data\Repositories\Implementations\DataRuleRepository.cs(10,57): error CS0738: 鈥淒ataRuleRepository鈥濅笉瀹炵幇鎺ュ彛鎴愬憳鈥淚DataRuleRepository.GetDataRuleStatsAsync(string?)鈥濄€傗€淒ataRuleRepository.GetDataRuleStatsAsync(string?)鈥濇棤娉曞疄鐜扳€淚DataRuleRepository.GetDataRuleStatsAsync(string?)鈥濓紝鍥犱负瀹冩病鏈夆€淭ask<DataRuleStats>鈥濈殑鍖归厤杩斿洖绫诲瀷銆?[G:\IoTPlatform\IoTPlatform.csproj]
G:\IoTPlatform\Data\Repositories\Implementations\DataRuleRepository.cs(10,57): error CS0535: 鈥淒ataRuleRepository鈥濅笉瀹炵幇鎺ュ彛鎴愬憳鈥淚DataRuleRepository.GetApplicableRulesAsync(long, string?, string?)鈥?[G:\IoTPlatform\IoTPlatform.csproj]
G:\IoTPlatform\Services\Interfaces\IETLTaskService.cs(50,30): error CS0246: 鏈兘鎵惧埌绫诲瀷鎴栧懡鍚嶇┖闂村悕鈥淓TLTask鈥?鏄惁缂哄皯 using 鎸囦护鎴栫▼搴忛泦寮曠敤?) [G:\IoTPlatform\IoTPlatform.csproj]
G:\IoTPlatform\Data\Repositories\Implementations\DictionaryRepository.cs(10,65): error CS0535: 鈥淒ictionaryRepository鈥濅笉瀹炵幇鎺ュ彛鎴愬憳鈥淚DictionaryRepository.GetByTypeCodeAsync(string, string?)鈥?[G:\IoTPlatform\IoTPlatform.csproj]
G:\IoTPlatform\Data\Repositories\Implementations\DictionaryRepository.cs(10,65): error CS0535: 鈥淒ictionaryRepository鈥濅笉瀹炵幇鎺ュ彛鎴愬憳鈥淚DictionaryRepository.GetByTypeAndCodeAsync(string, string, string?)鈥?[G:\IoTPlatform\IoTPlatform.csproj]
G:\IoTPlatform\Data\Repositories\Implementations\DictionaryRepository.cs(10,65): error CS0535: 鈥淒ictionaryRepository鈥濅笉瀹炵幇鎺ュ彛鎴愬憳鈥淚DictionaryRepository.GetByStatusAsync(string, string?)鈥?[G:\IoTPlatform\IoTPlatform.csproj]
G:\IoTPlatform\Data\Repositories\Implementations\DictionaryRepository.cs(10,65): error CS0535: 鈥淒ictionaryRepository鈥濅笉瀹炵幇鎺ュ彛鎴愬憳鈥淚DictionaryRepository.TypeCodeExistsAsync(string, string?, long?)鈥?[G:\IoTPlatform\IoTPlatform.csproj]
G:\IoTPlatform\Data\Repositories\Implementations\DictionaryRepository.cs(10,65): error CS0535: 鈥淒ictionaryRepository鈥濅笉瀹炵幇鎺ュ彛鎴愬憳鈥淚DictionaryRepository.ItemCodeExistsAsync(string, string, string?, long?)鈥?[G:\IoTPlatform\IoTPlatform.csproj]
G:\IoTPlatform\Data\Repositories\Implementations\DictionaryRepository.cs(10,65): error CS0535: 鈥淒ictionaryRepository鈥濅笉瀹炵幇鎺ュ彛鎴愬憳鈥淚DictionaryRepository.GetActiveItemsByTypeAsync(string, string?)鈥?[G:\IoTPlatform\IoTPlatform.csproj]
G:\IoTPlatform\Data\Repositories\Implementations\DictionaryRepository.cs(10,65): error CS0535: 鈥淒ictionaryRepository鈥濅笉瀹炵幇鎺ュ彛鎴愬憳鈥淚DictionaryRepository.UpdateItemStatusAsync(long, string)鈥?[G:\IoTPlatform\IoTPlatform.csproj]
G:\IoTPlatform\Data\Repositories\Implementations\DictionaryRepository.cs(10,65): error CS0535: 鈥淒ictionaryRepository鈥濅笉瀹炵幇鎺ュ彛鎴愬憳鈥淚DictionaryRepository.UpdateTypeStatusAsync(long, bool)鈥?[G:\IoTPlatform\IoTPlatform.csproj]
G:\IoTPlatform\Data\Repositories\Implementations\DictionaryRepository.cs(10,65): error CS0738: 鈥淒ictionaryRepository鈥濅笉瀹炵幇鎺ュ彛鎴愬憳鈥淚DictionaryRepository.GetDictionaryStatsAsync(string?)鈥濄€傗€淒ictionaryRepository.GetDictionaryStatsAsync(string?)鈥濇棤娉曞疄鐜扳€淚DictionaryRepository.GetDictionaryStatsAsync(string?)鈥濓紝鍥犱负瀹冩病鏈夆€淭ask<DictionaryStats>鈥濈殑鍖归厤杩斿洖绫诲瀷銆?[G:\IoTPlatform\IoTPlatform.csproj]
G:\IoTPlatform\Services\ETLTaskService.cs(14,31): error CS0535: 鈥淓TLTaskService鈥濅笉瀹炵幇鎺ュ彛鎴愬憳鈥淚ETLTaskService.ExecuteETLTaskAsync(ETLTask)鈥?[G:\IoTPlatform\IoTPlatform.csproj]
G:\IoTPlatform\Data\Repositories\Implementations\ETLTaskRepository.cs(8,59): error CS0535: 鈥淓TLTaskRepository鈥濅笉瀹炵幇鎺ュ彛鎴愬憳鈥淚ETLTaskRepository.GetByTaskTypeAsync(string, string?)鈥?[G:\IoTPlatform\IoTPlatform.csproj]
G:\IoTPlatform\Data\Repositories\Implementations\ETLTaskRepository.cs(8,59): error CS0535: 鈥淓TLTaskRepository鈥濅笉瀹炵幇鎺ュ彛鎴愬憳鈥淚ETLTaskRepository.GetByStatusAsync(string, string?)鈥?[G:\IoTPlatform\IoTPlatform.csproj]
G:\IoTPlatform\Data\Repositories\Implementations\ETLTaskRepository.cs(8,59): error CS0535: 鈥淓TLTaskRepository鈥濅笉瀹炵幇鎺ュ彛鎴愬憳鈥淚ETLTaskRepository.GetTasksToRunAsync(string?)鈥?[G:\IoTPlatform\IoTPlatform.csproj]
G:\IoTPlatform\Data\Repositories\Implementations\ETLTaskRepository.cs(8,59): error CS0535: 鈥淓TLTaskRepository鈥濅笉瀹炵幇鎺ュ彛鎴愬憳鈥淚ETLTaskRepository.UpdateTaskStatusAsync(long, string, DateTime?, DateTime?)鈥?[G:\IoTPlatform\IoTPlatform.csproj]
G:\IoTPlatform\Data\Repositories\Implementations\ETLTaskRepository.cs(8,59): error CS0535: 鈥淓TLTaskRepository鈥濅笉瀹炵幇鎺ュ彛鎴愬憳鈥淚ETLTaskRepository.NameExistsAsync(string, string?, long?)鈥?[G:\IoTPlatform\IoTPlatform.csproj]
G:\IoTPlatform\Data\Repositories\Implementations\ETLTaskRepository.cs(8,59): error CS0535: 鈥淓TLTaskRepository鈥濅笉瀹炵幇鎺ュ彛鎴愬憳鈥淚ETLTaskRepository.GetExecutionHistoryAsync(long, int)鈥?[G:\IoTPlatform\IoTPlatform.csproj]
G:\IoTPlatform\Data\Repositories\Implementations\ETLTaskRepository.cs(8,59): error CS0535: 鈥淓TLTaskRepository鈥濅笉瀹炵幇鎺ュ彛鎴愬憳鈥淚ETLTaskRepository.RecordExecutionHistoryAsync(long, string, string?, int?)鈥?[G:\IoTPlatform\IoTPlatform.csproj]
G:\IoTPlatform\Data\Repositories\Implementations\ETLTaskRepository.cs(8,59): error CS0535: 鈥淓TLTaskRepository鈥濅笉瀹炵幇鎺ュ彛鎴愬憳鈥淚ETLTaskRepository.GetETLTaskStatsAsync(string?)鈥?[G:\IoTPlatform\IoTPlatform.csproj]
G:\IoTPlatform\Data\Repositories\Implementations\SystemSettingRepository.cs(8,71): error CS0535: 鈥淪ystemSettingRepository鈥濅笉瀹炵幇鎺ュ彛鎴愬憳鈥淚SystemSettingRepository.GetByCategoryAsync(string, string?)鈥?[G:\IoTPlatform\IoTPlatform.csproj]
G:\IoTPlatform\Data\Repositories\Implementations\SystemSettingRepository.cs(8,71): error CS0535: 鈥淪ystemSettingRepository鈥濅笉瀹炵幇鎺ュ彛鎴愬憳鈥淚SystemSettingRepository.KeyExistsAsync(string, string?, long?)鈥?[G:\IoTPlatform\IoTPlatform.csproj]
G:\IoTPlatform\Data\Repositories\Implementations\SystemSettingRepository.cs(8,71): error CS0535: 鈥淪ystemSettingRepository鈥濅笉瀹炵幇鎺ュ彛鎴愬憳鈥淚SystemSettingRepository.GetOrCreateAsync(string, string?, string?, string?, string?, string?)鈥?[G:\IoTPlatform\IoTPlatform.csproj]
G:\IoTPlatform\Data\Repositories\Implementations\SystemSettingRepository.cs(8,71): error CS0535: 鈥淪ystemSettingRepository鈥濅笉瀹炵幇鎺ュ彛鎴愬憳鈥淚SystemSettingRepository.GetValueAsync<T>(string, T?, string?)鈥?[G:\IoTPlatform\IoTPlatform.csproj]
G:\IoTPlatform\Data\Repositories\Implementations\SystemSettingRepository.cs(8,71): error CS0535: 鈥淪ystemSettingRepository鈥濅笉瀹炵幇鎺ュ彛鎴愬憳鈥淚SystemSettingRepository.SetValueAsync<T>(string, T, string?, string?, string?)鈥?[G:\IoTPlatform\IoTPlatform.csproj]
G:\IoTPlatform\Data\Repositories\Implementations\SystemSettingRepository.cs(8,71): error CS0535: 鈥淪ystemSettingRepository鈥濅笉瀹炵幇鎺ュ彛鎴愬憳鈥淚SystemSettingRepository.GetValuesAsync(IEnumerable<string>, string?)鈥?[G:\IoTPlatform\IoTPlatform.csproj]
G:\IoTPlatform\Data\Repositories\Implementations\SystemSettingRepository.cs(8,71): error CS0535: 鈥淪ystemSettingRepository鈥濅笉瀹炵幇鎺ュ彛鎴愬憳鈥淚SystemSettingRepository.SetValuesAsync(Dictionary<string, string>, string?)鈥?[G:\IoTPlatform\IoTPlatform.csproj]
G:\IoTPlatform\Data\Repositories\Implementations\SystemSettingRepository.cs(8,71): error CS0535: 鈥淪ystemSettingRepository鈥濅笉瀹炵幇鎺ュ彛鎴愬憳鈥淚SystemSettingRepository.GetCategoriesAsync(string?)鈥?[G:\IoTPlatform\IoTPlatform.csproj]
    1 涓鍛?
    34 涓敊璇?

宸茬敤鏃堕棿 00:00:02.45
